[2022-05-16T01:48:53.446+0000][0.022s] Heap region size: 1M
[2022-05-16T01:48:53.464+0000][0.040s] Using G1
[2022-05-16T01:48:53.464+0000][0.040s] Heap address: 0x00000000e0000000, size: 512 MB, Compressed Oops mode: 32-bit
[2022-05-16T01:48:53.464+0000][0.040s] Mark closed archive regions in map: [0x00000000fff00000, 0x00000000fff6aff8]
[2022-05-16T01:48:53.464+0000][0.040s] Mark open archive regions in map: [0x00000000ffe00000, 0x00000000ffe46ff8]
[2022-05-16T01:48:54.135+0000][0.711s] GC(0) Pause Young (Normal) (G1 Evacuation Pause)
[2022-05-16T01:48:54.136+0000][0.711s] GC(0) Using 4 workers of 4 for evacuation
[2022-05-16T01:48:54.144+0000][0.720s] GC(0)   Pre Evacuate Collection Set: 0.0ms
[2022-05-16T01:48:54.144+0000][0.720s] GC(0)   Evacuate Collection Set: 7.6ms
[2022-05-16T01:48:54.144+0000][0.720s] GC(0)   Post Evacuate Collection Set: 1.0ms
[2022-05-16T01:48:54.144+0000][0.720s] GC(0)   Other: 0.3ms
[2022-05-16T01:48:54.144+0000][0.720s] GC(0) Eden regions: 25->0(304)
[2022-05-16T01:48:54.144+0000][0.720s] GC(0) Survivor regions: 0->3(4)
[2022-05-16T01:48:54.144+0000][0.720s] GC(0) Old regions: 2->2
[2022-05-16T01:48:54.144+0000][0.720s] GC(0) Humongous regions: 0->0
[2022-05-16T01:48:54.144+0000][0.720s] GC(0) Metaspace: 7002K->7002K(1056768K)
[2022-05-16T01:48:54.144+0000][0.720s] GC(0) Pause Young (Normal) (G1 Evacuation Pause) 25M->3M(512M) 8.960ms
[2022-05-16T01:48:54.144+0000][0.720s] GC(0) User=0.02s Sys=0.00s Real=0.01s
[2022-05-16T01:48:54.686+0000][1.262s] GC(1) Pause Young (Normal) (G1 Evacuation Pause)
[2022-05-16T01:48:54.686+0000][1.262s] GC(1) Using 4 workers of 4 for evacuation
[2022-05-16T01:48:54.700+0000][1.276s] GC(1)   Pre Evacuate Collection Set: 0.0ms
[2022-05-16T01:48:54.700+0000][1.276s] GC(1)   Evacuate Collection Set: 13.9ms
[2022-05-16T01:48:54.700+0000][1.276s] GC(1)   Post Evacuate Collection Set: 0.3ms
[2022-05-16T01:48:54.700+0000][1.276s] GC(1)   Other: 0.1ms
[2022-05-16T01:48:54.700+0000][1.276s] GC(1) Eden regions: 33->0(39)
[2022-05-16T01:48:54.700+0000][1.276s] GC(1) Survivor regions: 3->5(5)
[2022-05-16T01:48:54.700+0000][1.276s] GC(1) Old regions: 2->10
[2022-05-16T01:48:54.700+0000][1.276s] GC(1) Humongous regions: 4->4
[2022-05-16T01:48:54.700+0000][1.276s] GC(1) Metaspace: 14876K->14876K(1062912K)
[2022-05-16T01:48:54.700+0000][1.276s] GC(1) Pause Young (Normal) (G1 Evacuation Pause) 40M->17M(512M) 14.402ms
[2022-05-16T01:48:54.700+0000][1.276s] GC(1) User=0.04s Sys=0.01s Real=0.02s
[2022-05-16T01:48:54.958+0000][1.534s] GC(2) Pause Young (Normal) (G1 Evacuation Pause)
[2022-05-16T01:48:54.958+0000][1.534s] GC(2) Using 4 workers of 4 for evacuation
[2022-05-16T01:48:54.970+0000][1.546s] GC(2)   Pre Evacuate Collection Set: 0.0ms
[2022-05-16T01:48:54.970+0000][1.546s] GC(2)   Evacuate Collection Set: 8.2ms
[2022-05-16T01:48:54.970+0000][1.546s] GC(2)   Post Evacuate Collection Set: 3.2ms
[2022-05-16T01:48:54.970+0000][1.546s] GC(2)   Other: 0.1ms
[2022-05-16T01:48:54.970+0000][1.546s] GC(2) Eden regions: 39->0(50)
[2022-05-16T01:48:54.970+0000][1.546s] GC(2) Survivor regions: 5->5(6)
[2022-05-16T01:48:54.970+0000][1.546s] GC(2) Old regions: 10->15
[2022-05-16T01:48:54.970+0000][1.546s] GC(2) Humongous regions: 4->4
[2022-05-16T01:48:54.970+0000][1.546s] GC(2) Metaspace: 17011K->17011K(1064960K)
[2022-05-16T01:48:54.970+0000][1.546s] GC(2) Pause Young (Normal) (G1 Evacuation Pause) 56M->22M(512M) 11.588ms
[2022-05-16T01:48:54.970+0000][1.546s] GC(2) User=0.04s Sys=0.00s Real=0.01s
[2022-05-16T01:48:55.205+0000][1.781s] GC(3) Pause Young (Concurrent Start) (Metadata GC Threshold)
[2022-05-16T01:48:55.205+0000][1.781s] GC(3) Using 4 workers of 4 for evacuation
[2022-05-16T01:48:55.210+0000][1.786s] GC(3)   Pre Evacuate Collection Set: 0.0ms
[2022-05-16T01:48:55.210+0000][1.786s] GC(3)   Evacuate Collection Set: 3.8ms
[2022-05-16T01:48:55.210+0000][1.786s] GC(3)   Post Evacuate Collection Set: 0.8ms
[2022-05-16T01:48:55.210+0000][1.786s] GC(3)   Other: 0.2ms
[2022-05-16T01:48:55.210+0000][1.786s] GC(3) Eden regions: 38->0(61)
[2022-05-16T01:48:55.210+0000][1.786s] GC(3) Survivor regions: 5->2(7)
[2022-05-16T01:48:55.210+0000][1.786s] GC(3) Old regions: 15->20
[2022-05-16T01:48:55.210+0000][1.786s] GC(3) Humongous regions: 4->4
[2022-05-16T01:48:55.210+0000][1.786s] GC(3) Metaspace: 20499K->20499K(1069056K)
[2022-05-16T01:48:55.210+0000][1.786s] GC(3) Pause Young (Concurrent Start) (Metadata GC Threshold) 59M->23M(512M) 4.814ms
[2022-05-16T01:48:55.210+0000][1.786s] GC(3) User=0.02s Sys=0.00s Real=0.01s
[2022-05-16T01:48:55.210+0000][1.786s] GC(4) Concurrent Cycle
[2022-05-16T01:48:55.210+0000][1.786s] GC(4) Concurrent Clear Claimed Marks
[2022-05-16T01:48:55.210+0000][1.786s] GC(4) Concurrent Clear Claimed Marks 0.036ms
[2022-05-16T01:48:55.210+0000][1.786s] GC(4) Concurrent Scan Root Regions
[2022-05-16T01:48:55.211+0000][1.787s] GC(4) Concurrent Scan Root Regions 0.880ms
[2022-05-16T01:48:55.211+0000][1.787s] GC(4) Concurrent Mark (1.787s)
[2022-05-16T01:48:55.211+0000][1.787s] GC(4) Concurrent Mark From Roots
[2022-05-16T01:48:55.211+0000][1.787s] GC(4) Using 1 workers of 1 for marking
[2022-05-16T01:48:55.241+0000][1.817s] GC(4) Concurrent Mark From Roots 30.156ms
[2022-05-16T01:48:55.241+0000][1.817s] GC(4) Concurrent Preclean
[2022-05-16T01:48:55.241+0000][1.817s] GC(4) Concurrent Preclean 0.098ms
[2022-05-16T01:48:55.241+0000][1.817s] GC(4) Concurrent Mark (1.787s, 1.817s) 30.312ms
[2022-05-16T01:48:55.242+0000][1.817s] GC(4) Pause Remark
[2022-05-16T01:48:55.246+0000][1.821s] GC(4) Cleaned string and symbol table, strings: 9773 processed, 23 removed, symbols: 62614 processed, 34 removed
[2022-05-16T01:48:55.246+0000][1.822s] GC(4) Pause Remark 28M->28M(512M) 4.220ms
[2022-05-16T01:48:55.246+0000][1.822s] GC(4) User=0.01s Sys=0.00s Real=0.00s
[2022-05-16T01:48:55.246+0000][1.822s] GC(4) Concurrent Rebuild Remembered Sets
[2022-05-16T01:48:55.264+0000][1.840s] GC(4) Concurrent Rebuild Remembered Sets 18.042ms
[2022-05-16T01:48:55.264+0000][1.840s] GC(4) Pause Cleanup
[2022-05-16T01:48:55.264+0000][1.840s] GC(4) Pause Cleanup 31M->31M(512M) 0.089ms
[2022-05-16T01:48:55.264+0000][1.840s] GC(4) User=0.00s Sys=0.00s Real=0.00s
[2022-05-16T01:48:55.264+0000][1.840s] GC(4) Concurrent Cleanup for Next Mark
[2022-05-16T01:48:55.265+0000][1.840s] GC(4) Concurrent Cleanup for Next Mark 0.506ms
[2022-05-16T01:48:55.265+0000][1.841s] GC(4) Concurrent Cycle 54.494ms
[2022-05-16T01:48:55.864+0000][2.440s] GC(5) Pause Young (Concurrent Start) (G1 Evacuation Pause)
[2022-05-16T01:48:55.864+0000][2.440s] GC(5) Using 4 workers of 4 for evacuation
[2022-05-16T01:48:55.869+0000][2.445s] GC(5)   Pre Evacuate Collection Set: 0.1ms
[2022-05-16T01:48:55.869+0000][2.445s] GC(5)   Evacuate Collection Set: 4.0ms
[2022-05-16T01:48:55.869+0000][2.445s] GC(5)   Post Evacuate Collection Set: 0.2ms
[2022-05-16T01:48:55.869+0000][2.445s] GC(5)   Other: 0.2ms
[2022-05-16T01:48:55.869+0000][2.445s] GC(5) Eden regions: 61->0(305)
[2022-05-16T01:48:55.869+0000][2.445s] GC(5) Survivor regions: 2->2(8)
[2022-05-16T01:48:55.869+0000][2.445s] GC(5) Old regions: 20->20
[2022-05-16T01:48:55.869+0000][2.445s] GC(5) Humongous regions: 4->4
[2022-05-16T01:48:55.869+0000][2.445s] GC(5) Metaspace: 26303K->26303K(1073152K)
[2022-05-16T01:48:55.869+0000][2.445s] GC(5) Pause Young (Concurrent Start) (G1 Evacuation Pause) 84M->24M(512M) 4.554ms
[2022-05-16T01:48:55.869+0000][2.445s] GC(5) User=0.01s Sys=0.00s Real=0.00s
[2022-05-16T01:48:55.869+0000][2.445s] GC(6) Concurrent Cycle
[2022-05-16T01:48:55.869+0000][2.445s] GC(6) Concurrent Clear Claimed Marks
[2022-05-16T01:48:55.869+0000][2.445s] GC(6) Concurrent Clear Claimed Marks 0.046ms
[2022-05-16T01:48:55.869+0000][2.445s] GC(6) Concurrent Scan Root Regions
[2022-05-16T01:48:55.871+0000][2.447s] GC(6) Concurrent Scan Root Regions 1.583ms
[2022-05-16T01:48:55.871+0000][2.447s] GC(6) Concurrent Mark (2.447s)
[2022-05-16T01:48:55.871+0000][2.447s] GC(6) Concurrent Mark From Roots
[2022-05-16T01:48:55.871+0000][2.447s] GC(6) Using 1 workers of 1 for marking
[2022-05-16T01:48:55.901+0000][2.476s] GC(6) Concurrent Mark From Roots 29.800ms
[2022-05-16T01:48:55.901+0000][2.476s] GC(6) Concurrent Preclean
[2022-05-16T01:48:55.901+0000][2.477s] GC(6) Concurrent Preclean 0.125ms
[2022-05-16T01:48:55.901+0000][2.477s] GC(6) Concurrent Mark (2.447s, 2.477s) 29.985ms
[2022-05-16T01:48:55.901+0000][2.477s] GC(6) Pause Remark
[2022-05-16T01:48:55.906+0000][2.482s] GC(6) Cleaned string and symbol table, strings: 11416 processed, 2 removed, symbols: 76732 processed, 39 removed
[2022-05-16T01:48:55.906+0000][2.482s] GC(6) Pause Remark 26M->26M(512M) 5.027ms
[2022-05-16T01:48:55.906+0000][2.482s] GC(6) User=0.02s Sys=0.00s Real=0.00s
[2022-05-16T01:48:55.906+0000][2.482s] GC(6) Concurrent Rebuild Remembered Sets
[2022-05-16T01:48:55.931+0000][2.506s] GC(6) Concurrent Rebuild Remembered Sets 24.677ms
[2022-05-16T01:48:55.931+0000][2.507s] GC(6) Pause Cleanup
[2022-05-16T01:48:55.931+0000][2.507s] GC(6) Pause Cleanup 27M->27M(512M) 0.095ms
[2022-05-16T01:48:55.931+0000][2.507s] GC(6) User=0.00s Sys=0.00s Real=0.00s
[2022-05-16T01:48:55.931+0000][2.507s] GC(6) Concurrent Cleanup for Next Mark
[2022-05-16T01:48:55.931+0000][2.507s] GC(6) Concurrent Cleanup for Next Mark 0.524ms
[2022-05-16T01:48:55.931+0000][2.507s] GC(6) Concurrent Cycle 62.344ms
[2022-05-16T01:50:11.092+0000][77.668s] GC(7) Pause Young (Concurrent Start) (Metadata GC Threshold)
[2022-05-16T01:50:11.092+0000][77.668s] GC(7) Using 4 workers of 4 for evacuation
[2022-05-16T01:50:11.146+0000][77.722s] GC(7)   Pre Evacuate Collection Set: 0.1ms
[2022-05-16T01:50:11.146+0000][77.722s] GC(7)   Evacuate Collection Set: 45.4ms
[2022-05-16T01:50:11.146+0000][77.722s] GC(7)   Post Evacuate Collection Set: 8.6ms
[2022-05-16T01:50:11.146+0000][77.722s] GC(7)   Other: 0.3ms
[2022-05-16T01:50:11.146+0000][77.722s] GC(7) Eden regions: 247->0(263)
[2022-05-16T01:50:11.146+0000][77.722s] GC(7) Survivor regions: 2->15(39)
[2022-05-16T01:50:11.146+0000][77.722s] GC(7) Old regions: 20->20
[2022-05-16T01:50:11.146+0000][77.722s] GC(7) Humongous regions: 4->4
[2022-05-16T01:50:11.146+0000][77.722s] GC(7) Metaspace: 44646K->44646K(1089536K)
[2022-05-16T01:50:11.146+0000][77.722s] GC(7) Pause Young (Concurrent Start) (Metadata GC Threshold) 270M->37M(512M) 54.525ms
[2022-05-16T01:50:11.146+0000][77.722s] GC(7) User=0.06s Sys=0.00s Real=0.05s
[2022-05-16T01:50:11.146+0000][77.722s] GC(8) Concurrent Cycle
[2022-05-16T01:50:11.146+0000][77.722s] GC(8) Concurrent Clear Claimed Marks
[2022-05-16T01:50:11.147+0000][77.722s] GC(8) Concurrent Clear Claimed Marks 0.117ms
[2022-05-16T01:50:11.147+0000][77.722s] GC(8) Concurrent Scan Root Regions
[2022-05-16T01:50:11.156+0000][77.732s] GC(8) Concurrent Scan Root Regions 9.226ms
[2022-05-16T01:50:11.156+0000][77.732s] GC(8) Concurrent Mark (77.732s)
[2022-05-16T01:50:11.156+0000][77.732s] GC(8) Concurrent Mark From Roots
[2022-05-16T01:50:11.156+0000][77.732s] GC(8) Using 1 workers of 1 for marking
[2022-05-16T01:50:11.228+0000][77.804s] GC(8) Concurrent Mark From Roots 72.082ms
[2022-05-16T01:50:11.228+0000][77.804s] GC(8) Concurrent Preclean
[2022-05-16T01:50:11.228+0000][77.804s] GC(8) Concurrent Preclean 0.121ms
[2022-05-16T01:50:11.228+0000][77.804s] GC(8) Concurrent Mark (77.732s, 77.804s) 72.275ms
[2022-05-16T01:50:11.229+0000][77.805s] GC(8) Pause Remark
[2022-05-16T01:50:11.239+0000][77.815s] GC(8) Cleaned string and symbol table, strings: 19516 processed, 0 removed, symbols: 117900 processed, 78 removed
[2022-05-16T01:50:11.239+0000][77.815s] GC(8) Pause Remark 41M->41M(512M) 10.532ms
[2022-05-16T01:50:11.239+0000][77.815s] GC(8) User=0.02s Sys=0.00s Real=0.02s
[2022-05-16T01:50:11.239+0000][77.815s] GC(8) Concurrent Rebuild Remembered Sets
[2022-05-16T01:50:11.281+0000][77.857s] GC(8) Concurrent Rebuild Remembered Sets 41.897ms
[2022-05-16T01:50:11.281+0000][77.857s] GC(8) Pause Cleanup
[2022-05-16T01:50:11.281+0000][77.857s] GC(8) Pause Cleanup 42M->42M(512M) 0.107ms
[2022-05-16T01:50:11.281+0000][77.857s] GC(8) User=0.00s Sys=0.00s Real=0.00s
[2022-05-16T01:50:11.282+0000][77.857s] GC(8) Concurrent Cleanup for Next Mark
[2022-05-16T01:50:11.299+0000][77.875s] GC(8) Concurrent Cleanup for Next Mark 17.468ms
[2022-05-16T01:50:11.299+0000][77.875s] GC(8) Concurrent Cycle 152.579ms
[2022-05-16T01:50:17.350+0000][83.926s] GC(9) Pause Young (Normal) (G1 Evacuation Pause)
[2022-05-16T01:50:17.350+0000][83.926s] GC(9) Using 4 workers of 4 for evacuation
[2022-05-16T01:50:17.446+0000][84.022s] GC(9)   Pre Evacuate Collection Set: 0.0ms
[2022-05-16T01:50:17.446+0000][84.022s] GC(9)   Evacuate Collection Set: 89.0ms
[2022-05-16T01:50:17.446+0000][84.022s] GC(9)   Post Evacuate Collection Set: 7.1ms
[2022-05-16T01:50:17.446+0000][84.022s] GC(9)   Other: 0.2ms
[2022-05-16T01:50:17.446+0000][84.022s] GC(9) Eden regions: 267->0(280)
[2022-05-16T01:50:17.446+0000][84.022s] GC(9) Survivor regions: 15->27(36)
[2022-05-16T01:50:17.446+0000][84.022s] GC(9) Old regions: 20->20
[2022-05-16T01:50:17.446+0000][84.022s] GC(9) Humongous regions: 5->4
[2022-05-16T01:50:17.446+0000][84.022s] GC(9) Metaspace: 55988K->55988K(1099776K)
[2022-05-16T01:50:17.446+0000][84.022s] GC(9) Pause Young (Normal) (G1 Evacuation Pause) 305M->49M(512M) 96.483ms
[2022-05-16T01:50:17.446+0000][84.022s] GC(9) User=0.08s Sys=0.02s Real=0.09s
[2022-05-16T03:51:06.777+0000][7333.353s] GC(10) Pause Young (Normal) (G1 Evacuation Pause)
[2022-05-16T03:51:06.777+0000][7333.353s] GC(10) Using 4 workers of 4 for evacuation
[2022-05-16T03:51:06.796+0000][7333.372s] GC(10)   Pre Evacuate Collection Set: 0.1ms
[2022-05-16T03:51:06.796+0000][7333.372s] GC(10)   Evacuate Collection Set: 18.5ms
[2022-05-16T03:51:06.796+0000][7333.372s] GC(10)   Post Evacuate Collection Set: 0.6ms
[2022-05-16T03:51:06.796+0000][7333.372s] GC(10)   Other: 0.2ms
[2022-05-16T03:51:06.796+0000][7333.372s] GC(10) Eden regions: 280->0(301)
[2022-05-16T03:51:06.796+0000][7333.372s] GC(10) Survivor regions: 27->6(39)
[2022-05-16T03:51:06.796+0000][7333.372s] GC(10) Old regions: 20->33
[2022-05-16T03:51:06.796+0000][7333.372s] GC(10) Humongous regions: 4->4
[2022-05-16T03:51:06.796+0000][7333.372s] GC(10) Metaspace: 58634K->58634K(1101824K)
[2022-05-16T03:51:06.796+0000][7333.372s] GC(10) Pause Young (Normal) (G1 Evacuation Pause) 329M->41M(512M) 19.415ms
[2022-05-16T03:51:06.797+0000][7333.372s] GC(10) User=0.05s Sys=0.01s Real=0.02s
[2022-05-16T03:51:06.797+0000][7333.373s] Heap
[2022-05-16T03:51:06.797+0000][7333.373s]  garbage-first heap   total 524288K, used 42643K [0x00000000e0000000, 0x0000000100000000)
[2022-05-16T03:51:06.797+0000][7333.373s]   region size 1024K, 7 young (7168K), 6 survivors (6144K)
[2022-05-16T03:51:06.797+0000][7333.373s]  Metaspace       used 58634K, capacity 60755K, committed 61084K, reserved 1101824K
[2022-05-16T03:51:06.797+0000][7333.373s]   class space    used 6976K, capacity 7862K, committed 7960K, reserved 1048576K
