[2022-05-16T03:51:34.062+0000][0.026s] Heap region size: 1M
[2022-05-16T03:51:34.075+0000][0.040s] Using G1
[2022-05-16T03:51:34.075+0000][0.040s] Heap address: 0x00000000e0000000, size: 512 MB, Compressed Oops mode: 32-bit
[2022-05-16T03:51:34.076+0000][0.040s] Mark closed archive regions in map: [0x00000000fff00000, 0x00000000fff6aff8]
[2022-05-16T03:51:34.076+0000][0.040s] Mark open archive regions in map: [0x00000000ffe00000, 0x00000000ffe46ff8]
[2022-05-16T03:51:34.840+0000][0.804s] GC(0) Pause Young (Normal) (G1 Evacuation Pause)
[2022-05-16T03:51:34.842+0000][0.806s] GC(0) Using 4 workers of 4 for evacuation
[2022-05-16T03:51:34.857+0000][0.821s] GC(0)   Pre Evacuate Collection Set: 0.0ms
[2022-05-16T03:51:34.857+0000][0.821s] GC(0)   Evacuate Collection Set: 12.7ms
[2022-05-16T03:51:34.857+0000][0.822s] GC(0)   Post Evacuate Collection Set: 2.6ms
[2022-05-16T03:51:34.857+0000][0.822s] GC(0)   Other: 2.3ms
[2022-05-16T03:51:34.857+0000][0.822s] GC(0) Eden regions: 25->0(304)
[2022-05-16T03:51:34.857+0000][0.822s] GC(0) Survivor regions: 0->3(4)
[2022-05-16T03:51:34.857+0000][0.822s] GC(0) Old regions: 2->2
[2022-05-16T03:51:34.858+0000][0.822s] GC(0) Humongous regions: 0->0
[2022-05-16T03:51:34.858+0000][0.822s] GC(0) Metaspace: 6795K->6795K(1056768K)
[2022-05-16T03:51:34.858+0000][0.822s] GC(0) Pause Young (Normal) (G1 Evacuation Pause) 25M->3M(512M) 17.824ms
[2022-05-16T03:51:34.858+0000][0.822s] GC(0) User=0.04s Sys=0.01s Real=0.01s
[2022-05-16T03:51:35.597+0000][1.561s] GC(1) Pause Young (Normal) (G1 Evacuation Pause)
[2022-05-16T03:51:35.597+0000][1.561s] GC(1) Using 4 workers of 4 for evacuation
[2022-05-16T03:51:35.615+0000][1.579s] GC(1)   Pre Evacuate Collection Set: 0.0ms
[2022-05-16T03:51:35.615+0000][1.579s] GC(1)   Evacuate Collection Set: 16.8ms
[2022-05-16T03:51:35.615+0000][1.579s] GC(1)   Post Evacuate Collection Set: 1.0ms
[2022-05-16T03:51:35.615+0000][1.579s] GC(1)   Other: 0.2ms
[2022-05-16T03:51:35.615+0000][1.579s] GC(1) Eden regions: 30->0(35)
[2022-05-16T03:51:35.615+0000][1.579s] GC(1) Survivor regions: 3->5(5)
[2022-05-16T03:51:35.615+0000][1.579s] GC(1) Old regions: 2->9
[2022-05-16T03:51:35.615+0000][1.579s] GC(1) Humongous regions: 4->4
[2022-05-16T03:51:35.615+0000][1.579s] GC(1) Metaspace: 14337K->14337K(1062912K)
[2022-05-16T03:51:35.615+0000][1.579s] GC(1) Pause Young (Normal) (G1 Evacuation Pause) 37M->16M(512M) 18.082ms
[2022-05-16T03:51:35.615+0000][1.579s] GC(1) User=0.06s Sys=0.01s Real=0.02s
[2022-05-16T03:51:35.975+0000][1.939s] GC(2) Pause Young (Normal) (G1 Evacuation Pause)
[2022-05-16T03:51:35.975+0000][1.939s] GC(2) Using 4 workers of 4 for evacuation
[2022-05-16T03:51:35.992+0000][1.956s] GC(2)   Pre Evacuate Collection Set: 0.0ms
[2022-05-16T03:51:35.992+0000][1.956s] GC(2)   Evacuate Collection Set: 11.1ms
[2022-05-16T03:51:35.992+0000][1.956s] GC(2)   Post Evacuate Collection Set: 6.5ms
[2022-05-16T03:51:35.992+0000][1.956s] GC(2)   Other: 0.2ms
[2022-05-16T03:51:35.992+0000][1.956s] GC(2) Eden regions: 33->0(46)
[2022-05-16T03:51:35.992+0000][1.956s] GC(2) Survivor regions: 5->4(5)
[2022-05-16T03:51:35.992+0000][1.956s] GC(2) Old regions: 9->14
[2022-05-16T03:51:35.992+0000][1.956s] GC(2) Humongous regions: 4->4
[2022-05-16T03:51:35.992+0000][1.957s] GC(2) Metaspace: 16984K->16984K(1064960K)
[2022-05-16T03:51:35.992+0000][1.957s] GC(2) Pause Young (Normal) (G1 Evacuation Pause) 49M->19M(512M) 17.930ms
[2022-05-16T03:51:35.992+0000][1.957s] GC(2) User=0.05s Sys=0.01s Real=0.02s
[2022-05-16T03:51:36.341+0000][2.305s] GC(3) Pause Young (Normal) (G1 Evacuation Pause)
[2022-05-16T03:51:36.341+0000][2.305s] GC(3) Using 4 workers of 4 for evacuation
[2022-05-16T03:51:36.351+0000][2.315s] GC(3)   Pre Evacuate Collection Set: 0.0ms
[2022-05-16T03:51:36.351+0000][2.315s] GC(3)   Evacuate Collection Set: 7.5ms
[2022-05-16T03:51:36.351+0000][2.315s] GC(3)   Post Evacuate Collection Set: 2.0ms
[2022-05-16T03:51:36.351+0000][2.315s] GC(3)   Other: 0.2ms
[2022-05-16T03:51:36.351+0000][2.315s] GC(3) Eden regions: 46->0(177)
[2022-05-16T03:51:36.351+0000][2.315s] GC(3) Survivor regions: 4->6(7)
[2022-05-16T03:51:36.351+0000][2.315s] GC(3) Old regions: 14->14
[2022-05-16T03:51:36.351+0000][2.315s] GC(3) Humongous regions: 4->4
[2022-05-16T03:51:36.351+0000][2.315s] GC(3) Metaspace: 19426K->19426K(1067008K)
[2022-05-16T03:51:36.351+0000][2.315s] GC(3) Pause Young (Normal) (G1 Evacuation Pause) 65M->22M(512M) 9.720ms
[2022-05-16T03:51:36.351+0000][2.315s] GC(3) User=0.03s Sys=0.01s Real=0.01s
[2022-05-16T03:51:36.421+0000][2.385s] GC(4) Pause Young (Concurrent Start) (Metadata GC Threshold)
[2022-05-16T03:51:36.421+0000][2.385s] GC(4) Using 4 workers of 4 for evacuation
[2022-05-16T03:51:36.426+0000][2.390s] GC(4)   Pre Evacuate Collection Set: 0.1ms
[2022-05-16T03:51:36.426+0000][2.390s] GC(4)   Evacuate Collection Set: 4.4ms
[2022-05-16T03:51:36.426+0000][2.390s] GC(4)   Post Evacuate Collection Set: 0.3ms
[2022-05-16T03:51:36.426+0000][2.390s] GC(4)   Other: 0.2ms
[2022-05-16T03:51:36.426+0000][2.390s] GC(4) Eden regions: 15->0(106)
[2022-05-16T03:51:36.426+0000][2.390s] GC(4) Survivor regions: 6->6(23)
[2022-05-16T03:51:36.426+0000][2.390s] GC(4) Old regions: 14->14
[2022-05-16T03:51:36.426+0000][2.390s] GC(4) Humongous regions: 4->4
[2022-05-16T03:51:36.426+0000][2.390s] GC(4) Metaspace: 20289K->20289K(1069056K)
[2022-05-16T03:51:36.426+0000][2.390s] GC(4) Pause Young (Concurrent Start) (Metadata GC Threshold) 36M->22M(512M) 4.947ms
[2022-05-16T03:51:36.426+0000][2.390s] GC(4) User=0.02s Sys=0.00s Real=0.00s
[2022-05-16T03:51:36.426+0000][2.390s] GC(5) Concurrent Cycle
[2022-05-16T03:51:36.426+0000][2.390s] GC(5) Concurrent Clear Claimed Marks
[2022-05-16T03:51:36.426+0000][2.390s] GC(5) Concurrent Clear Claimed Marks 0.038ms
[2022-05-16T03:51:36.426+0000][2.390s] GC(5) Concurrent Scan Root Regions
[2022-05-16T03:51:36.428+0000][2.392s] GC(5) Concurrent Scan Root Regions 2.294ms
[2022-05-16T03:51:36.428+0000][2.392s] GC(5) Concurrent Mark (2.392s)
[2022-05-16T03:51:36.428+0000][2.392s] GC(5) Concurrent Mark From Roots
[2022-05-16T03:51:36.428+0000][2.392s] GC(5) Using 1 workers of 1 for marking
[2022-05-16T03:51:36.461+0000][2.426s] GC(5) Concurrent Mark From Roots 33.006ms
[2022-05-16T03:51:36.461+0000][2.426s] GC(5) Concurrent Preclean
[2022-05-16T03:51:36.462+0000][2.426s] GC(5) Concurrent Preclean 0.100ms
[2022-05-16T03:51:36.462+0000][2.426s] GC(5) Concurrent Mark (2.392s, 2.426s) 33.171ms
[2022-05-16T03:51:36.462+0000][2.427s] GC(5) Pause Remark
[2022-05-16T03:51:36.466+0000][2.430s] GC(5) Cleaned string and symbol table, strings: 9755 processed, 23 removed, symbols: 59888 processed, 36 removed
[2022-05-16T03:51:36.467+0000][2.431s] GC(5) Pause Remark 27M->27M(512M) 4.139ms
[2022-05-16T03:51:36.467+0000][2.431s] GC(5) User=0.02s Sys=0.00s Real=0.00s
[2022-05-16T03:51:36.467+0000][2.431s] GC(5) Concurrent Rebuild Remembered Sets
[2022-05-16T03:51:36.480+0000][2.444s] GC(5) Concurrent Rebuild Remembered Sets 13.699ms
[2022-05-16T03:51:36.481+0000][2.445s] GC(5) Pause Cleanup
[2022-05-16T03:51:36.481+0000][2.445s] GC(5) Pause Cleanup 30M->30M(512M) 0.133ms
[2022-05-16T03:51:36.481+0000][2.445s] GC(5) User=0.00s Sys=0.00s Real=0.00s
[2022-05-16T03:51:36.481+0000][2.445s] GC(5) Concurrent Cleanup for Next Mark
[2022-05-16T03:51:36.481+0000][2.445s] GC(5) Concurrent Cleanup for Next Mark 0.632ms
[2022-05-16T03:51:36.481+0000][2.445s] GC(5) Concurrent Cycle 55.377ms
[2022-05-16T03:51:37.733+0000][3.697s] GC(6) Pause Young (Concurrent Start) (G1 Evacuation Pause)
[2022-05-16T03:51:37.733+0000][3.697s] GC(6) Using 4 workers of 4 for evacuation
[2022-05-16T03:51:37.748+0000][3.712s] GC(6)   Pre Evacuate Collection Set: 0.1ms
[2022-05-16T03:51:37.748+0000][3.712s] GC(6)   Evacuate Collection Set: 13.8ms
[2022-05-16T03:51:37.748+0000][3.712s] GC(6)   Post Evacuate Collection Set: 0.6ms
[2022-05-16T03:51:37.748+0000][3.712s] GC(6)   Other: 0.2ms
[2022-05-16T03:51:37.748+0000][3.712s] GC(6) Eden regions: 106->0(161)
[2022-05-16T03:51:37.748+0000][3.712s] GC(6) Survivor regions: 6->11(14)
[2022-05-16T03:51:37.748+0000][3.712s] GC(6) Old regions: 14->14
[2022-05-16T03:51:37.748+0000][3.712s] GC(6) Humongous regions: 4->4
[2022-05-16T03:51:37.748+0000][3.712s] GC(6) Metaspace: 29171K->29171K(1075200K)
[2022-05-16T03:51:37.748+0000][3.712s] GC(6) Pause Young (Concurrent Start) (G1 Evacuation Pause) 128M->27M(512M) 14.908ms
[2022-05-16T03:51:37.748+0000][3.712s] GC(6) User=0.04s Sys=0.00s Real=0.01s
[2022-05-16T03:51:37.748+0000][3.712s] GC(7) Concurrent Cycle
[2022-05-16T03:51:37.748+0000][3.712s] GC(7) Concurrent Clear Claimed Marks
[2022-05-16T03:51:37.748+0000][3.712s] GC(7) Concurrent Clear Claimed Marks 0.045ms
[2022-05-16T03:51:37.748+0000][3.712s] GC(7) Concurrent Scan Root Regions
[2022-05-16T03:51:37.757+0000][3.721s] GC(7) Concurrent Scan Root Regions 8.376ms
[2022-05-16T03:51:37.757+0000][3.721s] GC(7) Concurrent Mark (3.721s)
[2022-05-16T03:51:37.757+0000][3.721s] GC(7) Concurrent Mark From Roots
[2022-05-16T03:51:37.757+0000][3.721s] GC(7) Using 1 workers of 1 for marking
[2022-05-16T03:51:37.814+0000][3.778s] GC(7) Concurrent Mark From Roots 56.734ms
[2022-05-16T03:51:37.814+0000][3.778s] GC(7) Concurrent Preclean
[2022-05-16T03:51:37.814+0000][3.778s] GC(7) Concurrent Preclean 0.113ms
[2022-05-16T03:51:37.814+0000][3.778s] GC(7) Concurrent Mark (3.721s, 3.778s) 56.922ms
[2022-05-16T03:51:37.817+0000][3.781s] GC(7) Pause Remark
[2022-05-16T03:51:37.826+0000][3.790s] GC(7) Cleaned string and symbol table, strings: 13703 processed, 0 removed, symbols: 87747 processed, 43 removed
[2022-05-16T03:51:37.826+0000][3.790s] GC(7) Pause Remark 34M->34M(512M) 8.722ms
[2022-05-16T03:51:37.826+0000][3.790s] GC(7) User=0.02s Sys=0.00s Real=0.01s
[2022-05-16T03:51:37.826+0000][3.790s] GC(7) Concurrent Rebuild Remembered Sets
[2022-05-16T03:51:37.879+0000][3.843s] GC(7) Concurrent Rebuild Remembered Sets 52.885ms
[2022-05-16T03:51:37.886+0000][3.850s] GC(7) Pause Cleanup
[2022-05-16T03:51:37.886+0000][3.850s] GC(7) Pause Cleanup 34M->34M(512M) 0.181ms
[2022-05-16T03:51:37.886+0000][3.850s] GC(7) User=0.00s Sys=0.00s Real=0.00s
[2022-05-16T03:51:37.886+0000][3.850s] GC(7) Concurrent Cleanup for Next Mark
[2022-05-16T03:51:37.888+0000][3.852s] GC(7) Concurrent Cleanup for Next Mark 1.354ms
[2022-05-16T03:51:37.888+0000][3.852s] GC(7) Concurrent Cycle 139.260ms
[2022-05-16T03:51:39.607+0000][5.571s] GC(8) Pause Young (Normal) (G1 Evacuation Pause)
[2022-05-16T03:51:39.607+0000][5.571s] GC(8) Using 4 workers of 4 for evacuation
[2022-05-16T03:51:39.635+0000][5.599s] GC(8)   Pre Evacuate Collection Set: 0.0ms
[2022-05-16T03:51:39.635+0000][5.599s] GC(8)   Evacuate Collection Set: 26.7ms
[2022-05-16T03:51:39.635+0000][5.599s] GC(8)   Post Evacuate Collection Set: 1.4ms
[2022-05-16T03:51:39.635+0000][5.599s] GC(8)   Other: 0.2ms
[2022-05-16T03:51:39.635+0000][5.599s] GC(8) Eden regions: 168->0(206)
[2022-05-16T03:51:39.635+0000][5.599s] GC(8) Survivor regions: 11->18(23)
[2022-05-16T03:51:39.635+0000][5.599s] GC(8) Old regions: 14->14
[2022-05-16T03:51:39.635+0000][5.599s] GC(8) Humongous regions: 4->4
[2022-05-16T03:51:39.635+0000][5.599s] GC(8) Metaspace: 40007K->40007K(1085440K)
[2022-05-16T03:51:39.635+0000][5.599s] GC(8) Pause Young (Normal) (G1 Evacuation Pause) 195M->34M(512M) 28.414ms
[2022-05-16T03:51:39.635+0000][5.599s] GC(8) User=0.11s Sys=0.01s Real=0.03s
[2022-05-16T03:51:41.042+0000][7.006s] GC(9) Pause Young (Normal) (G1 Evacuation Pause)
[2022-05-16T03:51:41.042+0000][7.007s] GC(9) Using 4 workers of 4 for evacuation
[2022-05-16T03:51:41.062+0000][7.026s] GC(9)   Pre Evacuate Collection Set: 0.0ms
[2022-05-16T03:51:41.062+0000][7.026s] GC(9)   Evacuate Collection Set: 18.3ms
[2022-05-16T03:51:41.062+0000][7.026s] GC(9)   Post Evacuate Collection Set: 1.5ms
[2022-05-16T03:51:41.062+0000][7.027s] GC(9)   Other: 0.2ms
[2022-05-16T03:51:41.062+0000][7.027s] GC(9) Eden regions: 206->0(280)
[2022-05-16T03:51:41.062+0000][7.027s] GC(9) Survivor regions: 18->20(28)
[2022-05-16T03:51:41.062+0000][7.027s] GC(9) Old regions: 14->20
[2022-05-16T03:51:41.062+0000][7.027s] GC(9) Humongous regions: 5->4
[2022-05-16T03:51:41.063+0000][7.027s] GC(9) Metaspace: 47167K->47167K(1091584K)
[2022-05-16T03:51:41.063+0000][7.027s] GC(9) Pause Young (Normal) (G1 Evacuation Pause) 241M->41M(512M) 20.131ms
[2022-05-16T03:51:41.063+0000][7.027s] GC(9) User=0.07s Sys=0.01s Real=0.02s
[2022-05-16T03:51:41.415+0000][7.379s] GC(10) Pause Young (Concurrent Start) (Metadata GC Threshold)
[2022-05-16T03:51:41.415+0000][7.379s] GC(10) Using 4 workers of 4 for evacuation
[2022-05-16T03:51:41.483+0000][7.447s] GC(10)   Pre Evacuate Collection Set: 0.1ms
[2022-05-16T03:51:41.483+0000][7.447s] GC(10)   Evacuate Collection Set: 49.8ms
[2022-05-16T03:51:41.483+0000][7.447s] GC(10)   Post Evacuate Collection Set: 17.7ms
[2022-05-16T03:51:41.483+0000][7.447s] GC(10)   Other: 0.3ms
[2022-05-16T03:51:41.483+0000][7.447s] GC(10) Eden regions: 51->0(283)
[2022-05-16T03:51:41.483+0000][7.447s] GC(10) Survivor regions: 20->24(38)
[2022-05-16T03:51:41.483+0000][7.447s] GC(10) Old regions: 20->20
[2022-05-16T03:51:41.483+0000][7.447s] GC(10) Humongous regions: 4->4
[2022-05-16T03:51:41.483+0000][7.447s] GC(10) Metaspace: 49444K->49444K(1093632K)
[2022-05-16T03:51:41.483+0000][7.447s] GC(10) Pause Young (Concurrent Start) (Metadata GC Threshold) 91M->45M(512M) 68.085ms
[2022-05-16T03:51:41.483+0000][7.447s] GC(10) User=0.13s Sys=0.00s Real=0.07s
[2022-05-16T03:51:41.483+0000][7.447s] GC(11) Concurrent Cycle
[2022-05-16T03:51:41.483+0000][7.447s] GC(11) Concurrent Clear Claimed Marks
[2022-05-16T03:51:41.483+0000][7.447s] GC(11) Concurrent Clear Claimed Marks 0.124ms
[2022-05-16T03:51:41.483+0000][7.447s] GC(11) Concurrent Scan Root Regions
[2022-05-16T03:51:41.507+0000][7.471s] GC(11) Concurrent Scan Root Regions 24.020ms
[2022-05-16T03:51:41.507+0000][7.471s] GC(11) Concurrent Mark (7.471s)
[2022-05-16T03:51:41.507+0000][7.471s] GC(11) Concurrent Mark From Roots
[2022-05-16T03:51:41.507+0000][7.471s] GC(11) Using 1 workers of 1 for marking
[2022-05-16T03:51:41.599+0000][7.563s] GC(11) Concurrent Mark From Roots 91.109ms
[2022-05-16T03:51:41.599+0000][7.563s] GC(11) Concurrent Preclean
[2022-05-16T03:51:41.599+0000][7.563s] GC(11) Concurrent Preclean 0.154ms
[2022-05-16T03:51:41.599+0000][7.563s] GC(11) Concurrent Mark (7.471s, 7.563s) 91.340ms
[2022-05-16T03:51:41.601+0000][7.565s] GC(11) Pause Remark
[2022-05-16T03:51:41.614+0000][7.578s] GC(11) Cleaned string and symbol table, strings: 24266 processed, 2 removed, symbols: 138876 processed, 485 removed
[2022-05-16T03:51:41.614+0000][7.578s] GC(11) Pause Remark 55M->55M(512M) 12.375ms
[2022-05-16T03:51:41.614+0000][7.578s] GC(11) User=0.04s Sys=0.00s Real=0.01s
[2022-05-16T03:51:41.614+0000][7.578s] GC(11) Concurrent Rebuild Remembered Sets
[2022-05-16T03:51:41.668+0000][7.632s] GC(11) Concurrent Rebuild Remembered Sets 53.940ms
[2022-05-16T03:51:41.673+0000][7.637s] GC(11) Pause Cleanup
[2022-05-16T03:51:41.673+0000][7.637s] GC(11) Pause Cleanup 59M->59M(512M) 0.166ms
[2022-05-16T03:51:41.673+0000][7.637s] GC(11) User=0.00s Sys=0.00s Real=0.00s
[2022-05-16T03:51:41.673+0000][7.637s] GC(11) Concurrent Cleanup for Next Mark
[2022-05-16T03:51:41.674+0000][7.638s] GC(11) Concurrent Cleanup for Next Mark 0.584ms
[2022-05-16T03:51:41.674+0000][7.638s] GC(11) Concurrent Cycle 190.802ms
[2022-05-16T03:53:07.275+0000][93.239s] GC(12) Pause Young (Concurrent Start) (G1 Evacuation Pause)
[2022-05-16T03:53:07.275+0000][93.239s] GC(12) Using 4 workers of 4 for evacuation
[2022-05-16T03:53:07.423+0000][93.387s] GC(12)   Pre Evacuate Collection Set: 0.2ms
[2022-05-16T03:53:07.423+0000][93.387s] GC(12)   Evacuate Collection Set: 144.8ms
[2022-05-16T03:53:07.423+0000][93.387s] GC(12)   Post Evacuate Collection Set: 3.3ms
[2022-05-16T03:53:07.423+0000][93.387s] GC(12)   Other: 0.3ms
[2022-05-16T03:53:07.423+0000][93.387s] GC(12) Eden regions: 283->0(275)
[2022-05-16T03:53:07.423+0000][93.388s] GC(12) Survivor regions: 24->32(39)
[2022-05-16T03:53:07.423+0000][93.388s] GC(12) Old regions: 20->25
[2022-05-16T03:53:07.423+0000][93.388s] GC(12) Humongous regions: 4->4
[2022-05-16T03:53:07.423+0000][93.388s] GC(12) Metaspace: 58003K->58003K(1101824K)
[2022-05-16T03:53:07.424+0000][93.388s] GC(12) Pause Young (Concurrent Start) (G1 Evacuation Pause) 328M->58M(512M) 148.794ms
[2022-05-16T03:53:07.424+0000][93.388s] GC(12) User=0.14s Sys=0.01s Real=0.15s
[2022-05-16T03:53:07.424+0000][93.388s] GC(13) Concurrent Cycle
[2022-05-16T03:53:07.424+0000][93.388s] GC(13) Concurrent Clear Claimed Marks
[2022-05-16T03:53:07.424+0000][93.388s] GC(13) Concurrent Clear Claimed Marks 0.176ms
[2022-05-16T03:53:07.424+0000][93.388s] GC(13) Concurrent Scan Root Regions
[2022-05-16T03:53:07.466+0000][93.430s] GC(13) Concurrent Scan Root Regions 42.233ms
[2022-05-16T03:53:07.466+0000][93.430s] GC(13) Concurrent Mark (93.430s)
[2022-05-16T03:53:07.466+0000][93.430s] GC(13) Concurrent Mark From Roots
[2022-05-16T03:53:07.466+0000][93.430s] GC(13) Using 1 workers of 1 for marking
[2022-05-16T03:53:07.796+0000][93.760s] GC(13) Concurrent Mark From Roots 329.656ms
[2022-05-16T03:53:07.796+0000][93.760s] GC(13) Concurrent Preclean
[2022-05-16T03:53:07.796+0000][93.760s] GC(13) Concurrent Preclean 0.161ms
[2022-05-16T03:53:07.796+0000][93.760s] GC(13) Concurrent Mark (93.430s, 93.760s) 329.901ms
[2022-05-16T03:53:07.805+0000][93.769s] GC(13) Pause Remark
[2022-05-16T03:53:07.836+0000][93.800s] GC(13) Cleaned string and symbol table, strings: 27195 processed, 0 removed, symbols: 149204 processed, 35 removed
[2022-05-16T03:53:07.837+0000][93.801s] GC(13) Pause Remark 77M->77M(512M) 31.983ms
[2022-05-16T03:53:07.837+0000][93.801s] GC(13) User=0.03s Sys=0.00s Real=0.03s
[2022-05-16T03:53:07.837+0000][93.801s] GC(13) Concurrent Rebuild Remembered Sets
[2022-05-16T03:53:07.959+0000][93.923s] GC(13) Concurrent Rebuild Remembered Sets 122.035ms
[2022-05-16T03:53:07.981+0000][93.945s] GC(13) Pause Cleanup
[2022-05-16T03:53:07.981+0000][93.945s] GC(13) Pause Cleanup 87M->87M(512M) 0.177ms
[2022-05-16T03:53:07.981+0000][93.945s] GC(13) User=0.00s Sys=0.00s Real=0.00s
[2022-05-16T03:53:07.981+0000][93.945s] GC(13) Concurrent Cleanup for Next Mark
[2022-05-16T03:53:07.982+0000][93.946s] GC(13) Concurrent Cleanup for Next Mark 0.934ms
[2022-05-16T03:53:07.982+0000][93.946s] GC(13) Concurrent Cycle 558.674ms
