[2022-05-16T03:52:20.511+0000][0.026s] Heap region size: 1M
[2022-05-16T03:52:20.548+0000][0.063s] Using G1
[2022-05-16T03:52:20.548+0000][0.063s] Heap address: 0x00000000e0000000, size: 512 MB, Compressed Oops mode: 32-bit
[2022-05-16T03:52:20.549+0000][0.064s] Mark closed archive regions in map: [0x00000000fff00000, 0x00000000fff6aff8]
[2022-05-16T03:52:20.549+0000][0.064s] Mark open archive regions in map: [0x00000000ffe00000, 0x00000000ffe46ff8]
[2022-05-16T03:52:21.563+0000][1.078s] GC(0) Pause Young (Normal) (G1 Evacuation Pause)
[2022-05-16T03:52:21.564+0000][1.079s] GC(0) Using 4 workers of 4 for evacuation
[2022-05-16T03:52:21.582+0000][1.097s] GC(0)   Pre Evacuate Collection Set: 0.0ms
[2022-05-16T03:52:21.582+0000][1.097s] GC(0)   Evacuate Collection Set: 14.2ms
[2022-05-16T03:52:21.582+0000][1.097s] GC(0)   Post Evacuate Collection Set: 3.6ms
[2022-05-16T03:52:21.582+0000][1.097s] GC(0)   Other: 0.5ms
[2022-05-16T03:52:21.582+0000][1.097s] GC(0) Eden regions: 25->0(304)
[2022-05-16T03:52:21.582+0000][1.097s] GC(0) Survivor regions: 0->3(4)
[2022-05-16T03:52:21.582+0000][1.097s] GC(0) Old regions: 2->2
[2022-05-16T03:52:21.582+0000][1.097s] GC(0) Humongous regions: 0->0
[2022-05-16T03:52:21.582+0000][1.097s] GC(0) Metaspace: 6514K->6514K(1056768K)
[2022-05-16T03:52:21.582+0000][1.097s] GC(0) Pause Young (Normal) (G1 Evacuation Pause) 25M->3M(512M) 18.331ms
[2022-05-16T03:52:21.582+0000][1.097s] GC(0) User=0.05s Sys=0.00s Real=0.02s
[2022-05-16T03:52:22.093+0000][1.608s] GC(1) Pause Young (Normal) (G1 Evacuation Pause)
[2022-05-16T03:52:22.093+0000][1.608s] GC(1) Using 4 workers of 4 for evacuation
[2022-05-16T03:52:22.118+0000][1.633s] GC(1)   Pre Evacuate Collection Set: 0.0ms
[2022-05-16T03:52:22.118+0000][1.633s] GC(1)   Evacuate Collection Set: 22.8ms
[2022-05-16T03:52:22.118+0000][1.633s] GC(1)   Post Evacuate Collection Set: 2.2ms
[2022-05-16T03:52:22.118+0000][1.633s] GC(1)   Other: 0.2ms
[2022-05-16T03:52:22.118+0000][1.633s] GC(1) Eden regions: 24->0(47)
[2022-05-16T03:52:22.118+0000][1.633s] GC(1) Survivor regions: 3->4(4)
[2022-05-16T03:52:22.118+0000][1.633s] GC(1) Old regions: 2->9
[2022-05-16T03:52:22.118+0000][1.633s] GC(1) Humongous regions: 4->4
[2022-05-16T03:52:22.118+0000][1.633s] GC(1) Metaspace: 12216K->12216K(1060864K)
[2022-05-16T03:52:22.118+0000][1.633s] GC(1) Pause Young (Normal) (G1 Evacuation Pause) 31M->15M(512M) 25.339ms
[2022-05-16T03:52:22.118+0000][1.633s] GC(1) User=0.09s Sys=0.01s Real=0.03s
[2022-05-16T03:52:22.637+0000][2.152s] GC(2) Pause Young (Normal) (G1 Evacuation Pause)
[2022-05-16T03:52:22.637+0000][2.152s] GC(2) Using 4 workers of 4 for evacuation
[2022-05-16T03:52:22.655+0000][2.170s] GC(2)   Pre Evacuate Collection Set: 0.0ms
[2022-05-16T03:52:22.655+0000][2.170s] GC(2)   Evacuate Collection Set: 11.8ms
[2022-05-16T03:52:22.655+0000][2.170s] GC(2)   Post Evacuate Collection Set: 6.3ms
[2022-05-16T03:52:22.655+0000][2.170s] GC(2)   Other: 0.2ms
[2022-05-16T03:52:22.655+0000][2.170s] GC(2) Eden regions: 42->0(54)
[2022-05-16T03:52:22.655+0000][2.170s] GC(2) Survivor regions: 4->3(6)
[2022-05-16T03:52:22.655+0000][2.170s] GC(2) Old regions: 9->13
[2022-05-16T03:52:22.655+0000][2.170s] GC(2) Humongous regions: 4->4
[2022-05-16T03:52:22.655+0000][2.170s] GC(2) Metaspace: 17022K->17022K(1064960K)
[2022-05-16T03:52:22.655+0000][2.170s] GC(2) Pause Young (Normal) (G1 Evacuation Pause) 57M->18M(512M) 18.306ms
[2022-05-16T03:52:22.655+0000][2.170s] GC(2) User=0.07s Sys=0.00s Real=0.02s
[2022-05-16T03:52:22.868+0000][2.383s] GC(3) Pause Young (Normal) (G1 Evacuation Pause)
[2022-05-16T03:52:22.868+0000][2.383s] GC(3) Using 4 workers of 4 for evacuation
[2022-05-16T03:52:22.877+0000][2.392s] GC(3)   Pre Evacuate Collection Set: 0.0ms
[2022-05-16T03:52:22.877+0000][2.392s] GC(3)   Evacuate Collection Set: 7.1ms
[2022-05-16T03:52:22.877+0000][2.392s] GC(3)   Post Evacuate Collection Set: 1.3ms
[2022-05-16T03:52:22.877+0000][2.392s] GC(3)   Other: 0.2ms
[2022-05-16T03:52:22.877+0000][2.392s] GC(3) Eden regions: 54->0(72)
[2022-05-16T03:52:22.877+0000][2.392s] GC(3) Survivor regions: 3->7(8)
[2022-05-16T03:52:22.877+0000][2.392s] GC(3) Old regions: 13->13
[2022-05-16T03:52:22.877+0000][2.392s] GC(3) Humongous regions: 4->4
[2022-05-16T03:52:22.877+0000][2.392s] GC(3) Metaspace: 17895K->17895K(1064960K)
[2022-05-16T03:52:22.877+0000][2.392s] GC(3) Pause Young (Normal) (G1 Evacuation Pause) 72M->22M(512M) 8.732ms
[2022-05-16T03:52:22.877+0000][2.392s] GC(3) User=0.03s Sys=0.01s Real=0.01s
[2022-05-16T03:52:23.220+0000][2.735s] GC(4) Pause Young (Concurrent Start) (Metadata GC Threshold)
[2022-05-16T03:52:23.220+0000][2.735s] GC(4) Using 4 workers of 4 for evacuation
[2022-05-16T03:52:23.229+0000][2.744s] GC(4)   Pre Evacuate Collection Set: 0.1ms
[2022-05-16T03:52:23.229+0000][2.744s] GC(4)   Evacuate Collection Set: 7.9ms
[2022-05-16T03:52:23.229+0000][2.744s] GC(4)   Post Evacuate Collection Set: 0.4ms
[2022-05-16T03:52:23.229+0000][2.744s] GC(4)   Other: 0.2ms
[2022-05-16T03:52:23.229+0000][2.744s] GC(4) Eden regions: 23->0(82)
[2022-05-16T03:52:23.229+0000][2.744s] GC(4) Survivor regions: 7->5(10)
[2022-05-16T03:52:23.229+0000][2.744s] GC(4) Old regions: 13->16
[2022-05-16T03:52:23.229+0000][2.744s] GC(4) Humongous regions: 4->4
[2022-05-16T03:52:23.229+0000][2.744s] GC(4) Metaspace: 20305K->20305K(1067008K)
[2022-05-16T03:52:23.229+0000][2.744s] GC(4) Pause Young (Concurrent Start) (Metadata GC Threshold) 45M->22M(512M) 8.659ms
[2022-05-16T03:52:23.229+0000][2.744s] GC(4) User=0.03s Sys=0.00s Real=0.00s
[2022-05-16T03:52:23.229+0000][2.744s] GC(5) Concurrent Cycle
[2022-05-16T03:52:23.229+0000][2.744s] GC(5) Concurrent Clear Claimed Marks
[2022-05-16T03:52:23.229+0000][2.744s] GC(5) Concurrent Clear Claimed Marks 0.050ms
[2022-05-16T03:52:23.229+0000][2.744s] GC(5) Concurrent Scan Root Regions
[2022-05-16T03:52:23.230+0000][2.745s] GC(5) Concurrent Scan Root Regions 1.260ms
[2022-05-16T03:52:23.230+0000][2.745s] GC(5) Concurrent Mark (2.745s)
[2022-05-16T03:52:23.230+0000][2.745s] GC(5) Concurrent Mark From Roots
[2022-05-16T03:52:23.230+0000][2.745s] GC(5) Using 1 workers of 1 for marking
[2022-05-16T03:52:23.283+0000][2.798s] GC(5) Concurrent Mark From Roots 52.577ms
[2022-05-16T03:52:23.283+0000][2.798s] GC(5) Concurrent Preclean
[2022-05-16T03:52:23.283+0000][2.798s] GC(5) Concurrent Preclean 0.110ms
[2022-05-16T03:52:23.283+0000][2.798s] GC(5) Concurrent Mark (2.745s, 2.798s) 52.754ms
[2022-05-16T03:52:23.286+0000][2.801s] GC(5) Pause Remark
[2022-05-16T03:52:23.292+0000][2.807s] GC(5) Cleaned string and symbol table, strings: 9945 processed, 15 removed, symbols: 58031 processed, 32 removed
[2022-05-16T03:52:23.292+0000][2.807s] GC(5) Pause Remark 28M->28M(512M) 5.394ms
[2022-05-16T03:52:23.292+0000][2.807s] GC(5) User=0.02s Sys=0.00s Real=0.01s
[2022-05-16T03:52:23.292+0000][2.807s] GC(5) Concurrent Rebuild Remembered Sets
[2022-05-16T03:52:23.311+0000][2.826s] GC(5) Concurrent Rebuild Remembered Sets 19.066ms
[2022-05-16T03:52:23.311+0000][2.826s] GC(5) Pause Cleanup
[2022-05-16T03:52:23.311+0000][2.826s] GC(5) Pause Cleanup 31M->31M(512M) 0.114ms
[2022-05-16T03:52:23.311+0000][2.826s] GC(5) User=0.00s Sys=0.00s Real=0.00s
[2022-05-16T03:52:23.311+0000][2.826s] GC(5) Concurrent Cleanup for Next Mark
[2022-05-16T03:52:23.312+0000][2.827s] GC(5) Concurrent Cleanup for Next Mark 0.608ms
[2022-05-16T03:52:23.312+0000][2.827s] GC(5) Concurrent Cycle 83.013ms
[2022-05-16T03:52:24.135+0000][3.650s] GC(6) Pause Young (Concurrent Start) (G1 Evacuation Pause)
[2022-05-16T03:52:24.135+0000][3.650s] GC(6) Using 4 workers of 4 for evacuation
[2022-05-16T03:52:24.142+0000][3.657s] GC(6)   Pre Evacuate Collection Set: 0.1ms
[2022-05-16T03:52:24.142+0000][3.657s] GC(6)   Evacuate Collection Set: 7.0ms
[2022-05-16T03:52:24.142+0000][3.657s] GC(6)   Post Evacuate Collection Set: 0.3ms
[2022-05-16T03:52:24.143+0000][3.657s] GC(6)   Other: 0.3ms
[2022-05-16T03:52:24.143+0000][3.657s] GC(6) Eden regions: 82->0(261)
[2022-05-16T03:52:24.143+0000][3.657s] GC(6) Survivor regions: 5->6(11)
[2022-05-16T03:52:24.143+0000][3.657s] GC(6) Old regions: 16->16
[2022-05-16T03:52:24.143+0000][3.657s] GC(6) Humongous regions: 4->4
[2022-05-16T03:52:24.143+0000][3.657s] GC(6) Metaspace: 26391K->26391K(1073152K)
[2022-05-16T03:52:24.143+0000][3.658s] GC(6) Pause Young (Concurrent Start) (G1 Evacuation Pause) 104M->23M(512M) 7.817ms
[2022-05-16T03:52:24.143+0000][3.658s] GC(6) User=0.01s Sys=0.00s Real=0.01s
[2022-05-16T03:52:24.143+0000][3.658s] GC(7) Concurrent Cycle
[2022-05-16T03:52:24.143+0000][3.658s] GC(7) Concurrent Clear Claimed Marks
[2022-05-16T03:52:24.143+0000][3.658s] GC(7) Concurrent Clear Claimed Marks 0.088ms
[2022-05-16T03:52:24.143+0000][3.658s] GC(7) Concurrent Scan Root Regions
[2022-05-16T03:52:24.144+0000][3.659s] GC(7) Concurrent Scan Root Regions 1.569ms
[2022-05-16T03:52:24.144+0000][3.659s] GC(7) Concurrent Mark (3.659s)
[2022-05-16T03:52:24.144+0000][3.659s] GC(7) Concurrent Mark From Roots
[2022-05-16T03:52:24.144+0000][3.659s] GC(7) Using 1 workers of 1 for marking
[2022-05-16T03:52:24.174+0000][3.689s] GC(7) Concurrent Mark From Roots 29.340ms
[2022-05-16T03:52:24.174+0000][3.689s] GC(7) Concurrent Preclean
[2022-05-16T03:52:24.174+0000][3.689s] GC(7) Concurrent Preclean 0.068ms
[2022-05-16T03:52:24.174+0000][3.689s] GC(7) Concurrent Mark (3.659s, 3.689s) 29.458ms
[2022-05-16T03:52:24.174+0000][3.689s] GC(7) Pause Remark
[2022-05-16T03:52:24.182+0000][3.697s] GC(7) Cleaned string and symbol table, strings: 11238 processed, 10 removed, symbols: 76563 processed, 38 removed
[2022-05-16T03:52:24.182+0000][3.697s] GC(7) Pause Remark 26M->26M(512M) 8.455ms
[2022-05-16T03:52:24.182+0000][3.697s] GC(7) User=0.01s Sys=0.01s Real=0.01s
[2022-05-16T03:52:24.182+0000][3.697s] GC(7) Concurrent Rebuild Remembered Sets
[2022-05-16T03:52:24.197+0000][3.712s] GC(7) Concurrent Rebuild Remembered Sets 14.716ms
[2022-05-16T03:52:24.197+0000][3.712s] GC(7) Pause Cleanup
[2022-05-16T03:52:24.197+0000][3.712s] GC(7) Pause Cleanup 28M->28M(512M) 0.099ms
[2022-05-16T03:52:24.197+0000][3.712s] GC(7) User=0.00s Sys=0.00s Real=0.00s
[2022-05-16T03:52:24.198+0000][3.712s] GC(7) Concurrent Cleanup for Next Mark
[2022-05-16T03:52:24.198+0000][3.713s] GC(7) Concurrent Cleanup for Next Mark 0.549ms
[2022-05-16T03:52:24.198+0000][3.713s] GC(7) Concurrent Cycle 55.491ms
[2022-05-16T03:52:26.736+0000][6.251s] GC(8) Pause Young (Normal) (G1 Evacuation Pause)
[2022-05-16T03:52:26.736+0000][6.251s] GC(8) Using 4 workers of 4 for evacuation
[2022-05-16T03:52:26.773+0000][6.288s] GC(8)   Pre Evacuate Collection Set: 0.0ms
[2022-05-16T03:52:26.773+0000][6.288s] GC(8)   Evacuate Collection Set: 31.3ms
[2022-05-16T03:52:26.773+0000][6.288s] GC(8)   Post Evacuate Collection Set: 5.9ms
[2022-05-16T03:52:26.773+0000][6.288s] GC(8)   Other: 0.4ms
[2022-05-16T03:52:26.773+0000][6.288s] GC(8) Eden regions: 283->0(292)
[2022-05-16T03:52:26.773+0000][6.288s] GC(8) Survivor regions: 6->15(37)
[2022-05-16T03:52:26.773+0000][6.288s] GC(8) Old regions: 16->16
[2022-05-16T03:52:26.773+0000][6.288s] GC(8) Humongous regions: 5->4
[2022-05-16T03:52:26.773+0000][6.288s] GC(8) Metaspace: 42906K->42906K(1087488K)
[2022-05-16T03:52:26.774+0000][6.288s] GC(8) Pause Young (Normal) (G1 Evacuation Pause) 307M->32M(512M) 37.746ms
[2022-05-16T03:52:26.774+0000][6.289s] GC(8) User=0.11s Sys=0.00s Real=0.04s
[2022-05-16T03:52:27.281+0000][6.796s] GC(9) Pause Young (Concurrent Start) (Metadata GC Threshold)
[2022-05-16T03:52:27.281+0000][6.796s] GC(9) Using 4 workers of 4 for evacuation
[2022-05-16T03:52:27.305+0000][6.820s] GC(9)   Pre Evacuate Collection Set: 0.1ms
[2022-05-16T03:52:27.305+0000][6.820s] GC(9)   Evacuate Collection Set: 21.5ms
[2022-05-16T03:52:27.305+0000][6.820s] GC(9)   Post Evacuate Collection Set: 1.8ms
[2022-05-16T03:52:27.305+0000][6.820s] GC(9)   Other: 0.2ms
[2022-05-16T03:52:27.305+0000][6.820s] GC(9) Eden regions: 57->0(219)
[2022-05-16T03:52:27.305+0000][6.820s] GC(9) Survivor regions: 15->17(39)
[2022-05-16T03:52:27.305+0000][6.820s] GC(9) Old regions: 16->16
[2022-05-16T03:52:27.305+0000][6.820s] GC(9) Humongous regions: 4->4
[2022-05-16T03:52:27.305+0000][6.820s] GC(9) Metaspace: 44583K->44583K(1089536K)
[2022-05-16T03:52:27.305+0000][6.820s] GC(9) Pause Young (Concurrent Start) (Metadata GC Threshold) 89M->35M(512M) 23.675ms
[2022-05-16T03:52:27.305+0000][6.820s] GC(9) User=0.09s Sys=0.01s Real=0.02s
[2022-05-16T03:52:27.305+0000][6.820s] GC(10) Concurrent Cycle
[2022-05-16T03:52:27.305+0000][6.820s] GC(10) Concurrent Clear Claimed Marks
[2022-05-16T03:52:27.305+0000][6.820s] GC(10) Concurrent Clear Claimed Marks 0.109ms
[2022-05-16T03:52:27.305+0000][6.820s] GC(10) Concurrent Scan Root Regions
[2022-05-16T03:52:27.317+0000][6.832s] GC(10) Concurrent Scan Root Regions 12.174ms
[2022-05-16T03:52:27.317+0000][6.832s] GC(10) Concurrent Mark (6.832s)
[2022-05-16T03:52:27.317+0000][6.832s] GC(10) Concurrent Mark From Roots
[2022-05-16T03:52:27.317+0000][6.832s] GC(10) Using 1 workers of 1 for marking
[2022-05-16T03:52:27.358+0000][6.873s] GC(10) Concurrent Mark From Roots 40.698ms
[2022-05-16T03:52:27.358+0000][6.873s] GC(10) Concurrent Preclean
[2022-05-16T03:52:27.358+0000][6.873s] GC(10) Concurrent Preclean 0.122ms
[2022-05-16T03:52:27.358+0000][6.873s] GC(10) Concurrent Mark (6.832s, 6.873s) 40.896ms
[2022-05-16T03:52:27.358+0000][6.873s] GC(10) Pause Remark
[2022-05-16T03:52:27.368+0000][6.882s] GC(10) Cleaned string and symbol table, strings: 21999 processed, 0 removed, symbols: 129512 processed, 414 removed
[2022-05-16T03:52:27.368+0000][6.883s] GC(10) Pause Remark 49M->49M(512M) 9.220ms
[2022-05-16T03:52:27.368+0000][6.883s] GC(10) User=0.03s Sys=0.00s Real=0.00s
[2022-05-16T03:52:27.368+0000][6.883s] GC(10) Concurrent Rebuild Remembered Sets
[2022-05-16T03:52:27.392+0000][6.907s] GC(10) Concurrent Rebuild Remembered Sets 24.418ms
[2022-05-16T03:52:27.392+0000][6.907s] GC(10) Pause Cleanup
[2022-05-16T03:52:27.392+0000][6.907s] GC(10) Pause Cleanup 56M->56M(512M) 0.091ms
[2022-05-16T03:52:27.392+0000][6.907s] GC(10) User=0.00s Sys=0.00s Real=0.00s
[2022-05-16T03:52:27.392+0000][6.907s] GC(10) Concurrent Cleanup for Next Mark
[2022-05-16T03:52:27.393+0000][6.908s] GC(10) Concurrent Cleanup for Next Mark 0.511ms
[2022-05-16T03:52:27.393+0000][6.908s] GC(10) Concurrent Cycle 88.006ms
[2022-05-16T03:53:06.865+0000][46.380s] GC(11) Pause Young (Concurrent Start) (G1 Evacuation Pause)
[2022-05-16T03:53:06.865+0000][46.380s] GC(11) Using 4 workers of 4 for evacuation
[2022-05-16T03:53:07.025+0000][46.540s] GC(11)   Pre Evacuate Collection Set: 0.2ms
[2022-05-16T03:53:07.025+0000][46.540s] GC(11)   Evacuate Collection Set: 155.8ms
[2022-05-16T03:53:07.025+0000][46.540s] GC(11)   Post Evacuate Collection Set: 3.8ms
[2022-05-16T03:53:07.025+0000][46.540s] GC(11)   Other: 0.3ms
[2022-05-16T03:53:07.025+0000][46.540s] GC(11) Eden regions: 237->0(254)
[2022-05-16T03:53:07.025+0000][46.540s] GC(11) Survivor regions: 17->28(32)
[2022-05-16T03:53:07.025+0000][46.540s] GC(11) Old regions: 16->19
[2022-05-16T03:53:07.025+0000][46.540s] GC(11) Humongous regions: 4->4
[2022-05-16T03:53:07.025+0000][46.540s] GC(11) Metaspace: 54287K->54287K(1097728K)
[2022-05-16T03:53:07.025+0000][46.540s] GC(11) Pause Young (Concurrent Start) (G1 Evacuation Pause) 272M->49M(512M) 160.202ms
[2022-05-16T03:53:07.025+0000][46.540s] GC(11) User=0.11s Sys=0.01s Real=0.16s
[2022-05-16T03:53:07.025+0000][46.540s] GC(12) Concurrent Cycle
[2022-05-16T03:53:07.025+0000][46.540s] GC(12) Concurrent Clear Claimed Marks
[2022-05-16T03:53:07.029+0000][46.544s] GC(12) Concurrent Clear Claimed Marks 4.344ms
[2022-05-16T03:53:07.029+0000][46.544s] GC(12) Concurrent Scan Root Regions
[2022-05-16T03:53:07.130+0000][46.645s] GC(12) Concurrent Scan Root Regions 100.612ms
[2022-05-16T03:53:07.130+0000][46.645s] GC(12) Concurrent Mark (46.645s)
[2022-05-16T03:53:07.130+0000][46.645s] GC(12) Concurrent Mark From Roots
[2022-05-16T03:53:07.130+0000][46.645s] GC(12) Using 1 workers of 1 for marking
[2022-05-16T03:53:07.225+0000][46.740s] GC(12) Concurrent Mark From Roots 95.054ms
[2022-05-16T03:53:07.225+0000][46.740s] GC(12) Concurrent Preclean
[2022-05-16T03:53:07.225+0000][46.740s] GC(12) Concurrent Preclean 0.143ms
[2022-05-16T03:53:07.225+0000][46.740s] GC(12) Concurrent Mark (46.645s, 46.740s) 95.278ms
[2022-05-16T03:53:07.226+0000][46.741s] GC(12) Pause Remark
[2022-05-16T03:53:07.238+0000][46.753s] GC(12) Cleaned string and symbol table, strings: 25377 processed, 0 removed, symbols: 142928 processed, 104 removed
[2022-05-16T03:53:07.239+0000][46.754s] GC(12) Pause Remark 59M->59M(512M) 12.559ms
[2022-05-16T03:53:07.239+0000][46.754s] GC(12) User=0.03s Sys=0.00s Real=0.02s
[2022-05-16T03:53:07.239+0000][46.754s] GC(12) Concurrent Rebuild Remembered Sets
[2022-05-16T03:53:07.310+0000][46.825s] GC(12) Concurrent Rebuild Remembered Sets 71.166ms
[2022-05-16T03:53:07.310+0000][46.825s] GC(12) Pause Cleanup
[2022-05-16T03:53:07.310+0000][46.825s] GC(12) Pause Cleanup 61M->61M(512M) 0.119ms
[2022-05-16T03:53:07.310+0000][46.825s] GC(12) User=0.00s Sys=0.00s Real=0.00s
[2022-05-16T03:53:07.310+0000][46.825s] GC(12) Concurrent Cleanup for Next Mark
[2022-05-16T03:53:07.311+0000][46.826s] GC(12) Concurrent Cleanup for Next Mark 0.650ms
[2022-05-16T03:53:07.311+0000][46.826s] GC(12) Concurrent Cycle 285.992ms
