[2022-05-16T01:49:06.858+0000][0.025s] Heap region size: 1M
[2022-05-16T01:49:06.877+0000][0.044s] Using G1
[2022-05-16T01:49:06.877+0000][0.044s] Heap address: 0x00000000e0000000, size: 512 MB, Compressed Oops mode: 32-bit
[2022-05-16T01:49:06.877+0000][0.044s] Mark closed archive regions in map: [0x00000000fff00000, 0x00000000fff6aff8]
[2022-05-16T01:49:06.877+0000][0.044s] Mark open archive regions in map: [0x00000000ffe00000, 0x00000000ffe46ff8]
[2022-05-16T01:49:07.516+0000][0.684s] GC(0) Pause Young (Normal) (G1 Evacuation Pause)
[2022-05-16T01:49:07.517+0000][0.684s] GC(0) Using 4 workers of 4 for evacuation
[2022-05-16T01:49:07.525+0000][0.692s] GC(0)   Pre Evacuate Collection Set: 0.0ms
[2022-05-16T01:49:07.525+0000][0.692s] GC(0)   Evacuate Collection Set: 7.2ms
[2022-05-16T01:49:07.525+0000][0.692s] GC(0)   Post Evacuate Collection Set: 0.8ms
[2022-05-16T01:49:07.525+0000][0.692s] GC(0)   Other: 0.3ms
[2022-05-16T01:49:07.525+0000][0.692s] GC(0) Eden regions: 25->0(304)
[2022-05-16T01:49:07.525+0000][0.692s] GC(0) Survivor regions: 0->3(4)
[2022-05-16T01:49:07.525+0000][0.692s] GC(0) Old regions: 2->2
[2022-05-16T01:49:07.525+0000][0.692s] GC(0) Humongous regions: 0->0
[2022-05-16T01:49:07.525+0000][0.692s] GC(0) Metaspace: 6937K->6937K(1056768K)
[2022-05-16T01:49:07.525+0000][0.692s] GC(0) Pause Young (Normal) (G1 Evacuation Pause) 25M->3M(512M) 8.422ms
[2022-05-16T01:49:07.525+0000][0.692s] GC(0) User=0.01s Sys=0.00s Real=0.01s
[2022-05-16T01:49:08.091+0000][1.259s] GC(1) Pause Young (Normal) (G1 Evacuation Pause)
[2022-05-16T01:49:08.091+0000][1.259s] GC(1) Using 4 workers of 4 for evacuation
[2022-05-16T01:49:08.104+0000][1.272s] GC(1)   Pre Evacuate Collection Set: 0.0ms
[2022-05-16T01:49:08.104+0000][1.272s] GC(1)   Evacuate Collection Set: 12.9ms
[2022-05-16T01:49:08.104+0000][1.272s] GC(1)   Post Evacuate Collection Set: 0.2ms
[2022-05-16T01:49:08.104+0000][1.272s] GC(1)   Other: 0.1ms
[2022-05-16T01:49:08.104+0000][1.272s] GC(1) Eden regions: 33->0(39)
[2022-05-16T01:49:08.104+0000][1.272s] GC(1) Survivor regions: 3->5(5)
[2022-05-16T01:49:08.104+0000][1.272s] GC(1) Old regions: 2->10
[2022-05-16T01:49:08.104+0000][1.272s] GC(1) Humongous regions: 4->4
[2022-05-16T01:49:08.105+0000][1.272s] GC(1) Metaspace: 14880K->14880K(1062912K)
[2022-05-16T01:49:08.105+0000][1.272s] GC(1) Pause Young (Normal) (G1 Evacuation Pause) 40M->17M(512M) 13.357ms
[2022-05-16T01:49:08.105+0000][1.272s] GC(1) User=0.05s Sys=0.00s Real=0.01s
[2022-05-16T01:49:08.392+0000][1.559s] GC(2) Pause Young (Normal) (G1 Evacuation Pause)
[2022-05-16T01:49:08.392+0000][1.559s] GC(2) Using 4 workers of 4 for evacuation
[2022-05-16T01:49:08.399+0000][1.567s] GC(2)   Pre Evacuate Collection Set: 0.0ms
[2022-05-16T01:49:08.399+0000][1.567s] GC(2)   Evacuate Collection Set: 6.3ms
[2022-05-16T01:49:08.399+0000][1.567s] GC(2)   Post Evacuate Collection Set: 0.9ms
[2022-05-16T01:49:08.399+0000][1.567s] GC(2)   Other: 0.1ms
[2022-05-16T01:49:08.399+0000][1.567s] GC(2) Eden regions: 37->0(50)
[2022-05-16T01:49:08.399+0000][1.567s] GC(2) Survivor regions: 5->5(6)
[2022-05-16T01:49:08.399+0000][1.567s] GC(2) Old regions: 10->15
[2022-05-16T01:49:08.399+0000][1.567s] GC(2) Humongous regions: 4->4
[2022-05-16T01:49:08.399+0000][1.567s] GC(2) Metaspace: 17038K->17038K(1064960K)
[2022-05-16T01:49:08.399+0000][1.567s] GC(2) Pause Young (Normal) (G1 Evacuation Pause) 54M->21M(512M) 7.399ms
[2022-05-16T01:49:08.399+0000][1.567s] GC(2) User=0.03s Sys=0.00s Real=0.01s
[2022-05-16T01:49:08.800+0000][1.967s] GC(3) Pause Young (Concurrent Start) (Metadata GC Threshold)
[2022-05-16T01:49:08.800+0000][1.967s] GC(3) Using 4 workers of 4 for evacuation
[2022-05-16T01:49:08.808+0000][1.976s] GC(3)   Pre Evacuate Collection Set: 0.0ms
[2022-05-16T01:49:08.808+0000][1.976s] GC(3)   Evacuate Collection Set: 5.9ms
[2022-05-16T01:49:08.808+0000][1.976s] GC(3)   Post Evacuate Collection Set: 2.7ms
[2022-05-16T01:49:08.808+0000][1.976s] GC(3)   Other: 0.1ms
[2022-05-16T01:49:08.808+0000][1.976s] GC(3) Eden regions: 34->0(59)
[2022-05-16T01:49:08.808+0000][1.976s] GC(3) Survivor regions: 5->2(7)
[2022-05-16T01:49:08.808+0000][1.976s] GC(3) Old regions: 15->20
[2022-05-16T01:49:08.808+0000][1.976s] GC(3) Humongous regions: 4->4
[2022-05-16T01:49:08.808+0000][1.976s] GC(3) Metaspace: 20324K->20324K(1067008K)
[2022-05-16T01:49:08.808+0000][1.976s] GC(3) Pause Young (Concurrent Start) (Metadata GC Threshold) 55M->23M(512M) 8.904ms
[2022-05-16T01:49:08.808+0000][1.976s] GC(3) User=0.03s Sys=0.00s Real=0.00s
[2022-05-16T01:49:08.808+0000][1.976s] GC(4) Concurrent Cycle
[2022-05-16T01:49:08.809+0000][1.976s] GC(4) Concurrent Clear Claimed Marks
[2022-05-16T01:49:08.809+0000][1.976s] GC(4) Concurrent Clear Claimed Marks 0.050ms
[2022-05-16T01:49:08.809+0000][1.976s] GC(4) Concurrent Scan Root Regions
[2022-05-16T01:49:08.810+0000][1.977s] GC(4) Concurrent Scan Root Regions 1.512ms
[2022-05-16T01:49:08.810+0000][1.977s] GC(4) Concurrent Mark (1.977s)
[2022-05-16T01:49:08.810+0000][1.977s] GC(4) Concurrent Mark From Roots
[2022-05-16T01:49:08.810+0000][1.977s] GC(4) Using 1 workers of 1 for marking
[2022-05-16T01:49:08.848+0000][2.015s] GC(4) Concurrent Mark From Roots 37.992ms
[2022-05-16T01:49:08.848+0000][2.016s] GC(4) Concurrent Preclean
[2022-05-16T01:49:08.848+0000][2.016s] GC(4) Concurrent Preclean 0.101ms
[2022-05-16T01:49:08.848+0000][2.016s] GC(4) Concurrent Mark (1.977s, 2.016s) 38.156ms
[2022-05-16T01:49:08.850+0000][2.017s] GC(4) Pause Remark
[2022-05-16T01:49:08.855+0000][2.023s] GC(4) Cleaned string and symbol table, strings: 9891 processed, 22 removed, symbols: 57798 processed, 32 removed
[2022-05-16T01:49:08.855+0000][2.023s] GC(4) Pause Remark 27M->27M(512M) 5.339ms
[2022-05-16T01:49:08.855+0000][2.023s] GC(4) User=0.01s Sys=0.00s Real=0.00s
[2022-05-16T01:49:08.855+0000][2.023s] GC(4) Concurrent Rebuild Remembered Sets
[2022-05-16T01:49:08.874+0000][2.042s] GC(4) Concurrent Rebuild Remembered Sets 19.004ms
[2022-05-16T01:49:08.874+0000][2.042s] GC(4) Pause Cleanup
[2022-05-16T01:49:08.875+0000][2.042s] GC(4) Pause Cleanup 33M->33M(512M) 0.094ms
[2022-05-16T01:49:08.875+0000][2.042s] GC(4) User=0.00s Sys=0.00s Real=0.00s
[2022-05-16T01:49:08.875+0000][2.042s] GC(4) Concurrent Cleanup for Next Mark
[2022-05-16T01:49:08.878+0000][2.046s] GC(4) Concurrent Cleanup for Next Mark 3.547ms
[2022-05-16T01:49:08.878+0000][2.046s] GC(4) Concurrent Cycle 69.736ms
[2022-05-16T01:49:09.436+0000][2.603s] GC(5) Pause Young (Concurrent Start) (G1 Evacuation Pause)
[2022-05-16T01:49:09.436+0000][2.603s] GC(5) Using 4 workers of 4 for evacuation
[2022-05-16T01:49:09.440+0000][2.608s] GC(5)   Pre Evacuate Collection Set: 0.1ms
[2022-05-16T01:49:09.440+0000][2.608s] GC(5)   Evacuate Collection Set: 4.4ms
[2022-05-16T01:49:09.440+0000][2.608s] GC(5)   Post Evacuate Collection Set: 0.3ms
[2022-05-16T01:49:09.440+0000][2.608s] GC(5)   Other: 0.3ms
[2022-05-16T01:49:09.440+0000][2.608s] GC(5) Eden regions: 59->0(188)
[2022-05-16T01:49:09.440+0000][2.608s] GC(5) Survivor regions: 2->2(8)
[2022-05-16T01:49:09.440+0000][2.608s] GC(5) Old regions: 20->20
[2022-05-16T01:49:09.440+0000][2.608s] GC(5) Humongous regions: 4->4
[2022-05-16T01:49:09.440+0000][2.608s] GC(5) Metaspace: 25187K->25187K(1073152K)
[2022-05-16T01:49:09.441+0000][2.608s] GC(5) Pause Young (Concurrent Start) (G1 Evacuation Pause) 82M->23M(512M) 5.073ms
[2022-05-16T01:49:09.441+0000][2.608s] GC(5) User=0.02s Sys=0.00s Real=0.01s
[2022-05-16T01:49:09.441+0000][2.608s] GC(6) Concurrent Cycle
[2022-05-16T01:49:09.441+0000][2.608s] GC(6) Concurrent Clear Claimed Marks
[2022-05-16T01:49:09.441+0000][2.608s] GC(6) Concurrent Clear Claimed Marks 0.053ms
[2022-05-16T01:49:09.441+0000][2.608s] GC(6) Concurrent Scan Root Regions
[2022-05-16T01:49:09.442+0000][2.610s] GC(6) Concurrent Scan Root Regions 1.754ms
[2022-05-16T01:49:09.442+0000][2.610s] GC(6) Concurrent Mark (2.610s)
[2022-05-16T01:49:09.442+0000][2.610s] GC(6) Concurrent Mark From Roots
[2022-05-16T01:49:09.442+0000][2.610s] GC(6) Using 1 workers of 1 for marking
[2022-05-16T01:49:09.492+0000][2.659s] GC(6) Concurrent Mark From Roots 49.184ms
[2022-05-16T01:49:09.492+0000][2.659s] GC(6) Concurrent Preclean
[2022-05-16T01:49:09.492+0000][2.659s] GC(6) Concurrent Preclean 0.092ms
[2022-05-16T01:49:09.492+0000][2.659s] GC(6) Concurrent Mark (2.610s, 2.659s) 49.332ms
[2022-05-16T01:49:09.494+0000][2.662s] GC(6) Pause Remark
[2022-05-16T01:49:09.498+0000][2.665s] GC(6) Cleaned string and symbol table, strings: 11096 processed, 3 removed, symbols: 74758 processed, 18 removed
[2022-05-16T01:49:09.498+0000][2.666s] GC(6) Pause Remark 30M->30M(512M) 3.793ms
[2022-05-16T01:49:09.498+0000][2.666s] GC(6) User=0.01s Sys=0.00s Real=0.01s
[2022-05-16T01:49:09.498+0000][2.666s] GC(6) Concurrent Rebuild Remembered Sets
[2022-05-16T01:49:09.517+0000][2.684s] GC(6) Concurrent Rebuild Remembered Sets 18.509ms
[2022-05-16T01:49:09.517+0000][2.684s] GC(6) Pause Cleanup
[2022-05-16T01:49:09.517+0000][2.684s] GC(6) Pause Cleanup 32M->32M(512M) 0.093ms
[2022-05-16T01:49:09.517+0000][2.684s] GC(6) User=0.00s Sys=0.00s Real=0.00s
[2022-05-16T01:49:09.517+0000][2.684s] GC(6) Concurrent Cleanup for Next Mark
[2022-05-16T01:49:09.518+0000][2.685s] GC(6) Concurrent Cleanup for Next Mark 0.581ms
[2022-05-16T01:49:09.518+0000][2.685s] GC(6) Concurrent Cycle 77.102ms
[2022-05-16T01:50:12.206+0000][65.373s] GC(7) Pause Young (Normal) (G1 Evacuation Pause)
[2022-05-16T01:50:12.206+0000][65.373s] GC(7) Using 4 workers of 4 for evacuation
[2022-05-16T01:50:12.250+0000][65.417s] GC(7)   Pre Evacuate Collection Set: 0.0ms
[2022-05-16T01:50:12.250+0000][65.417s] GC(7)   Evacuate Collection Set: 40.5ms
[2022-05-16T01:50:12.250+0000][65.417s] GC(7)   Post Evacuate Collection Set: 3.4ms
[2022-05-16T01:50:12.250+0000][65.417s] GC(7)   Other: 0.2ms
[2022-05-16T01:50:12.250+0000][65.417s] GC(7) Eden regions: 188->0(223)
[2022-05-16T01:50:12.250+0000][65.417s] GC(7) Survivor regions: 2->12(24)
[2022-05-16T01:50:12.250+0000][65.417s] GC(7) Old regions: 20->20
[2022-05-16T01:50:12.250+0000][65.417s] GC(7) Humongous regions: 5->4
[2022-05-16T01:50:12.250+0000][65.417s] GC(7) Metaspace: 41354K->41354K(1087488K)
[2022-05-16T01:50:12.250+0000][65.417s] GC(7) Pause Young (Normal) (G1 Evacuation Pause) 212M->33M(512M) 44.228ms
[2022-05-16T01:50:12.250+0000][65.417s] GC(7) User=0.04s Sys=0.01s Real=0.05s
[2022-05-16T01:50:13.216+0000][66.384s] GC(8) Pause Young (Concurrent Start) (Metadata GC Threshold)
[2022-05-16T01:50:13.216+0000][66.384s] GC(8) Using 4 workers of 4 for evacuation
[2022-05-16T01:50:13.254+0000][66.421s] GC(8)   Pre Evacuate Collection Set: 0.1ms
[2022-05-16T01:50:13.254+0000][66.422s] GC(8)   Evacuate Collection Set: 37.3ms
[2022-05-16T01:50:13.254+0000][66.422s] GC(8)   Post Evacuate Collection Set: 0.4ms
[2022-05-16T01:50:13.254+0000][66.422s] GC(8)   Other: 0.2ms
[2022-05-16T01:50:13.254+0000][66.422s] GC(8) Eden regions: 30->0(220)
[2022-05-16T01:50:13.254+0000][66.422s] GC(8) Survivor regions: 12->13(30)
[2022-05-16T01:50:13.254+0000][66.422s] GC(8) Old regions: 20->20
[2022-05-16T01:50:13.254+0000][66.422s] GC(8) Humongous regions: 4->4
[2022-05-16T01:50:13.254+0000][66.422s] GC(8) Metaspace: 43627K->43627K(1089536K)
[2022-05-16T01:50:13.254+0000][66.422s] GC(8) Pause Young (Concurrent Start) (Metadata GC Threshold) 63M->34M(512M) 38.058ms
[2022-05-16T01:50:13.254+0000][66.422s] GC(8) User=0.04s Sys=0.00s Real=0.04s
[2022-05-16T01:50:13.254+0000][66.422s] GC(9) Concurrent Cycle
[2022-05-16T01:50:13.254+0000][66.422s] GC(9) Concurrent Clear Claimed Marks
[2022-05-16T01:50:13.254+0000][66.422s] GC(9) Concurrent Clear Claimed Marks 0.101ms
[2022-05-16T01:50:13.255+0000][66.422s] GC(9) Concurrent Scan Root Regions
[2022-05-16T01:50:13.263+0000][66.430s] GC(9) Concurrent Scan Root Regions 8.444ms
[2022-05-16T01:50:13.263+0000][66.430s] GC(9) Concurrent Mark (66.430s)
[2022-05-16T01:50:13.263+0000][66.430s] GC(9) Concurrent Mark From Roots
[2022-05-16T01:50:13.263+0000][66.430s] GC(9) Using 1 workers of 1 for marking
[2022-05-16T01:50:13.382+0000][66.549s] GC(9) Concurrent Mark From Roots 118.883ms
[2022-05-16T01:50:13.382+0000][66.549s] GC(9) Concurrent Preclean
[2022-05-16T01:50:13.382+0000][66.549s] GC(9) Concurrent Preclean 0.098ms
[2022-05-16T01:50:13.382+0000][66.549s] GC(9) Concurrent Mark (66.430s, 66.549s) 119.045ms
[2022-05-16T01:50:13.383+0000][66.550s] GC(9) Pause Remark
[2022-05-16T01:50:13.392+0000][66.559s] GC(9) Cleaned string and symbol table, strings: 21288 processed, 0 removed, symbols: 122522 processed, 129 removed
[2022-05-16T01:50:13.392+0000][66.559s] GC(9) Pause Remark 39M->39M(512M) 8.958ms
[2022-05-16T01:50:13.392+0000][66.559s] GC(9) User=0.02s Sys=0.00s Real=0.01s
[2022-05-16T01:50:13.392+0000][66.559s] GC(9) Concurrent Rebuild Remembered Sets
[2022-05-16T01:50:13.457+0000][66.624s] GC(9) Concurrent Rebuild Remembered Sets 64.629ms
[2022-05-16T01:50:13.458+0000][66.625s] GC(9) Pause Cleanup
[2022-05-16T01:50:13.458+0000][66.625s] GC(9) Pause Cleanup 41M->41M(512M) 0.128ms
[2022-05-16T01:50:13.458+0000][66.625s] GC(9) User=0.00s Sys=0.00s Real=0.01s
[2022-05-16T01:50:13.458+0000][66.625s] GC(9) Concurrent Cleanup for Next Mark
[2022-05-16T01:50:13.472+0000][66.640s] GC(9) Concurrent Cleanup for Next Mark 14.492ms
[2022-05-16T01:50:13.472+0000][66.640s] GC(9) Concurrent Cycle 217.914ms
[2022-05-16T03:11:19.592+0000][4932.759s] GC(10) Pause Young (Concurrent Start) (G1 Evacuation Pause)
[2022-05-16T03:11:19.592+0000][4932.759s] GC(10) Using 4 workers of 4 for evacuation
[2022-05-16T03:11:19.669+0000][4932.836s] GC(10)   Pre Evacuate Collection Set: 0.4ms
[2022-05-16T03:11:19.669+0000][4932.836s] GC(10)   Evacuate Collection Set: 74.8ms
[2022-05-16T03:11:19.669+0000][4932.836s] GC(10)   Post Evacuate Collection Set: 1.4ms
[2022-05-16T03:11:19.669+0000][4932.836s] GC(10)   Other: 0.8ms
[2022-05-16T03:11:19.669+0000][4932.836s] GC(10) Eden regions: 228->0(261)
[2022-05-16T03:11:19.669+0000][4932.836s] GC(10) Survivor regions: 13->20(31)
[2022-05-16T03:11:19.669+0000][4932.837s] GC(10) Old regions: 20->20
[2022-05-16T03:11:19.669+0000][4932.837s] GC(10) Humongous regions: 4->4
[2022-05-16T03:11:19.669+0000][4932.837s] GC(10) Metaspace: 52895K->52895K(1097728K)
[2022-05-16T03:11:19.669+0000][4932.837s] GC(10) Pause Young (Concurrent Start) (G1 Evacuation Pause) 262M->41M(512M) 77.481ms
[2022-05-16T03:11:19.669+0000][4932.837s] GC(10) User=0.15s Sys=0.04s Real=0.07s
[2022-05-16T03:11:19.669+0000][4932.837s] GC(11) Concurrent Cycle
[2022-05-16T03:11:19.669+0000][4932.837s] GC(11) Concurrent Clear Claimed Marks
[2022-05-16T03:11:19.669+0000][4932.837s] GC(11) Concurrent Clear Claimed Marks 0.139ms
[2022-05-16T03:11:19.669+0000][4932.837s] GC(11) Concurrent Scan Root Regions
[2022-05-16T03:11:19.683+0000][4932.850s] GC(11) Concurrent Scan Root Regions 13.659ms
[2022-05-16T03:11:19.683+0000][4932.850s] GC(11) Concurrent Mark (4932.850s)
[2022-05-16T03:11:19.683+0000][4932.850s] GC(11) Concurrent Mark From Roots
[2022-05-16T03:11:19.683+0000][4932.850s] GC(11) Using 1 workers of 1 for marking
[2022-05-16T03:11:19.711+0000][4932.878s] GC(11) Concurrent Mark From Roots 27.537ms
[2022-05-16T03:11:19.711+0000][4932.878s] GC(11) Concurrent Preclean
[2022-05-16T03:11:19.711+0000][4932.878s] GC(11) Concurrent Preclean 0.220ms
[2022-05-16T03:11:19.711+0000][4932.878s] GC(11) Concurrent Mark (4932.850s, 4932.878s) 27.821ms
[2022-05-16T03:11:19.711+0000][4932.878s] GC(11) Pause Remark
[2022-05-16T03:11:19.725+0000][4932.892s] GC(11) Cleaned string and symbol table, strings: 24244 processed, 1062 removed, symbols: 140441 processed, 401 removed
[2022-05-16T03:11:19.725+0000][4932.893s] GC(11) Pause Remark 41M->41M(512M) 14.360ms
[2022-05-16T03:11:19.725+0000][4932.893s] GC(11) User=0.04s Sys=0.00s Real=0.01s
[2022-05-16T03:11:19.725+0000][4932.893s] GC(11) Concurrent Rebuild Remembered Sets
[2022-05-16T03:11:19.742+0000][4932.909s] GC(11) Concurrent Rebuild Remembered Sets 16.666ms
[2022-05-16T03:11:19.742+0000][4932.910s] GC(11) Pause Cleanup
[2022-05-16T03:11:19.742+0000][4932.910s] GC(11) Pause Cleanup 41M->41M(512M) 0.088ms
[2022-05-16T03:11:19.742+0000][4932.910s] GC(11) User=0.00s Sys=0.00s Real=0.00s
[2022-05-16T03:11:19.742+0000][4932.910s] GC(11) Concurrent Cleanup for Next Mark
[2022-05-16T03:11:19.743+0000][4932.910s] GC(11) Concurrent Cleanup for Next Mark 0.560ms
[2022-05-16T03:11:19.743+0000][4932.910s] GC(11) Concurrent Cycle 73.803ms
[2022-05-16T03:51:01.844+0000][7315.012s] Heap
[2022-05-16T03:51:01.845+0000][7315.012s]  garbage-first heap   total 524288K, used 71053K [0x00000000e0000000, 0x0000000100000000)
[2022-05-16T03:51:01.845+0000][7315.012s]   region size 1024K, 49 young (50176K), 20 survivors (20480K)
[2022-05-16T03:51:01.845+0000][7315.012s]  Metaspace       used 53112K, capacity 54860K, committed 55376K, reserved 1097728K
[2022-05-16T03:51:01.845+0000][7315.012s]   class space    used 6491K, capacity 7254K, committed 7424K, reserved 1048576K
