[2022-05-15T02:38:24.140+0000][0.028s] Heap region size: 1M
[2022-05-15T02:38:24.155+0000][0.043s] Using G1
[2022-05-15T02:38:24.155+0000][0.043s] Heap address: 0x00000000e0000000, size: 512 MB, Compressed Oops mode: 32-bit
[2022-05-15T02:38:24.156+0000][0.044s] Mark closed archive regions in map: [0x00000000fff00000, 0x00000000fff6aff8]
[2022-05-15T02:38:24.156+0000][0.044s] Mark open archive regions in map: [0x00000000ffe00000, 0x00000000ffe46ff8]
[2022-05-15T02:38:24.875+0000][0.763s] GC(0) Pause Young (Normal) (G1 Evacuation Pause)
[2022-05-15T02:38:24.875+0000][0.764s] GC(0) Using 4 workers of 4 for evacuation
[2022-05-15T02:38:24.886+0000][0.774s] GC(0)   Pre Evacuate Collection Set: 0.0ms
[2022-05-15T02:38:24.886+0000][0.774s] GC(0)   Evacuate Collection Set: 9.4ms
[2022-05-15T02:38:24.886+0000][0.774s] GC(0)   Post Evacuate Collection Set: 1.0ms
[2022-05-15T02:38:24.886+0000][0.774s] GC(0)   Other: 0.5ms
[2022-05-15T02:38:24.886+0000][0.774s] GC(0) Eden regions: 25->0(304)
[2022-05-15T02:38:24.886+0000][0.774s] GC(0) Survivor regions: 0->3(4)
[2022-05-15T02:38:24.886+0000][0.774s] GC(0) Old regions: 2->2
[2022-05-15T02:38:24.886+0000][0.774s] GC(0) Humongous regions: 0->0
[2022-05-15T02:38:24.886+0000][0.774s] GC(0) Metaspace: 6612K->6612K(1056768K)
[2022-05-15T02:38:24.886+0000][0.774s] GC(0) Pause Young (Normal) (G1 Evacuation Pause) 25M->3M(512M) 10.898ms
[2022-05-15T02:38:24.886+0000][0.774s] GC(0) User=0.04s Sys=0.00s Real=0.01s
[2022-05-15T02:38:25.405+0000][1.293s] GC(1) Pause Young (Normal) (G1 Evacuation Pause)
[2022-05-15T02:38:25.405+0000][1.293s] GC(1) Using 4 workers of 4 for evacuation
[2022-05-15T02:38:25.426+0000][1.314s] GC(1)   Pre Evacuate Collection Set: 0.0ms
[2022-05-15T02:38:25.426+0000][1.314s] GC(1)   Evacuate Collection Set: 21.0ms
[2022-05-15T02:38:25.426+0000][1.314s] GC(1)   Post Evacuate Collection Set: 0.3ms
[2022-05-15T02:38:25.426+0000][1.314s] GC(1)   Other: 0.1ms
[2022-05-15T02:38:25.426+0000][1.314s] GC(1) Eden regions: 25->0(49)
[2022-05-15T02:38:25.426+0000][1.314s] GC(1) Survivor regions: 3->4(4)
[2022-05-15T02:38:25.426+0000][1.314s] GC(1) Old regions: 2->10
[2022-05-15T02:38:25.426+0000][1.314s] GC(1) Humongous regions: 4->4
[2022-05-15T02:38:25.426+0000][1.314s] GC(1) Metaspace: 12543K->12543K(1060864K)
[2022-05-15T02:38:25.426+0000][1.315s] GC(1) Pause Young (Normal) (G1 Evacuation Pause) 32M->15M(512M) 21.587ms
[2022-05-15T02:38:25.426+0000][1.315s] GC(1) User=0.08s Sys=0.00s Real=0.02s
[2022-05-15T02:38:26.012+0000][1.900s] GC(2) Pause Young (Normal) (G1 Evacuation Pause)
[2022-05-15T02:38:26.012+0000][1.900s] GC(2) Using 4 workers of 4 for evacuation
[2022-05-15T02:38:26.023+0000][1.911s] GC(2)   Pre Evacuate Collection Set: 0.0ms
[2022-05-15T02:38:26.023+0000][1.911s] GC(2)   Evacuate Collection Set: 9.3ms
[2022-05-15T02:38:26.023+0000][1.911s] GC(2)   Post Evacuate Collection Set: 2.1ms
[2022-05-15T02:38:26.023+0000][1.911s] GC(2)   Other: 0.2ms
[2022-05-15T02:38:26.023+0000][1.911s] GC(2) Eden regions: 49->0(61)
[2022-05-15T02:38:26.023+0000][1.911s] GC(2) Survivor regions: 4->6(7)
[2022-05-15T02:38:26.023+0000][1.911s] GC(2) Old regions: 10->14
[2022-05-15T02:38:26.023+0000][1.911s] GC(2) Humongous regions: 4->4
[2022-05-15T02:38:26.023+0000][1.911s] GC(2) Metaspace: 17037K->17037K(1064960K)
[2022-05-15T02:38:26.023+0000][1.911s] GC(2) Pause Young (Normal) (G1 Evacuation Pause) 64M->22M(512M) 11.740ms
[2022-05-15T02:38:26.023+0000][1.911s] GC(2) User=0.03s Sys=0.00s Real=0.00s
[2022-05-15T02:38:57.664+0000][33.552s] GC(3) Pause Young (Concurrent Start) (Metadata GC Threshold)
[2022-05-15T02:38:57.664+0000][33.552s] GC(3) Using 4 workers of 4 for evacuation
[2022-05-15T02:38:57.673+0000][33.561s] GC(3)   Pre Evacuate Collection Set: 0.1ms
[2022-05-15T02:38:57.673+0000][33.561s] GC(3)   Evacuate Collection Set: 7.1ms
[2022-05-15T02:38:57.673+0000][33.561s] GC(3)   Post Evacuate Collection Set: 1.4ms
[2022-05-15T02:38:57.673+0000][33.561s] GC(3)   Other: 0.2ms
[2022-05-15T02:38:57.673+0000][33.561s] GC(3) Eden regions: 52->0(71)
[2022-05-15T02:38:57.673+0000][33.561s] GC(3) Survivor regions: 6->2(9)
[2022-05-15T02:38:57.673+0000][33.561s] GC(3) Old regions: 14->20
[2022-05-15T02:38:57.673+0000][33.561s] GC(3) Humongous regions: 4->4
[2022-05-15T02:38:57.673+0000][33.561s] GC(3) Metaspace: 20345K->20345K(1069056K)
[2022-05-15T02:38:57.673+0000][33.561s] GC(3) Pause Young (Concurrent Start) (Metadata GC Threshold) 73M->23M(512M) 8.853ms
[2022-05-15T02:38:57.673+0000][33.561s] GC(3) User=0.03s Sys=0.00s Real=0.01s
[2022-05-15T02:38:57.673+0000][33.561s] GC(4) Concurrent Cycle
[2022-05-15T02:38:57.673+0000][33.561s] GC(4) Concurrent Clear Claimed Marks
[2022-05-15T02:38:57.673+0000][33.561s] GC(4) Concurrent Clear Claimed Marks 0.066ms
[2022-05-15T02:38:57.673+0000][33.561s] GC(4) Concurrent Scan Root Regions
[2022-05-15T02:38:57.675+0000][33.563s] GC(4) Concurrent Scan Root Regions 1.916ms
[2022-05-15T02:38:57.675+0000][33.563s] GC(4) Concurrent Mark (33.563s)
[2022-05-15T02:38:57.675+0000][33.563s] GC(4) Concurrent Mark From Roots
[2022-05-15T02:38:57.675+0000][33.563s] GC(4) Using 1 workers of 1 for marking
[2022-05-15T02:38:57.707+0000][33.595s] GC(4) Concurrent Mark From Roots 31.869ms
[2022-05-15T02:38:57.707+0000][33.595s] GC(4) Concurrent Preclean
[2022-05-15T02:38:57.707+0000][33.595s] GC(4) Concurrent Preclean 0.088ms
[2022-05-15T02:38:57.707+0000][33.595s] GC(4) Concurrent Mark (33.563s, 33.595s) 32.026ms
[2022-05-15T02:38:57.707+0000][33.595s] GC(4) Pause Remark
[2022-05-15T02:38:57.710+0000][33.598s] GC(4) Cleaned string and symbol table, strings: 10012 processed, 21 removed, symbols: 56240 processed, 43 removed
[2022-05-15T02:38:57.710+0000][33.598s] GC(4) Pause Remark 25M->25M(512M) 3.439ms
[2022-05-15T02:38:57.710+0000][33.598s] GC(4) User=0.01s Sys=0.00s Real=0.00s
[2022-05-15T02:38:57.710+0000][33.599s] GC(4) Concurrent Rebuild Remembered Sets
[2022-05-15T02:38:57.724+0000][33.613s] GC(4) Concurrent Rebuild Remembered Sets 14.019ms
[2022-05-15T02:38:57.725+0000][33.613s] GC(4) Pause Cleanup
[2022-05-15T02:38:57.725+0000][33.613s] GC(4) Pause Cleanup 25M->25M(512M) 0.122ms
[2022-05-15T02:38:57.725+0000][33.613s] GC(4) User=0.00s Sys=0.00s Real=0.00s
[2022-05-15T02:38:57.725+0000][33.613s] GC(4) Concurrent Cleanup for Next Mark
[2022-05-15T02:38:57.725+0000][33.613s] GC(4) Concurrent Cleanup for Next Mark 0.584ms
[2022-05-15T02:38:57.725+0000][33.613s] GC(4) Concurrent Cycle 52.706ms
[2022-05-15T02:52:13.890+0000][829.779s] Heap
[2022-05-15T02:52:13.891+0000][829.779s]  garbage-first heap   total 524288K, used 35127K [0x00000000e0000000, 0x0000000100000000)
[2022-05-15T02:52:13.891+0000][829.779s]   region size 1024K, 14 young (14336K), 2 survivors (2048K)
[2022-05-15T02:52:13.891+0000][829.779s]  Metaspace       used 21779K, capacity 22612K, committed 22780K, reserved 1069056K
[2022-05-15T02:52:13.891+0000][829.779s]   class space    used 2584K, capacity 2923K, committed 2944K, reserved 1048576K
