[2022-05-15T02:34:02.796+0000][0.030s] Heap region size: 1M
[2022-05-15T02:34:02.813+0000][0.047s] Using G1
[2022-05-15T02:34:02.813+0000][0.047s] Heap address: 0x00000000e0000000, size: 512 MB, Compressed Oops mode: 32-bit
[2022-05-15T02:34:02.813+0000][0.047s] Mark closed archive regions in map: [0x00000000fff00000, 0x00000000fff6aff8]
[2022-05-15T02:34:02.813+0000][0.047s] Mark open archive regions in map: [0x00000000ffe00000, 0x00000000ffe46ff8]
[2022-05-15T02:34:03.543+0000][0.777s] GC(0) Pause Young (Normal) (G1 Evacuation Pause)
[2022-05-15T02:34:03.543+0000][0.777s] GC(0) Using 4 workers of 4 for evacuation
[2022-05-15T02:34:03.554+0000][0.788s] GC(0)   Pre Evacuate Collection Set: 0.0ms
[2022-05-15T02:34:03.554+0000][0.788s] GC(0)   Evacuate Collection Set: 9.5ms
[2022-05-15T02:34:03.554+0000][0.788s] GC(0)   Post Evacuate Collection Set: 1.0ms
[2022-05-15T02:34:03.554+0000][0.788s] GC(0)   Other: 0.4ms
[2022-05-15T02:34:03.554+0000][0.788s] GC(0) Eden regions: 25->0(304)
[2022-05-15T02:34:03.554+0000][0.788s] GC(0) Survivor regions: 0->3(4)
[2022-05-15T02:34:03.554+0000][0.788s] GC(0) Old regions: 2->2
[2022-05-15T02:34:03.554+0000][0.788s] GC(0) Humongous regions: 0->0
[2022-05-15T02:34:03.554+0000][0.788s] GC(0) Metaspace: 6652K->6652K(1056768K)
[2022-05-15T02:34:03.554+0000][0.788s] GC(0) Pause Young (Normal) (G1 Evacuation Pause) 25M->3M(512M) 11.059ms
[2022-05-15T02:34:03.554+0000][0.788s] GC(0) User=0.04s Sys=0.00s Real=0.02s
[2022-05-15T02:34:04.052+0000][1.286s] GC(1) Pause Young (Normal) (G1 Evacuation Pause)
[2022-05-15T02:34:04.052+0000][1.286s] GC(1) Using 4 workers of 4 for evacuation
[2022-05-15T02:34:04.072+0000][1.307s] GC(1)   Pre Evacuate Collection Set: 0.0ms
[2022-05-15T02:34:04.073+0000][1.307s] GC(1)   Evacuate Collection Set: 19.6ms
[2022-05-15T02:34:04.073+0000][1.307s] GC(1)   Post Evacuate Collection Set: 1.1ms
[2022-05-15T02:34:04.073+0000][1.307s] GC(1)   Other: 0.2ms
[2022-05-15T02:34:04.073+0000][1.307s] GC(1) Eden regions: 24->0(48)
[2022-05-15T02:34:04.073+0000][1.307s] GC(1) Survivor regions: 3->4(4)
[2022-05-15T02:34:04.073+0000][1.307s] GC(1) Old regions: 2->9
[2022-05-15T02:34:04.073+0000][1.307s] GC(1) Humongous regions: 4->4
[2022-05-15T02:34:04.073+0000][1.307s] GC(1) Metaspace: 12224K->12224K(1060864K)
[2022-05-15T02:34:04.073+0000][1.307s] GC(1) Pause Young (Normal) (G1 Evacuation Pause) 31M->15M(512M) 20.932ms
[2022-05-15T02:34:04.073+0000][1.307s] GC(1) User=0.07s Sys=0.00s Real=0.02s
[2022-05-15T02:34:04.628+0000][1.862s] GC(2) Pause Young (Normal) (G1 Evacuation Pause)
[2022-05-15T02:34:04.628+0000][1.862s] GC(2) Using 4 workers of 4 for evacuation
[2022-05-15T02:34:04.647+0000][1.881s] GC(2)   Pre Evacuate Collection Set: 0.0ms
[2022-05-15T02:34:04.647+0000][1.881s] GC(2)   Evacuate Collection Set: 11.8ms
[2022-05-15T02:34:04.647+0000][1.881s] GC(2)   Post Evacuate Collection Set: 6.8ms
[2022-05-15T02:34:04.647+0000][1.881s] GC(2)   Other: 0.2ms
[2022-05-15T02:34:04.647+0000][1.881s] GC(2) Eden regions: 42->0(55)
[2022-05-15T02:34:04.647+0000][1.881s] GC(2) Survivor regions: 4->5(6)
[2022-05-15T02:34:04.647+0000][1.881s] GC(2) Old regions: 9->14
[2022-05-15T02:34:04.647+0000][1.881s] GC(2) Humongous regions: 4->4
[2022-05-15T02:34:04.647+0000][1.881s] GC(2) Metaspace: 16980K->16980K(1064960K)
[2022-05-15T02:34:04.647+0000][1.881s] GC(2) Pause Young (Normal) (G1 Evacuation Pause) 57M->20M(512M) 18.957ms
[2022-05-15T02:34:04.647+0000][1.881s] GC(2) User=0.07s Sys=0.00s Real=0.02s
[2022-05-15T02:34:05.287+0000][2.521s] GC(3) Pause Young (Concurrent Start) (Metadata GC Threshold)
[2022-05-15T02:34:05.287+0000][2.521s] GC(3) Using 4 workers of 4 for evacuation
[2022-05-15T02:34:05.299+0000][2.533s] GC(3)   Pre Evacuate Collection Set: 0.1ms
[2022-05-15T02:34:05.299+0000][2.533s] GC(3)   Evacuate Collection Set: 10.1ms
[2022-05-15T02:34:05.299+0000][2.533s] GC(3)   Post Evacuate Collection Set: 1.3ms
[2022-05-15T02:34:05.299+0000][2.533s] GC(3)   Other: 0.2ms
[2022-05-15T02:34:05.299+0000][2.533s] GC(3) Eden regions: 51->0(246)
[2022-05-15T02:34:05.299+0000][2.533s] GC(3) Survivor regions: 5->7(8)
[2022-05-15T02:34:05.299+0000][2.533s] GC(3) Old regions: 14->14
[2022-05-15T02:34:05.299+0000][2.533s] GC(3) Humongous regions: 4->4
[2022-05-15T02:34:05.299+0000][2.533s] GC(3) Metaspace: 20407K->20407K(1067008K)
[2022-05-15T02:34:05.299+0000][2.533s] GC(3) Pause Young (Concurrent Start) (Metadata GC Threshold) 71M->22M(512M) 11.876ms
[2022-05-15T02:34:05.299+0000][2.533s] GC(3) User=0.04s Sys=0.01s Real=0.01s
[2022-05-15T02:34:05.299+0000][2.533s] GC(4) Concurrent Cycle
[2022-05-15T02:34:05.299+0000][2.533s] GC(4) Concurrent Clear Claimed Marks
[2022-05-15T02:34:05.299+0000][2.533s] GC(4) Concurrent Clear Claimed Marks 0.050ms
[2022-05-15T02:34:05.299+0000][2.533s] GC(4) Concurrent Scan Root Regions
[2022-05-15T02:34:05.302+0000][2.536s] GC(4) Concurrent Scan Root Regions 3.163ms
[2022-05-15T02:34:05.302+0000][2.536s] GC(4) Concurrent Mark (2.536s)
[2022-05-15T02:34:05.302+0000][2.536s] GC(4) Concurrent Mark From Roots
[2022-05-15T02:34:05.302+0000][2.536s] GC(4) Using 1 workers of 1 for marking
[2022-05-15T02:34:05.360+0000][2.594s] GC(4) Concurrent Mark From Roots 57.299ms
[2022-05-15T02:34:05.360+0000][2.594s] GC(4) Concurrent Preclean
[2022-05-15T02:34:05.360+0000][2.594s] GC(4) Concurrent Preclean 0.116ms
[2022-05-15T02:34:05.360+0000][2.594s] GC(4) Concurrent Mark (2.536s, 2.594s) 57.497ms
[2022-05-15T02:34:05.363+0000][2.597s] GC(4) Pause Remark
[2022-05-15T02:34:05.367+0000][2.601s] GC(4) Cleaned string and symbol table, strings: 9893 processed, 15 removed, symbols: 58052 processed, 32 removed
[2022-05-15T02:34:05.367+0000][2.602s] GC(4) Pause Remark 30M->30M(512M) 4.299ms
[2022-05-15T02:34:05.367+0000][2.602s] GC(4) User=0.01s Sys=0.00s Real=0.01s
[2022-05-15T02:34:05.368+0000][2.602s] GC(4) Concurrent Rebuild Remembered Sets
[2022-05-15T02:34:05.387+0000][2.621s] GC(4) Concurrent Rebuild Remembered Sets 19.182ms
[2022-05-15T02:34:05.387+0000][2.621s] GC(4) Pause Cleanup
[2022-05-15T02:34:05.387+0000][2.621s] GC(4) Pause Cleanup 34M->34M(512M) 0.155ms
[2022-05-15T02:34:05.387+0000][2.621s] GC(4) User=0.00s Sys=0.00s Real=0.00s
[2022-05-15T02:34:05.387+0000][2.621s] GC(4) Concurrent Cleanup for Next Mark
[2022-05-15T02:34:05.388+0000][2.622s] GC(4) Concurrent Cleanup for Next Mark 0.617ms
[2022-05-15T02:34:05.388+0000][2.622s] GC(4) Concurrent Cycle 88.792ms
[2022-05-15T02:34:10.095+0000][7.329s] GC(5) Pause Young (Concurrent Start) (Metadata GC Threshold)
[2022-05-15T02:34:10.095+0000][7.329s] GC(5) Using 4 workers of 4 for evacuation
[2022-05-15T02:34:10.117+0000][7.351s] GC(5)   Pre Evacuate Collection Set: 0.1ms
[2022-05-15T02:34:10.117+0000][7.351s] GC(5)   Evacuate Collection Set: 21.2ms
[2022-05-15T02:34:10.117+0000][7.351s] GC(5)   Post Evacuate Collection Set: 0.4ms
[2022-05-15T02:34:10.117+0000][7.351s] GC(5)   Other: 0.2ms
[2022-05-15T02:34:10.117+0000][7.351s] GC(5) Eden regions: 190->0(217)
[2022-05-15T02:34:10.117+0000][7.351s] GC(5) Survivor regions: 7->14(32)
[2022-05-15T02:34:10.117+0000][7.351s] GC(5) Old regions: 14->14
[2022-05-15T02:34:10.117+0000][7.351s] GC(5) Humongous regions: 4->4
[2022-05-15T02:34:10.117+0000][7.351s] GC(5) Metaspace: 34989K->34989K(1081344K)
[2022-05-15T02:34:10.117+0000][7.351s] GC(5) Pause Young (Concurrent Start) (Metadata GC Threshold) 212M->29M(512M) 22.182ms
[2022-05-15T02:34:10.117+0000][7.351s] GC(5) User=0.08s Sys=0.01s Real=0.02s
[2022-05-15T02:34:10.117+0000][7.351s] GC(6) Concurrent Cycle
[2022-05-15T02:34:10.117+0000][7.351s] GC(6) Concurrent Clear Claimed Marks
[2022-05-15T02:34:10.117+0000][7.351s] GC(6) Concurrent Clear Claimed Marks 0.098ms
[2022-05-15T02:34:10.117+0000][7.351s] GC(6) Concurrent Scan Root Regions
[2022-05-15T02:34:10.127+0000][7.361s] GC(6) Concurrent Scan Root Regions 10.039ms
[2022-05-15T02:34:10.127+0000][7.361s] GC(6) Concurrent Mark (7.361s)
[2022-05-15T02:34:10.127+0000][7.361s] GC(6) Concurrent Mark From Roots
[2022-05-15T02:34:10.127+0000][7.361s] GC(6) Using 1 workers of 1 for marking
[2022-05-15T02:34:10.162+0000][7.396s] GC(6) Concurrent Mark From Roots 34.411ms
[2022-05-15T02:34:10.162+0000][7.396s] GC(6) Concurrent Preclean
[2022-05-15T02:34:10.162+0000][7.396s] GC(6) Concurrent Preclean 0.105ms
[2022-05-15T02:34:10.162+0000][7.396s] GC(6) Concurrent Mark (7.361s, 7.396s) 34.595ms
[2022-05-15T02:34:10.162+0000][7.396s] GC(6) Pause Remark
[2022-05-15T02:34:10.169+0000][7.403s] GC(6) Cleaned string and symbol table, strings: 16171 processed, 1 removed, symbols: 100479 processed, 53 removed
[2022-05-15T02:34:10.169+0000][7.403s] GC(6) Pause Remark 32M->32M(512M) 6.588ms
[2022-05-15T02:34:10.169+0000][7.403s] GC(6) User=0.03s Sys=0.00s Real=0.01s
[2022-05-15T02:34:10.169+0000][7.403s] GC(6) Concurrent Rebuild Remembered Sets
[2022-05-15T02:34:10.190+0000][7.424s] GC(6) Concurrent Rebuild Remembered Sets 21.469ms
[2022-05-15T02:34:10.191+0000][7.425s] GC(6) Pause Cleanup
[2022-05-15T02:34:10.191+0000][7.425s] GC(6) Pause Cleanup 33M->33M(512M) 0.126ms
[2022-05-15T02:34:10.191+0000][7.425s] GC(6) User=0.00s Sys=0.00s Real=0.00s
[2022-05-15T02:34:10.191+0000][7.425s] GC(6) Concurrent Cleanup for Next Mark
[2022-05-15T02:34:10.191+0000][7.426s] GC(6) Concurrent Cleanup for Next Mark 0.610ms
[2022-05-15T02:34:10.192+0000][7.426s] GC(6) Concurrent Cycle 74.539ms
[2022-05-15T02:37:47.035+0000][224.269s] Heap
[2022-05-15T02:37:47.035+0000][224.269s]  garbage-first heap   total 524288K, used 191616K [0x00000000e0000000, 0x0000000100000000)
[2022-05-15T02:37:47.035+0000][224.269s]   region size 1024K, 173 young (177152K), 14 survivors (14336K)
[2022-05-15T02:37:47.035+0000][224.269s]  Metaspace       used 40186K, capacity 41539K, committed 41772K, reserved 1085440K
[2022-05-15T02:37:47.035+0000][224.269s]   class space    used 4657K, capacity 5226K, committed 5248K, reserved 1048576K
