[2022-05-15T02:35:02.060+0000][0.027s] Heap region size: 1M
[2022-05-15T02:35:02.081+0000][0.048s] Using G1
[2022-05-15T02:35:02.081+0000][0.048s] Heap address: 0x00000000e0000000, size: 512 MB, Compressed Oops mode: 32-bit
[2022-05-15T02:35:02.082+0000][0.049s] Mark closed archive regions in map: [0x00000000fff00000, 0x00000000fff6aff8]
[2022-05-15T02:35:02.082+0000][0.049s] Mark open archive regions in map: [0x00000000ffe00000, 0x00000000ffe46ff8]
[2022-05-15T02:35:02.850+0000][0.817s] GC(0) Pause Young (Normal) (G1 Evacuation Pause)
[2022-05-15T02:35:02.851+0000][0.818s] GC(0) Using 4 workers of 4 for evacuation
[2022-05-15T02:35:02.876+0000][0.843s] GC(0)   Pre Evacuate Collection Set: 0.0ms
[2022-05-15T02:35:02.876+0000][0.843s] GC(0)   Evacuate Collection Set: 21.3ms
[2022-05-15T02:35:02.876+0000][0.843s] GC(0)   Post Evacuate Collection Set: 3.5ms
[2022-05-15T02:35:02.876+0000][0.843s] GC(0)   Other: 1.4ms
[2022-05-15T02:35:02.876+0000][0.843s] GC(0) Eden regions: 25->0(304)
[2022-05-15T02:35:02.876+0000][0.843s] GC(0) Survivor regions: 0->3(4)
[2022-05-15T02:35:02.876+0000][0.843s] GC(0) Old regions: 2->2
[2022-05-15T02:35:02.876+0000][0.843s] GC(0) Humongous regions: 0->0
[2022-05-15T02:35:02.876+0000][0.843s] GC(0) Metaspace: 6564K->6564K(1056768K)
[2022-05-15T02:35:02.876+0000][0.843s] GC(0) Pause Young (Normal) (G1 Evacuation Pause) 25M->3M(512M) 26.423ms
[2022-05-15T02:35:02.876+0000][0.843s] GC(0) User=0.08s Sys=0.00s Real=0.03s
[2022-05-15T02:35:03.604+0000][1.571s] GC(1) Pause Young (Normal) (G1 Evacuation Pause)
[2022-05-15T02:35:03.604+0000][1.571s] GC(1) Using 4 workers of 4 for evacuation
[2022-05-15T02:35:03.642+0000][1.609s] GC(1)   Pre Evacuate Collection Set: 0.0ms
[2022-05-15T02:35:03.642+0000][1.609s] GC(1)   Evacuate Collection Set: 24.6ms
[2022-05-15T02:35:03.642+0000][1.609s] GC(1)   Post Evacuate Collection Set: 13.2ms
[2022-05-15T02:35:03.642+0000][1.609s] GC(1)   Other: 0.2ms
[2022-05-15T02:35:03.642+0000][1.609s] GC(1) Eden regions: 30->0(34)
[2022-05-15T02:35:03.642+0000][1.609s] GC(1) Survivor regions: 3->5(5)
[2022-05-15T02:35:03.642+0000][1.609s] GC(1) Old regions: 2->9
[2022-05-15T02:35:03.642+0000][1.609s] GC(1) Humongous regions: 4->4
[2022-05-15T02:35:03.642+0000][1.609s] GC(1) Metaspace: 14113K->14113K(1062912K)
[2022-05-15T02:35:03.642+0000][1.609s] GC(1) Pause Young (Normal) (G1 Evacuation Pause) 37M->16M(512M) 38.090ms
[2022-05-15T02:35:03.642+0000][1.609s] GC(1) User=0.10s Sys=0.01s Real=0.03s
[2022-05-15T02:35:04.024+0000][1.991s] GC(2) Pause Young (Normal) (G1 Evacuation Pause)
[2022-05-15T02:35:04.024+0000][1.991s] GC(2) Using 4 workers of 4 for evacuation
[2022-05-15T02:35:04.045+0000][2.012s] GC(2)   Pre Evacuate Collection Set: 0.0ms
[2022-05-15T02:35:04.045+0000][2.012s] GC(2)   Evacuate Collection Set: 14.9ms
[2022-05-15T02:35:04.045+0000][2.012s] GC(2)   Post Evacuate Collection Set: 5.8ms
[2022-05-15T02:35:04.045+0000][2.012s] GC(2)   Other: 0.2ms
[2022-05-15T02:35:04.045+0000][2.012s] GC(2) Eden regions: 32->0(45)
[2022-05-15T02:35:04.045+0000][2.012s] GC(2) Survivor regions: 5->4(5)
[2022-05-15T02:35:04.045+0000][2.012s] GC(2) Old regions: 9->14
[2022-05-15T02:35:04.045+0000][2.012s] GC(2) Humongous regions: 4->4
[2022-05-15T02:35:04.045+0000][2.012s] GC(2) Metaspace: 16995K->16995K(1064960K)
[2022-05-15T02:35:04.045+0000][2.012s] GC(2) Pause Young (Normal) (G1 Evacuation Pause) 48M->19M(512M) 20.989ms
[2022-05-15T02:35:04.045+0000][2.012s] GC(2) User=0.05s Sys=0.00s Real=0.02s
[2022-05-15T02:35:04.410+0000][2.377s] GC(3) Pause Young (Normal) (G1 Evacuation Pause)
[2022-05-15T02:35:04.410+0000][2.377s] GC(3) Using 4 workers of 4 for evacuation
[2022-05-15T02:35:04.419+0000][2.386s] GC(3)   Pre Evacuate Collection Set: 0.0ms
[2022-05-15T02:35:04.419+0000][2.386s] GC(3)   Evacuate Collection Set: 6.4ms
[2022-05-15T02:35:04.419+0000][2.386s] GC(3)   Post Evacuate Collection Set: 2.1ms
[2022-05-15T02:35:04.419+0000][2.386s] GC(3)   Other: 0.1ms
[2022-05-15T02:35:04.419+0000][2.386s] GC(3) Eden regions: 45->0(173)
[2022-05-15T02:35:04.419+0000][2.386s] GC(3) Survivor regions: 4->6(7)
[2022-05-15T02:35:04.419+0000][2.386s] GC(3) Old regions: 14->14
[2022-05-15T02:35:04.419+0000][2.386s] GC(3) Humongous regions: 4->4
[2022-05-15T02:35:04.419+0000][2.386s] GC(3) Metaspace: 18896K->18896K(1067008K)
[2022-05-15T02:35:04.419+0000][2.386s] GC(3) Pause Young (Normal) (G1 Evacuation Pause) 64M->22M(512M) 8.786ms
[2022-05-15T02:35:04.419+0000][2.386s] GC(3) User=0.03s Sys=0.01s Real=0.01s
[2022-05-15T02:35:04.670+0000][2.637s] GC(4) Pause Young (Concurrent Start) (Metadata GC Threshold)
[2022-05-15T02:35:04.670+0000][2.637s] GC(4) Using 4 workers of 4 for evacuation
[2022-05-15T02:35:04.678+0000][2.645s] GC(4)   Pre Evacuate Collection Set: 0.1ms
[2022-05-15T02:35:04.678+0000][2.645s] GC(4)   Evacuate Collection Set: 7.6ms
[2022-05-15T02:35:04.678+0000][2.645s] GC(4)   Post Evacuate Collection Set: 0.2ms
[2022-05-15T02:35:04.678+0000][2.645s] GC(4)   Other: 0.2ms
[2022-05-15T02:35:04.678+0000][2.645s] GC(4) Eden regions: 11->0(99)
[2022-05-15T02:35:04.678+0000][2.645s] GC(4) Survivor regions: 6->6(23)
[2022-05-15T02:35:04.678+0000][2.645s] GC(4) Old regions: 14->14
[2022-05-15T02:35:04.678+0000][2.645s] GC(4) Humongous regions: 4->4
[2022-05-15T02:35:04.678+0000][2.645s] GC(4) Metaspace: 20301K->20301K(1067008K)
[2022-05-15T02:35:04.678+0000][2.645s] GC(4) Pause Young (Concurrent Start) (Metadata GC Threshold) 32M->22M(512M) 8.289ms
[2022-05-15T02:35:04.678+0000][2.645s] GC(4) User=0.03s Sys=0.00s Real=0.01s
[2022-05-15T02:35:04.678+0000][2.645s] GC(5) Concurrent Cycle
[2022-05-15T02:35:04.678+0000][2.645s] GC(5) Concurrent Clear Claimed Marks
[2022-05-15T02:35:04.678+0000][2.645s] GC(5) Concurrent Clear Claimed Marks 0.038ms
[2022-05-15T02:35:04.678+0000][2.645s] GC(5) Concurrent Scan Root Regions
[2022-05-15T02:35:04.681+0000][2.648s] GC(5) Concurrent Scan Root Regions 2.893ms
[2022-05-15T02:35:04.681+0000][2.648s] GC(5) Concurrent Mark (2.648s)
[2022-05-15T02:35:04.681+0000][2.648s] GC(5) Concurrent Mark From Roots
[2022-05-15T02:35:04.681+0000][2.648s] GC(5) Using 1 workers of 1 for marking
[2022-05-15T02:35:04.755+0000][2.722s] GC(5) Concurrent Mark From Roots 73.872ms
[2022-05-15T02:35:04.755+0000][2.722s] GC(5) Concurrent Preclean
[2022-05-15T02:35:04.755+0000][2.722s] GC(5) Concurrent Preclean 0.123ms
[2022-05-15T02:35:04.755+0000][2.722s] GC(5) Concurrent Mark (2.648s, 2.722s) 74.082ms
[2022-05-15T02:35:04.756+0000][2.723s] GC(5) Pause Remark
[2022-05-15T02:35:04.768+0000][2.735s] GC(5) Cleaned string and symbol table, strings: 9926 processed, 22 removed, symbols: 58126 processed, 32 removed
[2022-05-15T02:35:04.768+0000][2.735s] GC(5) Pause Remark 33M->33M(512M) 12.269ms
[2022-05-15T02:35:04.768+0000][2.735s] GC(5) User=0.04s Sys=0.00s Real=0.01s
[2022-05-15T02:35:04.768+0000][2.735s] GC(5) Concurrent Rebuild Remembered Sets
[2022-05-15T02:35:04.795+0000][2.762s] GC(5) Concurrent Rebuild Remembered Sets 27.147ms
[2022-05-15T02:35:04.795+0000][2.762s] GC(5) Pause Cleanup
[2022-05-15T02:35:04.795+0000][2.763s] GC(5) Pause Cleanup 35M->35M(512M) 0.135ms
[2022-05-15T02:35:04.795+0000][2.763s] GC(5) User=0.00s Sys=0.00s Real=0.00s
[2022-05-15T02:35:04.796+0000][2.763s] GC(5) Concurrent Cleanup for Next Mark
[2022-05-15T02:35:04.796+0000][2.763s] GC(5) Concurrent Cleanup for Next Mark 0.623ms
[2022-05-15T02:35:04.796+0000][2.763s] GC(5) Concurrent Cycle 117.911ms
[2022-05-15T02:35:05.929+0000][3.896s] GC(6) Pause Young (Concurrent Start) (G1 Evacuation Pause)
[2022-05-15T02:35:05.929+0000][3.896s] GC(6) Using 4 workers of 4 for evacuation
[2022-05-15T02:35:05.942+0000][3.910s] GC(6)   Pre Evacuate Collection Set: 0.1ms
[2022-05-15T02:35:05.943+0000][3.910s] GC(6)   Evacuate Collection Set: 12.8ms
[2022-05-15T02:35:05.943+0000][3.910s] GC(6)   Post Evacuate Collection Set: 0.3ms
[2022-05-15T02:35:05.943+0000][3.910s] GC(6)   Other: 0.2ms
[2022-05-15T02:35:05.943+0000][3.910s] GC(6) Eden regions: 99->0(129)
[2022-05-15T02:35:05.943+0000][3.910s] GC(6) Survivor regions: 6->10(14)
[2022-05-15T02:35:05.943+0000][3.910s] GC(6) Old regions: 14->14
[2022-05-15T02:35:05.943+0000][3.910s] GC(6) Humongous regions: 4->4
[2022-05-15T02:35:05.943+0000][3.910s] GC(6) Metaspace: 29274K->29274K(1075200K)
[2022-05-15T02:35:05.943+0000][3.910s] GC(6) Pause Young (Concurrent Start) (G1 Evacuation Pause) 121M->26M(512M) 13.451ms
[2022-05-15T02:35:05.943+0000][3.910s] GC(6) User=0.04s Sys=0.00s Real=0.01s
[2022-05-15T02:35:05.943+0000][3.910s] GC(7) Concurrent Cycle
[2022-05-15T02:35:05.943+0000][3.910s] GC(7) Concurrent Clear Claimed Marks
[2022-05-15T02:35:05.943+0000][3.910s] GC(7) Concurrent Clear Claimed Marks 0.065ms
[2022-05-15T02:35:05.943+0000][3.910s] GC(7) Concurrent Scan Root Regions
[2022-05-15T02:35:05.949+0000][3.916s] GC(7) Concurrent Scan Root Regions 6.126ms
[2022-05-15T02:35:05.949+0000][3.916s] GC(7) Concurrent Mark (3.916s)
[2022-05-15T02:35:05.949+0000][3.916s] GC(7) Concurrent Mark From Roots
[2022-05-15T02:35:05.949+0000][3.916s] GC(7) Using 1 workers of 1 for marking
[2022-05-15T02:35:05.989+0000][3.956s] GC(7) Concurrent Mark From Roots 39.664ms
[2022-05-15T02:35:05.989+0000][3.956s] GC(7) Concurrent Preclean
[2022-05-15T02:35:05.989+0000][3.956s] GC(7) Concurrent Preclean 0.097ms
[2022-05-15T02:35:05.989+0000][3.956s] GC(7) Concurrent Mark (3.916s, 3.956s) 39.839ms
[2022-05-15T02:35:05.992+0000][3.959s] GC(7) Pause Remark
[2022-05-15T02:35:05.997+0000][3.964s] GC(7) Cleaned string and symbol table, strings: 13661 processed, 1 removed, symbols: 86892 processed, 43 removed
[2022-05-15T02:35:05.997+0000][3.964s] GC(7) Pause Remark 31M->31M(512M) 4.894ms
[2022-05-15T02:35:05.997+0000][3.964s] GC(7) User=0.02s Sys=0.00s Real=0.00s
[2022-05-15T02:35:05.997+0000][3.964s] GC(7) Concurrent Rebuild Remembered Sets
[2022-05-15T02:35:06.021+0000][3.988s] GC(7) Concurrent Rebuild Remembered Sets 23.581ms
[2022-05-15T02:35:06.022+0000][3.989s] GC(7) Pause Cleanup
[2022-05-15T02:35:06.022+0000][3.989s] GC(7) Pause Cleanup 33M->33M(512M) 0.097ms
[2022-05-15T02:35:06.022+0000][3.989s] GC(7) User=0.00s Sys=0.00s Real=0.00s
[2022-05-15T02:35:06.022+0000][3.989s] GC(7) Concurrent Cleanup for Next Mark
[2022-05-15T02:35:06.022+0000][3.989s] GC(7) Concurrent Cleanup for Next Mark 0.555ms
[2022-05-15T02:35:06.022+0000][3.990s] GC(7) Concurrent Cycle 79.824ms
[2022-05-15T02:37:42.089+0000][160.056s] Heap
[2022-05-15T02:37:42.089+0000][160.056s]  garbage-first heap   total 524288K, used 156681K [0x00000000e0000000, 0x0000000100000000)
[2022-05-15T02:37:42.089+0000][160.056s]   region size 1024K, 138 young (141312K), 10 survivors (10240K)
[2022-05-15T02:37:42.089+0000][160.056s]  Metaspace       used 37651K, capacity 38920K, committed 39112K, reserved 1083392K
[2022-05-15T02:37:42.089+0000][160.056s]   class space    used 4436K, capacity 4999K, committed 5120K, reserved 1048576K
