[2022-05-15T02:49:35.088+0000][0.029s] Heap region size: 1M
[2022-05-15T02:49:35.107+0000][0.048s] Using G1
[2022-05-15T02:49:35.107+0000][0.048s] Heap address: 0x00000000e0000000, size: 512 MB, Compressed Oops mode: 32-bit
[2022-05-15T02:49:35.107+0000][0.048s] Mark closed archive regions in map: [0x00000000fff00000, 0x00000000fff6aff8]
[2022-05-15T02:49:35.107+0000][0.048s] Mark open archive regions in map: [0x00000000ffe00000, 0x00000000ffe46ff8]
[2022-05-15T02:49:35.846+0000][0.787s] GC(0) Pause Young (Normal) (G1 Evacuation Pause)
[2022-05-15T02:49:35.847+0000][0.788s] GC(0) Using 4 workers of 4 for evacuation
[2022-05-15T02:49:35.862+0000][0.803s] GC(0)   Pre Evacuate Collection Set: 0.0ms
[2022-05-15T02:49:35.862+0000][0.803s] GC(0)   Evacuate Collection Set: 13.6ms
[2022-05-15T02:49:35.862+0000][0.803s] GC(0)   Post Evacuate Collection Set: 1.0ms
[2022-05-15T02:49:35.862+0000][0.803s] GC(0)   Other: 0.5ms
[2022-05-15T02:49:35.862+0000][0.803s] GC(0) Eden regions: 25->0(304)
[2022-05-15T02:49:35.862+0000][0.803s] GC(0) Survivor regions: 0->3(4)
[2022-05-15T02:49:35.862+0000][0.803s] GC(0) Old regions: 2->2
[2022-05-15T02:49:35.862+0000][0.803s] GC(0) Humongous regions: 0->0
[2022-05-15T02:49:35.862+0000][0.803s] GC(0) Metaspace: 6858K->6858K(1056768K)
[2022-05-15T02:49:35.862+0000][0.803s] GC(0) Pause Young (Normal) (G1 Evacuation Pause) 25M->3M(512M) 15.261ms
[2022-05-15T02:49:35.862+0000][0.803s] GC(0) User=0.06s Sys=0.00s Real=0.01s
[2022-05-15T02:49:36.330+0000][1.271s] GC(1) Pause Young (Normal) (G1 Evacuation Pause)
[2022-05-15T02:49:36.330+0000][1.271s] GC(1) Using 4 workers of 4 for evacuation
[2022-05-15T02:49:36.346+0000][1.287s] GC(1)   Pre Evacuate Collection Set: 0.0ms
[2022-05-15T02:49:36.346+0000][1.287s] GC(1)   Evacuate Collection Set: 15.3ms
[2022-05-15T02:49:36.346+0000][1.287s] GC(1)   Post Evacuate Collection Set: 1.0ms
[2022-05-15T02:49:36.346+0000][1.287s] GC(1)   Other: 0.1ms
[2022-05-15T02:49:36.346+0000][1.287s] GC(1) Eden regions: 23->0(46)
[2022-05-15T02:49:36.346+0000][1.287s] GC(1) Survivor regions: 3->4(4)
[2022-05-15T02:49:36.346+0000][1.287s] GC(1) Old regions: 2->9
[2022-05-15T02:49:36.346+0000][1.287s] GC(1) Humongous regions: 4->4
[2022-05-15T02:49:36.346+0000][1.287s] GC(1) Metaspace: 11780K->11780K(1060864K)
[2022-05-15T02:49:36.346+0000][1.287s] GC(1) Pause Young (Normal) (G1 Evacuation Pause) 30M->15M(512M) 16.591ms
[2022-05-15T02:49:36.346+0000][1.287s] GC(1) User=0.06s Sys=0.01s Real=0.02s
[2022-05-15T02:49:36.970+0000][1.911s] GC(2) Pause Young (Normal) (G1 Evacuation Pause)
[2022-05-15T02:49:36.971+0000][1.911s] GC(2) Using 4 workers of 4 for evacuation
[2022-05-15T02:49:36.989+0000][1.930s] GC(2)   Pre Evacuate Collection Set: 0.0ms
[2022-05-15T02:49:36.989+0000][1.930s] GC(2)   Evacuate Collection Set: 11.7ms
[2022-05-15T02:49:36.989+0000][1.930s] GC(2)   Post Evacuate Collection Set: 7.1ms
[2022-05-15T02:49:36.990+0000][1.930s] GC(2)   Other: 0.2ms
[2022-05-15T02:49:36.990+0000][1.930s] GC(2) Eden regions: 40->0(52)
[2022-05-15T02:49:36.990+0000][1.930s] GC(2) Survivor regions: 4->5(6)
[2022-05-15T02:49:36.990+0000][1.930s] GC(2) Old regions: 9->13
[2022-05-15T02:49:36.990+0000][1.930s] GC(2) Humongous regions: 4->4
[2022-05-15T02:49:36.990+0000][1.930s] GC(2) Metaspace: 16992K->16992K(1064960K)
[2022-05-15T02:49:36.990+0000][1.930s] GC(2) Pause Young (Normal) (G1 Evacuation Pause) 55M->19M(512M) 19.060ms
[2022-05-15T02:49:36.990+0000][1.931s] GC(2) User=0.07s Sys=0.01s Real=0.02s
[2022-05-15T02:50:08.019+0000][32.960s] GC(3) Pause Young (Normal) (G1 Evacuation Pause)
[2022-05-15T02:50:08.020+0000][32.961s] GC(3) Using 4 workers of 4 for evacuation
[2022-05-15T02:50:08.038+0000][32.979s] GC(3)   Pre Evacuate Collection Set: 0.0ms
[2022-05-15T02:50:08.038+0000][32.979s] GC(3)   Evacuate Collection Set: 16.1ms
[2022-05-15T02:50:08.038+0000][32.979s] GC(3)   Post Evacuate Collection Set: 1.8ms
[2022-05-15T02:50:08.038+0000][32.979s] GC(3)   Other: 0.4ms
[2022-05-15T02:50:08.038+0000][32.979s] GC(3) Eden regions: 52->0(300)
[2022-05-15T02:50:08.038+0000][32.979s] GC(3) Survivor regions: 5->7(8)
[2022-05-15T02:50:08.038+0000][32.979s] GC(3) Old regions: 13->13
[2022-05-15T02:50:08.038+0000][32.979s] GC(3) Humongous regions: 4->4
[2022-05-15T02:50:08.038+0000][32.979s] GC(3) Metaspace: 19461K->19461K(1067008K)
[2022-05-15T02:50:08.038+0000][32.979s] GC(3) Pause Young (Normal) (G1 Evacuation Pause) 71M->22M(512M) 18.383ms
[2022-05-15T02:50:08.038+0000][32.979s] GC(3) User=0.03s Sys=0.01s Real=0.02s
[2022-05-15T02:50:08.224+0000][33.165s] GC(4) Pause Young (Concurrent Start) (Metadata GC Threshold)
[2022-05-15T02:50:08.224+0000][33.165s] GC(4) Using 4 workers of 4 for evacuation
[2022-05-15T02:50:08.228+0000][33.169s] GC(4)   Pre Evacuate Collection Set: 0.1ms
[2022-05-15T02:50:08.228+0000][33.169s] GC(4)   Evacuate Collection Set: 4.3ms
[2022-05-15T02:50:08.228+0000][33.169s] GC(4)   Post Evacuate Collection Set: 0.2ms
[2022-05-15T02:50:08.228+0000][33.169s] GC(4)   Other: 0.2ms
[2022-05-15T02:50:08.228+0000][33.169s] GC(4) Eden regions: 11->0(142)
[2022-05-15T02:50:08.228+0000][33.169s] GC(4) Survivor regions: 7->7(39)
[2022-05-15T02:50:08.229+0000][33.169s] GC(4) Old regions: 13->13
[2022-05-15T02:50:08.229+0000][33.169s] GC(4) Humongous regions: 4->4
[2022-05-15T02:50:08.229+0000][33.169s] GC(4) Metaspace: 20310K->20310K(1069056K)
[2022-05-15T02:50:08.229+0000][33.169s] GC(4) Pause Young (Concurrent Start) (Metadata GC Threshold) 33M->22M(512M) 4.936ms
[2022-05-15T02:50:08.229+0000][33.170s] GC(4) User=0.02s Sys=0.00s Real=0.00s
[2022-05-15T02:50:08.229+0000][33.170s] GC(5) Concurrent Cycle
[2022-05-15T02:50:08.229+0000][33.170s] GC(5) Concurrent Clear Claimed Marks
[2022-05-15T02:50:08.229+0000][33.170s] GC(5) Concurrent Clear Claimed Marks 0.043ms
[2022-05-15T02:50:08.229+0000][33.170s] GC(5) Concurrent Scan Root Regions
[2022-05-15T02:50:08.231+0000][33.172s] GC(5) Concurrent Scan Root Regions 2.691ms
[2022-05-15T02:50:08.231+0000][33.172s] GC(5) Concurrent Mark (33.172s)
[2022-05-15T02:50:08.231+0000][33.172s] GC(5) Concurrent Mark From Roots
[2022-05-15T02:50:08.231+0000][33.172s] GC(5) Using 1 workers of 1 for marking
[2022-05-15T02:50:08.264+0000][33.205s] GC(5) Concurrent Mark From Roots 32.658ms
[2022-05-15T02:50:08.264+0000][33.205s] GC(5) Concurrent Preclean
[2022-05-15T02:50:08.264+0000][33.205s] GC(5) Concurrent Preclean 0.132ms
[2022-05-15T02:50:08.264+0000][33.205s] GC(5) Concurrent Mark (33.172s, 33.205s) 32.879ms
[2022-05-15T02:50:08.267+0000][33.208s] GC(5) Pause Remark
[2022-05-15T02:50:08.271+0000][33.212s] GC(5) Cleaned string and symbol table, strings: 9970 processed, 16 removed, symbols: 56237 processed, 43 removed
[2022-05-15T02:50:08.271+0000][33.212s] GC(5) Pause Remark 25M->25M(512M) 3.906ms
[2022-05-15T02:50:08.271+0000][33.212s] GC(5) User=0.02s Sys=0.00s Real=0.00s
[2022-05-15T02:50:08.271+0000][33.212s] GC(5) Concurrent Rebuild Remembered Sets
[2022-05-15T02:50:08.284+0000][33.224s] GC(5) Concurrent Rebuild Remembered Sets 12.426ms
[2022-05-15T02:50:08.284+0000][33.225s] GC(5) Pause Cleanup
[2022-05-15T02:50:08.284+0000][33.225s] GC(5) Pause Cleanup 25M->25M(512M) 0.130ms
[2022-05-15T02:50:08.284+0000][33.225s] GC(5) User=0.00s Sys=0.00s Real=0.00s
[2022-05-15T02:50:08.284+0000][33.225s] GC(5) Concurrent Cleanup for Next Mark
[2022-05-15T02:50:08.285+0000][33.226s] GC(5) Concurrent Cleanup for Next Mark 0.705ms
[2022-05-15T02:50:08.285+0000][33.226s] GC(5) Concurrent Cycle 56.090ms
[2022-05-15T02:52:16.359+0000][161.300s] Heap
[2022-05-15T02:52:16.359+0000][161.300s]  garbage-first heap   total 524288K, used 29216K [0x00000000e0000000, 0x0000000100000000)
[2022-05-15T02:52:16.359+0000][161.300s]   region size 1024K, 14 young (14336K), 7 survivors (7168K)
[2022-05-15T02:52:16.359+0000][161.300s]  Metaspace       used 20680K, capacity 21499K, committed 21628K, reserved 1069056K
[2022-05-15T02:52:16.359+0000][161.300s]   class space    used 2445K, capacity 2766K, committed 2816K, reserved 1048576K
