[2022-05-15T02:34:41.664+0000][0.026s] Heap region size: 1M
[2022-05-15T02:34:41.682+0000][0.044s] Using G1
[2022-05-15T02:34:41.682+0000][0.044s] Heap address: 0x00000000e0000000, size: 512 MB, Compressed Oops mode: 32-bit
[2022-05-15T02:34:41.683+0000][0.044s] Mark closed archive regions in map: [0x00000000fff00000, 0x00000000fff6aff8]
[2022-05-15T02:34:41.683+0000][0.044s] Mark open archive regions in map: [0x00000000ffe00000, 0x00000000ffe46ff8]
[2022-05-15T02:34:42.419+0000][0.780s] GC(0) Pause Young (Normal) (G1 Evacuation Pause)
[2022-05-15T02:34:42.419+0000][0.781s] GC(0) Using 4 workers of 4 for evacuation
[2022-05-15T02:34:42.429+0000][0.791s] GC(0)   Pre Evacuate Collection Set: 0.0ms
[2022-05-15T02:34:42.429+0000][0.791s] GC(0)   Evacuate Collection Set: 8.8ms
[2022-05-15T02:34:42.429+0000][0.791s] GC(0)   Post Evacuate Collection Set: 1.0ms
[2022-05-15T02:34:42.429+0000][0.791s] GC(0)   Other: 0.4ms
[2022-05-15T02:34:42.429+0000][0.791s] GC(0) Eden regions: 25->0(304)
[2022-05-15T02:34:42.429+0000][0.791s] GC(0) Survivor regions: 0->3(4)
[2022-05-15T02:34:42.429+0000][0.791s] GC(0) Old regions: 2->2
[2022-05-15T02:34:42.429+0000][0.791s] GC(0) Humongous regions: 0->0
[2022-05-15T02:34:42.429+0000][0.791s] GC(0) Metaspace: 6696K->6696K(1056768K)
[2022-05-15T02:34:42.429+0000][0.791s] GC(0) Pause Young (Normal) (G1 Evacuation Pause) 25M->3M(512M) 10.277ms
[2022-05-15T02:34:42.429+0000][0.791s] GC(0) User=0.04s Sys=0.00s Real=0.01s
[2022-05-15T02:34:42.933+0000][1.294s] GC(1) Pause Young (Normal) (G1 Evacuation Pause)
[2022-05-15T02:34:42.933+0000][1.295s] GC(1) Using 4 workers of 4 for evacuation
[2022-05-15T02:34:42.950+0000][1.312s] GC(1)   Pre Evacuate Collection Set: 0.0ms
[2022-05-15T02:34:42.950+0000][1.312s] GC(1)   Evacuate Collection Set: 16.2ms
[2022-05-15T02:34:42.950+0000][1.312s] GC(1)   Post Evacuate Collection Set: 1.1ms
[2022-05-15T02:34:42.950+0000][1.312s] GC(1)   Other: 0.2ms
[2022-05-15T02:34:42.950+0000][1.312s] GC(1) Eden regions: 23->0(48)
[2022-05-15T02:34:42.950+0000][1.312s] GC(1) Survivor regions: 3->4(4)
[2022-05-15T02:34:42.950+0000][1.312s] GC(1) Old regions: 2->9
[2022-05-15T02:34:42.950+0000][1.312s] GC(1) Humongous regions: 4->4
[2022-05-15T02:34:42.950+0000][1.312s] GC(1) Metaspace: 11837K->11837K(1060864K)
[2022-05-15T02:34:42.950+0000][1.312s] GC(1) Pause Young (Normal) (G1 Evacuation Pause) 30M->15M(512M) 17.605ms
[2022-05-15T02:34:42.950+0000][1.312s] GC(1) User=0.05s Sys=0.00s Real=0.01s
[2022-05-15T02:34:43.559+0000][1.921s] GC(2) Pause Young (Normal) (G1 Evacuation Pause)
[2022-05-15T02:34:43.559+0000][1.921s] GC(2) Using 4 workers of 4 for evacuation
[2022-05-15T02:34:43.570+0000][1.932s] GC(2)   Pre Evacuate Collection Set: 0.0ms
[2022-05-15T02:34:43.570+0000][1.932s] GC(2)   Evacuate Collection Set: 9.9ms
[2022-05-15T02:34:43.570+0000][1.932s] GC(2)   Post Evacuate Collection Set: 1.3ms
[2022-05-15T02:34:43.570+0000][1.932s] GC(2)   Other: 0.2ms
[2022-05-15T02:34:43.570+0000][1.932s] GC(2) Eden regions: 42->0(55)
[2022-05-15T02:34:43.570+0000][1.932s] GC(2) Survivor regions: 4->5(6)
[2022-05-15T02:34:43.570+0000][1.932s] GC(2) Old regions: 9->13
[2022-05-15T02:34:43.570+0000][1.932s] GC(2) Humongous regions: 4->4
[2022-05-15T02:34:43.570+0000][1.932s] GC(2) Metaspace: 17011K->17011K(1064960K)
[2022-05-15T02:34:43.570+0000][1.932s] GC(2) Pause Young (Normal) (G1 Evacuation Pause) 57M->19M(512M) 11.578ms
[2022-05-15T02:34:43.570+0000][1.932s] GC(2) User=0.04s Sys=0.00s Real=0.01s
[2022-05-15T02:34:44.302+0000][2.664s] GC(3) Pause Young (Concurrent Start) (Metadata GC Threshold)
[2022-05-15T02:34:44.302+0000][2.664s] GC(3) Using 4 workers of 4 for evacuation
[2022-05-15T02:34:44.320+0000][2.682s] GC(3)   Pre Evacuate Collection Set: 0.1ms
[2022-05-15T02:34:44.320+0000][2.682s] GC(3)   Evacuate Collection Set: 15.6ms
[2022-05-15T02:34:44.320+0000][2.682s] GC(3)   Post Evacuate Collection Set: 1.8ms
[2022-05-15T02:34:44.320+0000][2.682s] GC(3)   Other: 0.2ms
[2022-05-15T02:34:44.320+0000][2.682s] GC(3) Eden regions: 53->0(163)
[2022-05-15T02:34:44.320+0000][2.682s] GC(3) Survivor regions: 5->7(8)
[2022-05-15T02:34:44.320+0000][2.682s] GC(3) Old regions: 13->13
[2022-05-15T02:34:44.320+0000][2.682s] GC(3) Humongous regions: 4->4
[2022-05-15T02:34:44.320+0000][2.682s] GC(3) Metaspace: 20368K->20368K(1067008K)
[2022-05-15T02:34:44.320+0000][2.682s] GC(3) Pause Young (Concurrent Start) (Metadata GC Threshold) 72M->22M(512M) 17.847ms
[2022-05-15T02:34:44.320+0000][2.682s] GC(3) User=0.04s Sys=0.00s Real=0.02s
[2022-05-15T02:34:44.320+0000][2.682s] GC(4) Concurrent Cycle
[2022-05-15T02:34:44.320+0000][2.682s] GC(4) Concurrent Clear Claimed Marks
[2022-05-15T02:34:44.320+0000][2.682s] GC(4) Concurrent Clear Claimed Marks 0.061ms
[2022-05-15T02:34:44.320+0000][2.682s] GC(4) Concurrent Scan Root Regions
[2022-05-15T02:34:44.324+0000][2.686s] GC(4) Concurrent Scan Root Regions 4.055ms
[2022-05-15T02:34:44.324+0000][2.686s] GC(4) Concurrent Mark (2.686s)
[2022-05-15T02:34:44.324+0000][2.686s] GC(4) Concurrent Mark From Roots
[2022-05-15T02:34:44.324+0000][2.686s] GC(4) Using 1 workers of 1 for marking
[2022-05-15T02:34:44.373+0000][2.735s] GC(4) Concurrent Mark From Roots 48.775ms
[2022-05-15T02:34:44.373+0000][2.735s] GC(4) Concurrent Preclean
[2022-05-15T02:34:44.373+0000][2.735s] GC(4) Concurrent Preclean 0.098ms
[2022-05-15T02:34:44.373+0000][2.735s] GC(4) Concurrent Mark (2.686s, 2.735s) 48.953ms
[2022-05-15T02:34:44.374+0000][2.735s] GC(4) Pause Remark
[2022-05-15T02:34:44.377+0000][2.739s] GC(4) Cleaned string and symbol table, strings: 9925 processed, 15 removed, symbols: 58126 processed, 32 removed
[2022-05-15T02:34:44.378+0000][2.739s] GC(4) Pause Remark 31M->31M(512M) 3.980ms
[2022-05-15T02:34:44.378+0000][2.739s] GC(4) User=0.01s Sys=0.00s Real=0.00s
[2022-05-15T02:34:44.378+0000][2.739s] GC(4) Concurrent Rebuild Remembered Sets
[2022-05-15T02:34:44.399+0000][2.761s] GC(4) Concurrent Rebuild Remembered Sets 21.598ms
[2022-05-15T02:34:44.399+0000][2.761s] GC(4) Pause Cleanup
[2022-05-15T02:34:44.399+0000][2.761s] GC(4) Pause Cleanup 35M->35M(512M) 0.113ms
[2022-05-15T02:34:44.399+0000][2.761s] GC(4) User=0.00s Sys=0.00s Real=0.00s
[2022-05-15T02:34:44.399+0000][2.761s] GC(4) Concurrent Cleanup for Next Mark
[2022-05-15T02:34:44.400+0000][2.762s] GC(4) Concurrent Cleanup for Next Mark 0.618ms
[2022-05-15T02:34:44.400+0000][2.762s] GC(4) Concurrent Cycle 79.963ms
[2022-05-15T02:34:46.703+0000][5.065s] GC(5) Pause Young (Concurrent Start) (G1 Evacuation Pause)
[2022-05-15T02:34:46.703+0000][5.065s] GC(5) Using 4 workers of 4 for evacuation
[2022-05-15T02:34:46.733+0000][5.095s] GC(5)   Pre Evacuate Collection Set: 0.1ms
[2022-05-15T02:34:46.733+0000][5.095s] GC(5)   Evacuate Collection Set: 28.8ms
[2022-05-15T02:34:46.733+0000][5.095s] GC(5)   Post Evacuate Collection Set: 0.5ms
[2022-05-15T02:34:46.733+0000][5.095s] GC(5)   Other: 0.3ms
[2022-05-15T02:34:46.733+0000][5.095s] GC(5) Eden regions: 163->0(178)
[2022-05-15T02:34:46.733+0000][5.095s] GC(5) Survivor regions: 7->13(22)
[2022-05-15T02:34:46.733+0000][5.095s] GC(5) Old regions: 13->13
[2022-05-15T02:34:46.733+0000][5.095s] GC(5) Humongous regions: 4->4
[2022-05-15T02:34:46.733+0000][5.095s] GC(5) Metaspace: 33045K->33045K(1079296K)
[2022-05-15T02:34:46.733+0000][5.095s] GC(5) Pause Young (Concurrent Start) (G1 Evacuation Pause) 185M->28M(512M) 29.747ms
[2022-05-15T02:34:46.733+0000][5.095s] GC(5) User=0.11s Sys=0.00s Real=0.04s
[2022-05-15T02:34:46.733+0000][5.095s] GC(6) Concurrent Cycle
[2022-05-15T02:34:46.733+0000][5.095s] GC(6) Concurrent Clear Claimed Marks
[2022-05-15T02:34:46.733+0000][5.095s] GC(6) Concurrent Clear Claimed Marks 0.083ms
[2022-05-15T02:34:46.733+0000][5.095s] GC(6) Concurrent Scan Root Regions
[2022-05-15T02:34:46.747+0000][5.108s] GC(6) Concurrent Scan Root Regions 13.323ms
[2022-05-15T02:34:46.747+0000][5.108s] GC(6) Concurrent Mark (5.108s)
[2022-05-15T02:34:46.747+0000][5.108s] GC(6) Concurrent Mark From Roots
[2022-05-15T02:34:46.747+0000][5.108s] GC(6) Using 1 workers of 1 for marking
[2022-05-15T02:34:46.789+0000][5.151s] GC(6) Concurrent Mark From Roots 42.262ms
[2022-05-15T02:34:46.789+0000][5.151s] GC(6) Concurrent Preclean
[2022-05-15T02:34:46.789+0000][5.151s] GC(6) Concurrent Preclean 0.096ms
[2022-05-15T02:34:46.789+0000][5.151s] GC(6) Concurrent Mark (5.108s, 5.151s) 42.434ms
[2022-05-15T02:34:46.792+0000][5.154s] GC(6) Pause Remark
[2022-05-15T02:34:46.797+0000][5.159s] GC(6) Cleaned string and symbol table, strings: 15599 processed, 1 removed, symbols: 96893 processed, 47 removed
[2022-05-15T02:34:46.798+0000][5.159s] GC(6) Pause Remark 34M->34M(512M) 5.696ms
[2022-05-15T02:34:46.798+0000][5.159s] GC(6) User=0.01s Sys=0.00s Real=0.00s
[2022-05-15T02:34:46.798+0000][5.159s] GC(6) Concurrent Rebuild Remembered Sets
[2022-05-15T02:34:46.828+0000][5.190s] GC(6) Concurrent Rebuild Remembered Sets 30.193ms
[2022-05-15T02:34:46.828+0000][5.190s] GC(6) Pause Cleanup
[2022-05-15T02:34:46.828+0000][5.190s] GC(6) Pause Cleanup 38M->38M(512M) 0.126ms
[2022-05-15T02:34:46.828+0000][5.190s] GC(6) User=0.00s Sys=0.00s Real=0.00s
[2022-05-15T02:34:46.828+0000][5.190s] GC(6) Concurrent Cleanup for Next Mark
[2022-05-15T02:34:46.839+0000][5.201s] GC(6) Concurrent Cleanup for Next Mark 10.614ms
[2022-05-15T02:34:46.839+0000][5.201s] GC(6) Concurrent Cycle 105.700ms
[2022-05-15T02:37:49.942+0000][188.304s] Heap
[2022-05-15T02:37:49.942+0000][188.304s]  garbage-first heap   total 524288K, used 112187K [0x00000000e0000000, 0x0000000100000000)
[2022-05-15T02:37:49.942+0000][188.304s]   region size 1024K, 95 young (97280K), 13 survivors (13312K)
[2022-05-15T02:37:49.942+0000][188.304s]  Metaspace       used 37724K, capacity 38993K, committed 39368K, reserved 1083392K
[2022-05-15T02:37:49.942+0000][188.304s]   class space    used 4442K, capacity 5002K, committed 5120K, reserved 1048576K
