[2022-05-15T02:50:28.020+0000][0.031s] Heap region size: 1M
[2022-05-15T02:50:28.034+0000][0.045s] Using G1
[2022-05-15T02:50:28.034+0000][0.045s] Heap address: 0x00000000e0000000, size: 512 MB, Compressed Oops mode: 32-bit
[2022-05-15T02:50:28.034+0000][0.045s] Mark closed archive regions in map: [0x00000000fff00000, 0x00000000fff6aff8]
[2022-05-15T02:50:28.034+0000][0.045s] Mark open archive regions in map: [0x00000000ffe00000, 0x00000000ffe46ff8]
[2022-05-15T02:50:28.768+0000][0.779s] GC(0) Pause Young (Normal) (G1 Evacuation Pause)
[2022-05-15T02:50:28.769+0000][0.779s] GC(0) Using 4 workers of 4 for evacuation
[2022-05-15T02:50:28.791+0000][0.802s] GC(0)   Pre Evacuate Collection Set: 0.0ms
[2022-05-15T02:50:28.791+0000][0.802s] GC(0)   Evacuate Collection Set: 21.3ms
[2022-05-15T02:50:28.791+0000][0.802s] GC(0)   Post Evacuate Collection Set: 1.0ms
[2022-05-15T02:50:28.791+0000][0.802s] GC(0)   Other: 0.5ms
[2022-05-15T02:50:28.791+0000][0.802s] GC(0) Eden regions: 25->0(304)
[2022-05-15T02:50:28.791+0000][0.802s] GC(0) Survivor regions: 0->3(4)
[2022-05-15T02:50:28.791+0000][0.802s] GC(0) Old regions: 2->2
[2022-05-15T02:50:28.791+0000][0.802s] GC(0) Humongous regions: 0->0
[2022-05-15T02:50:28.791+0000][0.802s] GC(0) Metaspace: 6611K->6611K(1056768K)
[2022-05-15T02:50:28.791+0000][0.802s] GC(0) Pause Young (Normal) (G1 Evacuation Pause) 25M->3M(512M) 22.956ms
[2022-05-15T02:50:28.791+0000][0.802s] GC(0) User=0.07s Sys=0.01s Real=0.02s
[2022-05-15T02:50:29.288+0000][1.299s] GC(1) Pause Young (Normal) (G1 Evacuation Pause)
[2022-05-15T02:50:29.288+0000][1.299s] GC(1) Using 4 workers of 4 for evacuation
[2022-05-15T02:50:29.307+0000][1.318s] GC(1)   Pre Evacuate Collection Set: 0.0ms
[2022-05-15T02:50:29.307+0000][1.318s] GC(1)   Evacuate Collection Set: 18.6ms
[2022-05-15T02:50:29.307+0000][1.318s] GC(1)   Post Evacuate Collection Set: 0.4ms
[2022-05-15T02:50:29.307+0000][1.318s] GC(1)   Other: 0.1ms
[2022-05-15T02:50:29.307+0000][1.318s] GC(1) Eden regions: 24->0(48)
[2022-05-15T02:50:29.307+0000][1.318s] GC(1) Survivor regions: 3->4(4)
[2022-05-15T02:50:29.307+0000][1.318s] GC(1) Old regions: 2->9
[2022-05-15T02:50:29.307+0000][1.318s] GC(1) Humongous regions: 4->4
[2022-05-15T02:50:29.307+0000][1.318s] GC(1) Metaspace: 12189K->12189K(1060864K)
[2022-05-15T02:50:29.307+0000][1.318s] GC(1) Pause Young (Normal) (G1 Evacuation Pause) 31M->15M(512M) 19.316ms
[2022-05-15T02:50:29.307+0000][1.318s] GC(1) User=0.07s Sys=0.00s Real=0.02s
[2022-05-15T02:50:29.889+0000][1.900s] GC(2) Pause Young (Normal) (G1 Evacuation Pause)
[2022-05-15T02:50:29.889+0000][1.900s] GC(2) Using 4 workers of 4 for evacuation
[2022-05-15T02:50:29.899+0000][1.910s] GC(2)   Pre Evacuate Collection Set: 0.0ms
[2022-05-15T02:50:29.900+0000][1.910s] GC(2)   Evacuate Collection Set: 8.7ms
[2022-05-15T02:50:29.900+0000][1.910s] GC(2)   Post Evacuate Collection Set: 1.3ms
[2022-05-15T02:50:29.900+0000][1.910s] GC(2)   Other: 0.2ms
[2022-05-15T02:50:29.900+0000][1.910s] GC(2) Eden regions: 39->0(51)
[2022-05-15T02:50:29.900+0000][1.910s] GC(2) Survivor regions: 4->4(6)
[2022-05-15T02:50:29.900+0000][1.910s] GC(2) Old regions: 9->14
[2022-05-15T02:50:29.900+0000][1.910s] GC(2) Humongous regions: 4->4
[2022-05-15T02:50:29.900+0000][1.910s] GC(2) Metaspace: 16989K->16989K(1064960K)
[2022-05-15T02:50:29.900+0000][1.910s] GC(2) Pause Young (Normal) (G1 Evacuation Pause) 54M->20M(512M) 10.307ms
[2022-05-15T02:50:29.900+0000][1.910s] GC(2) User=0.03s Sys=0.01s Real=0.01s
[2022-05-15T02:50:52.111+0000][24.122s] GC(3) Pause Young (Normal) (G1 Evacuation Pause)
[2022-05-15T02:50:52.111+0000][24.122s] GC(3) Using 4 workers of 4 for evacuation
[2022-05-15T02:50:52.143+0000][24.153s] GC(3)   Pre Evacuate Collection Set: 0.0ms
[2022-05-15T02:50:52.143+0000][24.153s] GC(3)   Evacuate Collection Set: 27.4ms
[2022-05-15T02:50:52.143+0000][24.153s] GC(3)   Post Evacuate Collection Set: 3.9ms
[2022-05-15T02:50:52.143+0000][24.154s] GC(3)   Other: 0.4ms
[2022-05-15T02:50:52.143+0000][24.154s] GC(3) Eden regions: 51->0(66)
[2022-05-15T02:50:52.143+0000][24.154s] GC(3) Survivor regions: 4->7(7)
[2022-05-15T02:50:52.143+0000][24.154s] GC(3) Old regions: 14->14
[2022-05-15T02:50:52.143+0000][24.154s] GC(3) Humongous regions: 4->4
[2022-05-15T02:50:52.143+0000][24.154s] GC(3) Metaspace: 19359K->19359K(1067008K)
[2022-05-15T02:50:52.143+0000][24.154s] GC(3) Pause Young (Normal) (G1 Evacuation Pause) 71M->22M(512M) 32.234ms
[2022-05-15T02:50:52.143+0000][24.154s] GC(3) User=0.06s Sys=0.01s Real=0.03s
[2022-05-15T02:51:00.780+0000][32.790s] GC(4) Pause Young (Concurrent Start) (Metadata GC Threshold)
[2022-05-15T02:51:00.780+0000][32.790s] GC(4) Using 4 workers of 4 for evacuation
[2022-05-15T02:51:00.787+0000][32.798s] GC(4)   Pre Evacuate Collection Set: 0.1ms
[2022-05-15T02:51:00.787+0000][32.798s] GC(4)   Evacuate Collection Set: 6.9ms
[2022-05-15T02:51:00.787+0000][32.798s] GC(4)   Post Evacuate Collection Set: 0.3ms
[2022-05-15T02:51:00.787+0000][32.798s] GC(4)   Other: 0.3ms
[2022-05-15T02:51:00.787+0000][32.798s] GC(4) Eden regions: 11->0(74)
[2022-05-15T02:51:00.787+0000][32.798s] GC(4) Survivor regions: 7->4(10)
[2022-05-15T02:51:00.787+0000][32.798s] GC(4) Old regions: 14->17
[2022-05-15T02:51:00.787+0000][32.798s] GC(4) Humongous regions: 4->4
[2022-05-15T02:51:00.787+0000][32.798s] GC(4) Metaspace: 20316K->20316K(1069056K)
[2022-05-15T02:51:00.787+0000][32.798s] GC(4) Pause Young (Concurrent Start) (Metadata GC Threshold) 33M->23M(512M) 7.679ms
[2022-05-15T02:51:00.787+0000][32.798s] GC(4) User=0.03s Sys=0.00s Real=0.01s
[2022-05-15T02:51:00.787+0000][32.798s] GC(5) Concurrent Cycle
[2022-05-15T02:51:00.787+0000][32.798s] GC(5) Concurrent Clear Claimed Marks
[2022-05-15T02:51:00.788+0000][32.798s] GC(5) Concurrent Clear Claimed Marks 0.062ms
[2022-05-15T02:51:00.788+0000][32.798s] GC(5) Concurrent Scan Root Regions
[2022-05-15T02:51:00.789+0000][32.800s] GC(5) Concurrent Scan Root Regions 1.412ms
[2022-05-15T02:51:00.789+0000][32.800s] GC(5) Concurrent Mark (32.800s)
[2022-05-15T02:51:00.789+0000][32.800s] GC(5) Concurrent Mark From Roots
[2022-05-15T02:51:00.789+0000][32.800s] GC(5) Using 1 workers of 1 for marking
[2022-05-15T02:51:00.826+0000][32.837s] GC(5) Concurrent Mark From Roots 36.879ms
[2022-05-15T02:51:00.826+0000][32.837s] GC(5) Concurrent Preclean
[2022-05-15T02:51:00.826+0000][32.837s] GC(5) Concurrent Preclean 0.132ms
[2022-05-15T02:51:00.826+0000][32.837s] GC(5) Concurrent Mark (32.800s, 32.837s) 37.121ms
[2022-05-15T02:51:00.826+0000][32.837s] GC(5) Pause Remark
[2022-05-15T02:51:00.831+0000][32.842s] GC(5) Cleaned string and symbol table, strings: 10023 processed, 16 removed, symbols: 56240 processed, 43 removed
[2022-05-15T02:51:00.831+0000][32.842s] GC(5) Pause Remark 25M->25M(512M) 4.967ms
[2022-05-15T02:51:00.831+0000][32.842s] GC(5) User=0.02s Sys=0.00s Real=0.00s
[2022-05-15T02:51:00.831+0000][32.842s] GC(5) Concurrent Rebuild Remembered Sets
[2022-05-15T02:51:00.847+0000][32.857s] GC(5) Concurrent Rebuild Remembered Sets 15.318ms
[2022-05-15T02:51:00.847+0000][32.857s] GC(5) Pause Cleanup
[2022-05-15T02:51:00.847+0000][32.858s] GC(5) Pause Cleanup 25M->25M(512M) 0.101ms
[2022-05-15T02:51:00.847+0000][32.858s] GC(5) User=0.00s Sys=0.00s Real=0.00s
[2022-05-15T02:51:00.847+0000][32.858s] GC(5) Concurrent Cleanup for Next Mark
[2022-05-15T02:51:00.847+0000][32.858s] GC(5) Concurrent Cleanup for Next Mark 0.508ms
[2022-05-15T02:51:00.847+0000][32.858s] GC(5) Concurrent Cycle 59.973ms
[2022-05-15T02:52:11.460+0000][103.470s] Heap
[2022-05-15T02:52:11.460+0000][103.470s]  garbage-first heap   total 524288K, used 26894K [0x00000000e0000000, 0x0000000100000000)
[2022-05-15T02:52:11.460+0000][103.470s]   region size 1024K, 8 young (8192K), 4 survivors (4096K)
[2022-05-15T02:52:11.460+0000][103.471s]  Metaspace       used 20696K, capacity 21507K, committed 21628K, reserved 1069056K
[2022-05-15T02:52:11.460+0000][103.471s]   class space    used 2446K, capacity 2769K, committed 2816K, reserved 1048576K
