[2022-05-16T03:51:42.078+0000][0.007s] Heap region size: 1M
[2022-05-16T03:51:42.093+0000][0.022s] Using G1
[2022-05-16T03:51:42.093+0000][0.022s] Heap address: 0x00000000e0000000, size: 512 MB, Compressed Oops mode: 32-bit
[2022-05-16T03:51:42.093+0000][0.023s] Mark closed archive regions in map: [0x00000000fff00000, 0x00000000fff6aff8]
[2022-05-16T03:51:42.093+0000][0.023s] Mark open archive regions in map: [0x00000000ffe00000, 0x00000000ffe46ff8]
[2022-05-16T03:51:43.018+0000][0.948s] GC(0) Pause Young (Normal) (G1 Evacuation Pause)
[2022-05-16T03:51:43.022+0000][0.952s] GC(0) Using 4 workers of 4 for evacuation
[2022-05-16T03:51:43.040+0000][0.970s] GC(0)   Pre Evacuate Collection Set: 0.0ms
[2022-05-16T03:51:43.040+0000][0.970s] GC(0)   Evacuate Collection Set: 16.6ms
[2022-05-16T03:51:43.040+0000][0.970s] GC(0)   Post Evacuate Collection Set: 1.5ms
[2022-05-16T03:51:43.040+0000][0.970s] GC(0)   Other: 3.7ms
[2022-05-16T03:51:43.040+0000][0.970s] GC(0) Eden regions: 25->0(304)
[2022-05-16T03:51:43.040+0000][0.970s] GC(0) Survivor regions: 0->3(4)
[2022-05-16T03:51:43.040+0000][0.970s] GC(0) Old regions: 2->2
[2022-05-16T03:51:43.040+0000][0.970s] GC(0) Humongous regions: 0->0
[2022-05-16T03:51:43.040+0000][0.970s] GC(0) Metaspace: 6551K->6551K(1056768K)
[2022-05-16T03:51:43.040+0000][0.970s] GC(0) Pause Young (Normal) (G1 Evacuation Pause) 25M->3M(512M) 21.995ms
[2022-05-16T03:51:43.040+0000][0.970s] GC(0) User=0.06s Sys=0.00s Real=0.02s
[2022-05-16T03:51:43.632+0000][1.561s] GC(1) Pause Young (Normal) (G1 Evacuation Pause)
[2022-05-16T03:51:43.632+0000][1.561s] GC(1) Using 4 workers of 4 for evacuation
[2022-05-16T03:51:43.654+0000][1.584s] GC(1)   Pre Evacuate Collection Set: 0.0ms
[2022-05-16T03:51:43.654+0000][1.584s] GC(1)   Evacuate Collection Set: 20.8ms
[2022-05-16T03:51:43.654+0000][1.584s] GC(1)   Post Evacuate Collection Set: 1.7ms
[2022-05-16T03:51:43.654+0000][1.584s] GC(1)   Other: 0.1ms
[2022-05-16T03:51:43.654+0000][1.584s] GC(1) Eden regions: 24->0(47)
[2022-05-16T03:51:43.654+0000][1.584s] GC(1) Survivor regions: 3->4(4)
[2022-05-16T03:51:43.654+0000][1.584s] GC(1) Old regions: 2->10
[2022-05-16T03:51:43.654+0000][1.584s] GC(1) Humongous regions: 4->4
[2022-05-16T03:51:43.654+0000][1.584s] GC(1) Metaspace: 12544K->12544K(1060864K)
[2022-05-16T03:51:43.654+0000][1.584s] GC(1) Pause Young (Normal) (G1 Evacuation Pause) 31M->15M(512M) 22.717ms
[2022-05-16T03:51:43.654+0000][1.584s] GC(1) User=0.09s Sys=0.00s Real=0.02s
[2022-05-16T03:51:44.160+0000][2.090s] GC(2) Pause Young (Normal) (G1 Evacuation Pause)
[2022-05-16T03:51:44.161+0000][2.090s] GC(2) Using 4 workers of 4 for evacuation
[2022-05-16T03:51:44.170+0000][2.099s] GC(2)   Pre Evacuate Collection Set: 0.0ms
[2022-05-16T03:51:44.170+0000][2.100s] GC(2)   Evacuate Collection Set: 8.0ms
[2022-05-16T03:51:44.170+0000][2.100s] GC(2)   Post Evacuate Collection Set: 1.2ms
[2022-05-16T03:51:44.170+0000][2.100s] GC(2)   Other: 0.2ms
[2022-05-16T03:51:44.170+0000][2.100s] GC(2) Eden regions: 41->0(54)
[2022-05-16T03:51:44.170+0000][2.100s] GC(2) Survivor regions: 4->4(6)
[2022-05-16T03:51:44.170+0000][2.100s] GC(2) Old regions: 10->14
[2022-05-16T03:51:44.170+0000][2.100s] GC(2) Humongous regions: 4->4
[2022-05-16T03:51:44.170+0000][2.100s] GC(2) Metaspace: 17022K->17022K(1064960K)
[2022-05-16T03:51:44.170+0000][2.100s] GC(2) Pause Young (Normal) (G1 Evacuation Pause) 56M->19M(512M) 9.443ms
[2022-05-16T03:51:44.170+0000][2.100s] GC(2) User=0.02s Sys=0.01s Real=0.01s
[2022-05-16T03:51:44.474+0000][2.403s] GC(3) Pause Young (Normal) (G1 Evacuation Pause)
[2022-05-16T03:51:44.474+0000][2.403s] GC(3) Using 4 workers of 4 for evacuation
[2022-05-16T03:51:44.485+0000][2.415s] GC(3)   Pre Evacuate Collection Set: 0.0ms
[2022-05-16T03:51:44.485+0000][2.415s] GC(3)   Evacuate Collection Set: 9.8ms
[2022-05-16T03:51:44.485+0000][2.415s] GC(3)   Post Evacuate Collection Set: 1.4ms
[2022-05-16T03:51:44.485+0000][2.415s] GC(3)   Other: 0.2ms
[2022-05-16T03:51:44.485+0000][2.415s] GC(3) Eden regions: 54->0(92)
[2022-05-16T03:51:44.485+0000][2.415s] GC(3) Survivor regions: 4->7(8)
[2022-05-16T03:51:44.485+0000][2.415s] GC(3) Old regions: 14->14
[2022-05-16T03:51:44.485+0000][2.415s] GC(3) Humongous regions: 4->4
[2022-05-16T03:51:44.485+0000][2.415s] GC(3) Metaspace: 18903K->18903K(1067008K)
[2022-05-16T03:51:44.485+0000][2.415s] GC(3) Pause Young (Normal) (G1 Evacuation Pause) 73M->22M(512M) 11.551ms
[2022-05-16T03:51:44.485+0000][2.415s] GC(3) User=0.04s Sys=0.01s Real=0.01s
[2022-05-16T03:51:44.714+0000][2.644s] GC(4) Pause Young (Concurrent Start) (Metadata GC Threshold)
[2022-05-16T03:51:44.714+0000][2.644s] GC(4) Using 4 workers of 4 for evacuation
[2022-05-16T03:51:44.722+0000][2.651s] GC(4)   Pre Evacuate Collection Set: 0.1ms
[2022-05-16T03:51:44.722+0000][2.651s] GC(4)   Evacuate Collection Set: 6.7ms
[2022-05-16T03:51:44.722+0000][2.651s] GC(4)   Post Evacuate Collection Set: 0.4ms
[2022-05-16T03:51:44.722+0000][2.651s] GC(4)   Other: 0.2ms
[2022-05-16T03:51:44.722+0000][2.652s] GC(4) Eden regions: 11->0(137)
[2022-05-16T03:51:44.722+0000][2.652s] GC(4) Survivor regions: 7->7(13)
[2022-05-16T03:51:44.722+0000][2.652s] GC(4) Old regions: 14->14
[2022-05-16T03:51:44.722+0000][2.652s] GC(4) Humongous regions: 4->4
[2022-05-16T03:51:44.722+0000][2.652s] GC(4) Metaspace: 20362K->20362K(1067008K)
[2022-05-16T03:51:44.722+0000][2.652s] GC(4) Pause Young (Concurrent Start) (Metadata GC Threshold) 33M->22M(512M) 7.485ms
[2022-05-16T03:51:44.722+0000][2.652s] GC(4) User=0.03s Sys=0.00s Real=0.01s
[2022-05-16T03:51:44.722+0000][2.652s] GC(5) Concurrent Cycle
[2022-05-16T03:51:44.722+0000][2.652s] GC(5) Concurrent Clear Claimed Marks
[2022-05-16T03:51:44.722+0000][2.652s] GC(5) Concurrent Clear Claimed Marks 0.043ms
[2022-05-16T03:51:44.722+0000][2.652s] GC(5) Concurrent Scan Root Regions
[2022-05-16T03:51:44.725+0000][2.654s] GC(5) Concurrent Scan Root Regions 2.788ms
[2022-05-16T03:51:44.725+0000][2.655s] GC(5) Concurrent Mark (2.655s)
[2022-05-16T03:51:44.725+0000][2.655s] GC(5) Concurrent Mark From Roots
[2022-05-16T03:51:44.725+0000][2.655s] GC(5) Using 1 workers of 1 for marking
[2022-05-16T03:51:44.753+0000][2.683s] GC(5) Concurrent Mark From Roots 28.497ms
[2022-05-16T03:51:44.753+0000][2.683s] GC(5) Concurrent Preclean
[2022-05-16T03:51:44.754+0000][2.683s] GC(5) Concurrent Preclean 0.114ms
[2022-05-16T03:51:44.754+0000][2.683s] GC(5) Concurrent Mark (2.655s, 2.683s) 28.686ms
[2022-05-16T03:51:44.754+0000][2.683s] GC(5) Pause Remark
[2022-05-16T03:51:44.757+0000][2.686s] GC(5) Cleaned string and symbol table, strings: 9895 processed, 20 removed, symbols: 58031 processed, 32 removed
[2022-05-16T03:51:44.757+0000][2.687s] GC(5) Pause Remark 28M->28M(512M) 3.247ms
[2022-05-16T03:51:44.757+0000][2.687s] GC(5) User=0.01s Sys=0.00s Real=0.00s
[2022-05-16T03:51:44.757+0000][2.687s] GC(5) Concurrent Rebuild Remembered Sets
[2022-05-16T03:51:44.773+0000][2.703s] GC(5) Concurrent Rebuild Remembered Sets 15.947ms
[2022-05-16T03:51:44.774+0000][2.704s] GC(5) Pause Cleanup
[2022-05-16T03:51:44.774+0000][2.704s] GC(5) Pause Cleanup 34M->34M(512M) 0.114ms
[2022-05-16T03:51:44.774+0000][2.704s] GC(5) User=0.00s Sys=0.00s Real=0.00s
[2022-05-16T03:51:44.774+0000][2.704s] GC(5) Concurrent Cleanup for Next Mark
[2022-05-16T03:51:44.775+0000][2.704s] GC(5) Concurrent Cleanup for Next Mark 0.655ms
[2022-05-16T03:51:44.775+0000][2.704s] GC(5) Concurrent Cycle 52.857ms
[2022-05-16T03:52:09.402+0000][27.331s] GC(6) Pause Young (Concurrent Start) (G1 Evacuation Pause)
[2022-05-16T03:52:09.402+0000][27.331s] GC(6) Using 4 workers of 4 for evacuation
[2022-05-16T03:52:09.414+0000][27.344s] GC(6)   Pre Evacuate Collection Set: 0.1ms
[2022-05-16T03:52:09.415+0000][27.344s] GC(6)   Evacuate Collection Set: 12.3ms
[2022-05-16T03:52:09.415+0000][27.344s] GC(6)   Post Evacuate Collection Set: 0.3ms
[2022-05-16T03:52:09.415+0000][27.344s] GC(6)   Other: 0.2ms
[2022-05-16T03:52:09.415+0000][27.344s] GC(6) Eden regions: 148->0(195)
[2022-05-16T03:52:09.415+0000][27.344s] GC(6) Survivor regions: 7->11(20)
[2022-05-16T03:52:09.415+0000][27.344s] GC(6) Old regions: 14->14
[2022-05-16T03:52:09.415+0000][27.344s] GC(6) Humongous regions: 4->4
[2022-05-16T03:52:09.415+0000][27.344s] GC(6) Metaspace: 32328K->32328K(1079296K)
[2022-05-16T03:52:09.415+0000][27.344s] GC(6) Pause Young (Concurrent Start) (G1 Evacuation Pause) 170M->26M(512M) 13.062ms
[2022-05-16T03:52:09.415+0000][27.344s] GC(6) User=0.04s Sys=0.01s Real=0.01s
[2022-05-16T03:52:09.415+0000][27.344s] GC(7) Concurrent Cycle
[2022-05-16T03:52:09.415+0000][27.344s] GC(7) Concurrent Clear Claimed Marks
[2022-05-16T03:52:09.415+0000][27.344s] GC(7) Concurrent Clear Claimed Marks 0.097ms
[2022-05-16T03:52:09.415+0000][27.344s] GC(7) Concurrent Scan Root Regions
[2022-05-16T03:52:09.422+0000][27.352s] GC(7) Concurrent Scan Root Regions 7.065ms
[2022-05-16T03:52:09.422+0000][27.352s] GC(7) Concurrent Mark (27.352s)
[2022-05-16T03:52:09.422+0000][27.352s] GC(7) Concurrent Mark From Roots
[2022-05-16T03:52:09.422+0000][27.352s] GC(7) Using 1 workers of 1 for marking
[2022-05-16T03:52:09.458+0000][27.388s] GC(7) Concurrent Mark From Roots 36.510ms
[2022-05-16T03:52:09.458+0000][27.388s] GC(7) Concurrent Preclean
[2022-05-16T03:52:09.459+0000][27.388s] GC(7) Concurrent Preclean 0.120ms
[2022-05-16T03:52:09.459+0000][27.388s] GC(7) Concurrent Mark (27.352s, 27.388s) 36.720ms
[2022-05-16T03:52:09.460+0000][27.389s] GC(7) Pause Remark
[2022-05-16T03:52:09.465+0000][27.395s] GC(7) Cleaned string and symbol table, strings: 14611 processed, 0 removed, symbols: 94705 processed, 46 removed
[2022-05-16T03:52:09.465+0000][27.395s] GC(7) Pause Remark 29M->29M(512M) 5.856ms
[2022-05-16T03:52:09.465+0000][27.395s] GC(7) User=0.02s Sys=0.00s Real=0.00s
[2022-05-16T03:52:09.466+0000][27.395s] GC(7) Concurrent Rebuild Remembered Sets
[2022-05-16T03:52:09.489+0000][27.418s] GC(7) Concurrent Rebuild Remembered Sets 23.172ms
[2022-05-16T03:52:09.489+0000][27.419s] GC(7) Pause Cleanup
[2022-05-16T03:52:09.489+0000][27.419s] GC(7) Pause Cleanup 30M->30M(512M) 0.113ms
[2022-05-16T03:52:09.489+0000][27.419s] GC(7) User=0.00s Sys=0.00s Real=0.00s
[2022-05-16T03:52:09.489+0000][27.419s] GC(7) Concurrent Cleanup for Next Mark
[2022-05-16T03:52:09.490+0000][27.420s] GC(7) Concurrent Cleanup for Next Mark 1.166ms
[2022-05-16T03:52:09.490+0000][27.420s] GC(7) Concurrent Cycle 75.638ms
[2022-05-16T03:52:11.469+0000][29.399s] GC(8) Pause Young (Normal) (G1 Evacuation Pause)
[2022-05-16T03:52:11.469+0000][29.399s] GC(8) Using 4 workers of 4 for evacuation
[2022-05-16T03:52:11.503+0000][29.433s] GC(8)   Pre Evacuate Collection Set: 0.0ms
[2022-05-16T03:52:11.503+0000][29.433s] GC(8)   Evacuate Collection Set: 32.8ms
[2022-05-16T03:52:11.503+0000][29.433s] GC(8)   Post Evacuate Collection Set: 1.3ms
[2022-05-16T03:52:11.503+0000][29.433s] GC(8)   Other: 0.2ms
[2022-05-16T03:52:11.503+0000][29.433s] GC(8) Eden regions: 201->0(267)
[2022-05-16T03:52:11.503+0000][29.433s] GC(8) Survivor regions: 11->18(27)
[2022-05-16T03:52:11.503+0000][29.433s] GC(8) Old regions: 14->14
[2022-05-16T03:52:11.503+0000][29.433s] GC(8) Humongous regions: 5->4
[2022-05-16T03:52:11.503+0000][29.433s] GC(8) Metaspace: 42403K->42403K(1087488K)
[2022-05-16T03:52:11.503+0000][29.433s] GC(8) Pause Young (Normal) (G1 Evacuation Pause) 228M->34M(512M) 34.389ms
[2022-05-16T03:52:11.503+0000][29.433s] GC(8) User=0.09s Sys=0.01s Real=0.04s
[2022-05-16T03:53:04.614+0000][82.544s] GC(9) Pause Young (Normal) (G1 Evacuation Pause)
[2022-05-16T03:53:04.614+0000][82.544s] GC(9) Using 4 workers of 4 for evacuation
[2022-05-16T03:53:04.772+0000][82.702s] GC(9)   Pre Evacuate Collection Set: 0.0ms
[2022-05-16T03:53:04.772+0000][82.702s] GC(9)   Evacuate Collection Set: 150.2ms
[2022-05-16T03:53:04.772+0000][82.702s] GC(9)   Post Evacuate Collection Set: 7.6ms
[2022-05-16T03:53:04.772+0000][82.702s] GC(9)   Other: 0.4ms
[2022-05-16T03:53:04.772+0000][82.702s] GC(9) Eden regions: 267->0(276)
[2022-05-16T03:53:04.772+0000][82.702s] GC(9) Survivor regions: 18->31(36)
[2022-05-16T03:53:04.772+0000][82.702s] GC(9) Old regions: 14->14
[2022-05-16T03:53:04.772+0000][82.702s] GC(9) Humongous regions: 4->4
[2022-05-16T03:53:04.772+0000][82.702s] GC(9) Metaspace: 52462K->52462K(1097728K)
[2022-05-16T03:53:04.772+0000][82.702s] GC(9) Pause Young (Normal) (G1 Evacuation Pause) 301M->47M(512M) 158.325ms
[2022-05-16T03:53:04.772+0000][82.702s] GC(9) User=0.14s Sys=0.01s Real=0.16s
