[2022-05-16T01:49:00.170+0000][0.021s] Heap region size: 1M
[2022-05-16T01:49:00.181+0000][0.033s] Using G1
[2022-05-16T01:49:00.181+0000][0.033s] Heap address: 0x00000000e0000000, size: 512 MB, Compressed Oops mode: 32-bit
[2022-05-16T01:49:00.182+0000][0.033s] Mark closed archive regions in map: [0x00000000fff00000, 0x00000000fff6aff8]
[2022-05-16T01:49:00.182+0000][0.033s] Mark open archive regions in map: [0x00000000ffe00000, 0x00000000ffe46ff8]
[2022-05-16T01:49:00.823+0000][0.675s] GC(0) Pause Young (Normal) (G1 Evacuation Pause)
[2022-05-16T01:49:00.830+0000][0.681s] GC(0) Using 4 workers of 4 for evacuation
[2022-05-16T01:49:00.853+0000][0.705s] GC(0)   Pre Evacuate Collection Set: 0.0ms
[2022-05-16T01:49:00.853+0000][0.705s] GC(0)   Evacuate Collection Set: 8.4ms
[2022-05-16T01:49:00.853+0000][0.705s] GC(0)   Post Evacuate Collection Set: 15.0ms
[2022-05-16T01:49:00.853+0000][0.705s] GC(0)   Other: 6.5ms
[2022-05-16T01:49:00.853+0000][0.705s] GC(0) Eden regions: 25->0(304)
[2022-05-16T01:49:00.853+0000][0.705s] GC(0) Survivor regions: 0->3(4)
[2022-05-16T01:49:00.853+0000][0.705s] GC(0) Old regions: 2->2
[2022-05-16T01:49:00.853+0000][0.705s] GC(0) Humongous regions: 0->0
[2022-05-16T01:49:00.853+0000][0.705s] GC(0) Metaspace: 6860K->6860K(1056768K)
[2022-05-16T01:49:00.853+0000][0.705s] GC(0) Pause Young (Normal) (G1 Evacuation Pause) 25M->3M(512M) 30.071ms
[2022-05-16T01:49:00.853+0000][0.705s] GC(0) User=0.07s Sys=0.00s Real=0.03s
[2022-05-16T01:49:01.395+0000][1.247s] GC(1) Pause Young (Normal) (G1 Evacuation Pause)
[2022-05-16T01:49:01.395+0000][1.247s] GC(1) Using 4 workers of 4 for evacuation
[2022-05-16T01:49:01.409+0000][1.260s] GC(1)   Pre Evacuate Collection Set: 0.0ms
[2022-05-16T01:49:01.409+0000][1.260s] GC(1)   Evacuate Collection Set: 13.1ms
[2022-05-16T01:49:01.409+0000][1.260s] GC(1)   Post Evacuate Collection Set: 0.2ms
[2022-05-16T01:49:01.409+0000][1.260s] GC(1)   Other: 0.1ms
[2022-05-16T01:49:01.409+0000][1.260s] GC(1) Eden regions: 31->0(37)
[2022-05-16T01:49:01.409+0000][1.260s] GC(1) Survivor regions: 3->5(5)
[2022-05-16T01:49:01.409+0000][1.260s] GC(1) Old regions: 2->9
[2022-05-16T01:49:01.409+0000][1.260s] GC(1) Humongous regions: 4->4
[2022-05-16T01:49:01.409+0000][1.260s] GC(1) Metaspace: 14560K->14560K(1062912K)
[2022-05-16T01:49:01.409+0000][1.261s] GC(1) Pause Young (Normal) (G1 Evacuation Pause) 38M->16M(512M) 13.567ms
[2022-05-16T01:49:01.409+0000][1.261s] GC(1) User=0.05s Sys=0.00s Real=0.01s
[2022-05-16T01:49:01.676+0000][1.528s] GC(2) Pause Young (Normal) (G1 Evacuation Pause)
[2022-05-16T01:49:01.676+0000][1.528s] GC(2) Using 4 workers of 4 for evacuation
[2022-05-16T01:49:01.683+0000][1.534s] GC(2)   Pre Evacuate Collection Set: 0.0ms
[2022-05-16T01:49:01.683+0000][1.534s] GC(2)   Evacuate Collection Set: 5.7ms
[2022-05-16T01:49:01.683+0000][1.534s] GC(2)   Post Evacuate Collection Set: 0.8ms
[2022-05-16T01:49:01.683+0000][1.534s] GC(2)   Other: 0.1ms
[2022-05-16T01:49:01.683+0000][1.534s] GC(2) Eden regions: 37->0(49)
[2022-05-16T01:49:01.683+0000][1.534s] GC(2) Survivor regions: 5->5(6)
[2022-05-16T01:49:01.683+0000][1.534s] GC(2) Old regions: 9->14
[2022-05-16T01:49:01.683+0000][1.534s] GC(2) Humongous regions: 4->4
[2022-05-16T01:49:01.683+0000][1.534s] GC(2) Metaspace: 17001K->17001K(1064960K)
[2022-05-16T01:49:01.683+0000][1.534s] GC(2) Pause Young (Normal) (G1 Evacuation Pause) 53M->20M(512M) 6.739ms
[2022-05-16T01:49:01.683+0000][1.534s] GC(2) User=0.02s Sys=0.00s Real=0.01s
[2022-05-16T01:49:02.085+0000][1.936s] GC(3) Pause Young (Concurrent Start) (Metadata GC Threshold)
[2022-05-16T01:49:02.085+0000][1.937s] GC(3) Using 4 workers of 4 for evacuation
[2022-05-16T01:49:02.092+0000][1.944s] GC(3)   Pre Evacuate Collection Set: 0.0ms
[2022-05-16T01:49:02.092+0000][1.944s] GC(3)   Evacuate Collection Set: 5.4ms
[2022-05-16T01:49:02.092+0000][1.944s] GC(3)   Post Evacuate Collection Set: 1.9ms
[2022-05-16T01:49:02.093+0000][1.944s] GC(3)   Other: 0.1ms
[2022-05-16T01:49:02.093+0000][1.944s] GC(3) Eden regions: 46->0(304)
[2022-05-16T01:49:02.093+0000][1.944s] GC(3) Survivor regions: 5->3(7)
[2022-05-16T01:49:02.093+0000][1.944s] GC(3) Old regions: 14->19
[2022-05-16T01:49:02.093+0000][1.944s] GC(3) Humongous regions: 4->4
[2022-05-16T01:49:02.093+0000][1.944s] GC(3) Metaspace: 20277K->20277K(1067008K)
[2022-05-16T01:49:02.093+0000][1.944s] GC(3) Pause Young (Concurrent Start) (Metadata GC Threshold) 66M->23M(512M) 7.653ms
[2022-05-16T01:49:02.093+0000][1.944s] GC(3) User=0.02s Sys=0.01s Real=0.01s
[2022-05-16T01:49:02.093+0000][1.944s] GC(4) Concurrent Cycle
[2022-05-16T01:49:02.093+0000][1.944s] GC(4) Concurrent Clear Claimed Marks
[2022-05-16T01:49:02.093+0000][1.944s] GC(4) Concurrent Clear Claimed Marks 0.046ms
[2022-05-16T01:49:02.093+0000][1.944s] GC(4) Concurrent Scan Root Regions
[2022-05-16T01:49:02.094+0000][1.945s] GC(4) Concurrent Scan Root Regions 1.071ms
[2022-05-16T01:49:02.094+0000][1.945s] GC(4) Concurrent Mark (1.945s)
[2022-05-16T01:49:02.094+0000][1.945s] GC(4) Concurrent Mark From Roots
[2022-05-16T01:49:02.094+0000][1.945s] GC(4) Using 1 workers of 1 for marking
[2022-05-16T01:49:02.130+0000][1.982s] GC(4) Concurrent Mark From Roots 36.436ms
[2022-05-16T01:49:02.130+0000][1.982s] GC(4) Concurrent Preclean
[2022-05-16T01:49:02.130+0000][1.982s] GC(4) Concurrent Preclean 0.102ms
[2022-05-16T01:49:02.130+0000][1.982s] GC(4) Concurrent Mark (1.945s, 1.982s) 36.595ms
[2022-05-16T01:49:02.130+0000][1.982s] GC(4) Pause Remark
[2022-05-16T01:49:02.137+0000][1.988s] GC(4) Cleaned string and symbol table, strings: 9923 processed, 22 removed, symbols: 57914 processed, 32 removed
[2022-05-16T01:49:02.137+0000][1.988s] GC(4) Pause Remark 28M->28M(512M) 6.323ms
[2022-05-16T01:49:02.137+0000][1.988s] GC(4) User=0.02s Sys=0.00s Real=0.00s
[2022-05-16T01:49:02.137+0000][1.988s] GC(4) Concurrent Rebuild Remembered Sets
[2022-05-16T01:49:02.164+0000][2.015s] GC(4) Concurrent Rebuild Remembered Sets 26.927ms
[2022-05-16T01:49:02.164+0000][2.016s] GC(4) Pause Cleanup
[2022-05-16T01:49:02.164+0000][2.016s] GC(4) Pause Cleanup 34M->34M(512M) 0.104ms
[2022-05-16T01:49:02.164+0000][2.016s] GC(4) User=0.00s Sys=0.00s Real=0.00s
[2022-05-16T01:49:02.164+0000][2.016s] GC(4) Concurrent Cleanup for Next Mark
[2022-05-16T01:49:02.165+0000][2.016s] GC(4) Concurrent Cleanup for Next Mark 0.530ms
[2022-05-16T01:49:02.165+0000][2.016s] GC(4) Concurrent Cycle 72.043ms
[2022-05-16T01:49:06.508+0000][6.360s] GC(5) Pause Young (Concurrent Start) (Metadata GC Threshold)
[2022-05-16T01:49:06.508+0000][6.360s] GC(5) Using 4 workers of 4 for evacuation
[2022-05-16T01:49:06.521+0000][6.372s] GC(5)   Pre Evacuate Collection Set: 0.1ms
[2022-05-16T01:49:06.521+0000][6.372s] GC(5)   Evacuate Collection Set: 12.1ms
[2022-05-16T01:49:06.521+0000][6.372s] GC(5)   Post Evacuate Collection Set: 0.4ms
[2022-05-16T01:49:06.521+0000][6.372s] GC(5)   Other: 0.2ms
[2022-05-16T01:49:06.521+0000][6.372s] GC(5) Eden regions: 177->0(298)
[2022-05-16T01:49:06.521+0000][6.372s] GC(5) Survivor regions: 3->9(39)
[2022-05-16T01:49:06.521+0000][6.372s] GC(5) Old regions: 19->19
[2022-05-16T01:49:06.521+0000][6.372s] GC(5) Humongous regions: 4->4
[2022-05-16T01:49:06.521+0000][6.372s] GC(5) Metaspace: 35300K->35300K(1081344K)
[2022-05-16T01:49:06.521+0000][6.372s] GC(5) Pause Young (Concurrent Start) (Metadata GC Threshold) 200M->30M(512M) 12.793ms
[2022-05-16T01:49:06.521+0000][6.372s] GC(5) User=0.04s Sys=0.00s Real=0.02s
[2022-05-16T01:49:06.521+0000][6.372s] GC(6) Concurrent Cycle
[2022-05-16T01:49:06.521+0000][6.372s] GC(6) Concurrent Clear Claimed Marks
[2022-05-16T01:49:06.521+0000][6.373s] GC(6) Concurrent Clear Claimed Marks 0.089ms
[2022-05-16T01:49:06.521+0000][6.373s] GC(6) Concurrent Scan Root Regions
[2022-05-16T01:49:06.527+0000][6.379s] GC(6) Concurrent Scan Root Regions 6.049ms
[2022-05-16T01:49:06.527+0000][6.379s] GC(6) Concurrent Mark (6.379s)
[2022-05-16T01:49:06.527+0000][6.379s] GC(6) Concurrent Mark From Roots
[2022-05-16T01:49:06.527+0000][6.379s] GC(6) Using 1 workers of 1 for marking
[2022-05-16T01:49:06.550+0000][6.402s] GC(6) Concurrent Mark From Roots 23.025ms
[2022-05-16T01:49:06.550+0000][6.402s] GC(6) Concurrent Preclean
[2022-05-16T01:49:06.550+0000][6.402s] GC(6) Concurrent Preclean 0.070ms
[2022-05-16T01:49:06.550+0000][6.402s] GC(6) Concurrent Mark (6.379s, 6.402s) 23.142ms
[2022-05-16T01:49:06.550+0000][6.402s] GC(6) Pause Remark
[2022-05-16T01:49:06.558+0000][6.409s] GC(6) Cleaned string and symbol table, strings: 16551 processed, 3 removed, symbols: 101803 processed, 59 removed
[2022-05-16T01:49:06.558+0000][6.409s] GC(6) Pause Remark 34M->34M(512M) 7.456ms
[2022-05-16T01:49:06.558+0000][6.409s] GC(6) User=0.01s Sys=0.01s Real=0.01s
[2022-05-16T01:49:06.558+0000][6.409s] GC(6) Concurrent Rebuild Remembered Sets
[2022-05-16T01:49:06.574+0000][6.425s] GC(6) Concurrent Rebuild Remembered Sets 15.931ms
[2022-05-16T01:49:06.574+0000][6.425s] GC(6) Pause Cleanup
[2022-05-16T01:49:06.574+0000][6.425s] GC(6) Pause Cleanup 36M->36M(512M) 0.089ms
[2022-05-16T01:49:06.574+0000][6.425s] GC(6) User=0.00s Sys=0.00s Real=0.00s
[2022-05-16T01:49:06.574+0000][6.426s] GC(6) Concurrent Cleanup for Next Mark
[2022-05-16T01:49:06.575+0000][6.426s] GC(6) Concurrent Cleanup for Next Mark 0.557ms
[2022-05-16T01:49:06.575+0000][6.426s] GC(6) Concurrent Cycle 53.683ms
[2022-05-16T01:50:14.618+0000][74.469s] GC(7) Pause Young (Concurrent Start) (G1 Evacuation Pause)
[2022-05-16T01:50:14.618+0000][74.470s] GC(7) Using 4 workers of 4 for evacuation
[2022-05-16T01:50:14.713+0000][74.565s] GC(7)   Pre Evacuate Collection Set: 0.1ms
[2022-05-16T01:50:14.713+0000][74.565s] GC(7)   Evacuate Collection Set: 91.7ms
[2022-05-16T01:50:14.713+0000][74.565s] GC(7)   Post Evacuate Collection Set: 3.1ms
[2022-05-16T01:50:14.713+0000][74.565s] GC(7)   Other: 0.2ms
[2022-05-16T01:50:14.713+0000][74.565s] GC(7) Eden regions: 298->0(284)
[2022-05-16T01:50:14.713+0000][74.565s] GC(7) Survivor regions: 9->23(39)
[2022-05-16T01:50:14.713+0000][74.565s] GC(7) Old regions: 19->19
[2022-05-16T01:50:14.713+0000][74.565s] GC(7) Humongous regions: 5->4
[2022-05-16T01:50:14.713+0000][74.565s] GC(7) Metaspace: 49389K->49389K(1093632K)
[2022-05-16T01:50:14.713+0000][74.565s] GC(7) Pause Young (Concurrent Start) (G1 Evacuation Pause) 329M->43M(512M) 95.206ms
[2022-05-16T01:50:14.713+0000][74.565s] GC(7) User=0.10s Sys=0.01s Real=0.09s
[2022-05-16T01:50:14.713+0000][74.565s] GC(8) Concurrent Cycle
[2022-05-16T01:50:14.713+0000][74.565s] GC(8) Concurrent Clear Claimed Marks
[2022-05-16T01:50:14.713+0000][74.565s] GC(8) Concurrent Clear Claimed Marks 0.113ms
[2022-05-16T01:50:14.713+0000][74.565s] GC(8) Concurrent Scan Root Regions
[2022-05-16T01:50:14.731+0000][74.582s] GC(8) Concurrent Scan Root Regions 17.301ms
[2022-05-16T01:50:14.731+0000][74.582s] GC(8) Concurrent Mark (74.582s)
[2022-05-16T01:50:14.731+0000][74.582s] GC(8) Concurrent Mark From Roots
[2022-05-16T01:50:14.731+0000][74.582s] GC(8) Using 1 workers of 1 for marking
[2022-05-16T01:50:14.870+0000][74.722s] GC(8) Concurrent Mark From Roots 139.410ms
[2022-05-16T01:50:14.870+0000][74.722s] GC(8) Concurrent Preclean
[2022-05-16T01:50:14.870+0000][74.722s] GC(8) Concurrent Preclean 0.098ms
[2022-05-16T01:50:14.870+0000][74.722s] GC(8) Concurrent Mark (74.582s, 74.722s) 139.563ms
[2022-05-16T01:50:14.874+0000][74.726s] GC(8) Pause Remark
[2022-05-16T01:50:14.883+0000][74.735s] GC(8) Cleaned string and symbol table, strings: 24049 processed, 0 removed, symbols: 138633 processed, 461 removed
[2022-05-16T01:50:14.883+0000][74.735s] GC(8) Pause Remark 53M->53M(512M) 9.238ms
[2022-05-16T01:50:14.883+0000][74.735s] GC(8) User=0.02s Sys=0.00s Real=0.01s
[2022-05-16T01:50:14.883+0000][74.735s] GC(8) Concurrent Rebuild Remembered Sets
[2022-05-16T01:50:14.923+0000][74.775s] GC(8) Concurrent Rebuild Remembered Sets 39.599ms
[2022-05-16T01:50:14.926+0000][74.778s] GC(8) Pause Cleanup
[2022-05-16T01:50:14.926+0000][74.778s] GC(8) Pause Cleanup 58M->58M(512M) 0.149ms
[2022-05-16T01:50:14.926+0000][74.778s] GC(8) User=0.00s Sys=0.00s Real=0.00s
[2022-05-16T01:50:14.926+0000][74.778s] GC(8) Concurrent Cleanup for Next Mark
[2022-05-16T01:50:14.927+0000][74.779s] GC(8) Concurrent Cleanup for Next Mark 0.837ms
[2022-05-16T01:50:14.927+0000][74.779s] GC(8) Concurrent Cycle 213.857ms
[2022-05-16T03:51:13.130+0000][7332.982s] Heap
[2022-05-16T03:51:13.130+0000][7332.982s]  garbage-first heap   total 524288K, used 227272K [0x00000000e0000000, 0x0000000100000000)
[2022-05-16T03:51:13.130+0000][7332.982s]   region size 1024K, 203 young (207872K), 23 survivors (23552K)
[2022-05-16T03:51:13.130+0000][7332.982s]  Metaspace       used 52658K, capacity 54490K, committed 54852K, reserved 1097728K
[2022-05-16T03:51:13.130+0000][7332.982s]   class space    used 6368K, capacity 7170K, committed 7296K, reserved 1048576K
