[2022-05-16T01:46:19.355+0000][0.025s] Heap region size: 1M
[2022-05-16T01:46:19.383+0000][0.053s] Using G1
[2022-05-16T01:46:19.383+0000][0.053s] Heap address: 0x00000000e0000000, size: 512 MB, Compressed Oops mode: 32-bit
[2022-05-16T01:46:19.383+0000][0.053s] Mark closed archive regions in map: [0x00000000fff00000, 0x00000000fff6aff8]
[2022-05-16T01:46:19.383+0000][0.054s] Mark open archive regions in map: [0x00000000ffe00000, 0x00000000ffe46ff8]
[2022-05-16T01:46:19.840+0000][0.510s] GC(0) Pause Young (Normal) (G1 Evacuation Pause)
[2022-05-16T01:46:19.840+0000][0.510s] GC(0) Using 4 workers of 4 for evacuation
[2022-05-16T01:46:19.858+0000][0.528s] GC(0)   Pre Evacuate Collection Set: 0.0ms
[2022-05-16T01:46:19.858+0000][0.528s] GC(0)   Evacuate Collection Set: 16.4ms
[2022-05-16T01:46:19.858+0000][0.528s] GC(0)   Post Evacuate Collection Set: 1.3ms
[2022-05-16T01:46:19.858+0000][0.528s] GC(0)   Other: 0.4ms
[2022-05-16T01:46:19.858+0000][0.528s] GC(0) Eden regions: 25->0(304)
[2022-05-16T01:46:19.858+0000][0.528s] GC(0) Survivor regions: 0->3(4)
[2022-05-16T01:46:19.858+0000][0.528s] GC(0) Old regions: 2->2
[2022-05-16T01:46:19.858+0000][0.528s] GC(0) Humongous regions: 0->0
[2022-05-16T01:46:19.858+0000][0.528s] GC(0) Metaspace: 6607K->6607K(1056768K)
[2022-05-16T01:46:19.858+0000][0.528s] GC(0) Pause Young (Normal) (G1 Evacuation Pause) 25M->3M(512M) 18.221ms
[2022-05-16T01:46:19.858+0000][0.528s] GC(0) User=0.07s Sys=0.00s Real=0.02s
[2022-05-16T01:46:20.300+0000][0.970s] GC(1) Pause Young (Normal) (G1 Evacuation Pause)
[2022-05-16T01:46:20.300+0000][0.970s] GC(1) Using 4 workers of 4 for evacuation
[2022-05-16T01:46:20.312+0000][0.982s] GC(1)   Pre Evacuate Collection Set: 0.0ms
[2022-05-16T01:46:20.312+0000][0.982s] GC(1)   Evacuate Collection Set: 12.1ms
[2022-05-16T01:46:20.312+0000][0.982s] GC(1)   Post Evacuate Collection Set: 0.3ms
[2022-05-16T01:46:20.312+0000][0.982s] GC(1)   Other: 0.1ms
[2022-05-16T01:46:20.312+0000][0.982s] GC(1) Eden regions: 28->0(34)
[2022-05-16T01:46:20.312+0000][0.982s] GC(1) Survivor regions: 3->4(4)
[2022-05-16T01:46:20.312+0000][0.982s] GC(1) Old regions: 2->10
[2022-05-16T01:46:20.312+0000][0.982s] GC(1) Humongous regions: 4->4
[2022-05-16T01:46:20.312+0000][0.982s] GC(1) Metaspace: 13374K->13374K(1060864K)
[2022-05-16T01:46:20.312+0000][0.982s] GC(1) Pause Young (Normal) (G1 Evacuation Pause) 35M->16M(512M) 12.474ms
[2022-05-16T01:46:20.312+0000][0.982s] GC(1) User=0.04s Sys=0.00s Real=0.01s
[2022-05-16T01:46:20.613+0000][1.283s] GC(2) Pause Young (Normal) (G1 Evacuation Pause)
[2022-05-16T01:46:20.613+0000][1.283s] GC(2) Using 4 workers of 4 for evacuation
[2022-05-16T01:46:20.620+0000][1.290s] GC(2)   Pre Evacuate Collection Set: 0.0ms
[2022-05-16T01:46:20.620+0000][1.290s] GC(2)   Evacuate Collection Set: 5.4ms
[2022-05-16T01:46:20.620+0000][1.290s] GC(2)   Post Evacuate Collection Set: 1.3ms
[2022-05-16T01:46:20.620+0000][1.290s] GC(2)   Other: 0.1ms
[2022-05-16T01:46:20.620+0000][1.290s] GC(2) Eden regions: 34->0(49)
[2022-05-16T01:46:20.620+0000][1.290s] GC(2) Survivor regions: 4->4(5)
[2022-05-16T01:46:20.620+0000][1.290s] GC(2) Old regions: 10->14
[2022-05-16T01:46:20.620+0000][1.290s] GC(2) Humongous regions: 4->4
[2022-05-16T01:46:20.620+0000][1.290s] GC(2) Metaspace: 17013K->17013K(1064960K)
[2022-05-16T01:46:20.620+0000][1.290s] GC(2) Pause Young (Normal) (G1 Evacuation Pause) 50M->19M(512M) 6.925ms
[2022-05-16T01:46:20.620+0000][1.290s] GC(2) User=0.01s Sys=0.01s Real=0.01s
[2022-05-16T01:46:20.893+0000][1.563s] GC(3) Pause Young (Normal) (G1 Evacuation Pause)
[2022-05-16T01:46:20.893+0000][1.563s] GC(3) Using 4 workers of 4 for evacuation
[2022-05-16T01:46:20.904+0000][1.574s] GC(3)   Pre Evacuate Collection Set: 0.0ms
[2022-05-16T01:46:20.904+0000][1.574s] GC(3)   Evacuate Collection Set: 6.3ms
[2022-05-16T01:46:20.904+0000][1.574s] GC(3)   Post Evacuate Collection Set: 4.9ms
[2022-05-16T01:46:20.904+0000][1.574s] GC(3)   Other: 0.2ms
[2022-05-16T01:46:20.904+0000][1.574s] GC(3) Eden regions: 49->0(301)
[2022-05-16T01:46:20.904+0000][1.574s] GC(3) Survivor regions: 4->6(7)
[2022-05-16T01:46:20.904+0000][1.574s] GC(3) Old regions: 14->14
[2022-05-16T01:46:20.904+0000][1.574s] GC(3) Humongous regions: 4->4
[2022-05-16T01:46:20.904+0000][1.574s] GC(3) Metaspace: 19919K->19919K(1067008K)
[2022-05-16T01:46:20.904+0000][1.574s] GC(3) Pause Young (Normal) (G1 Evacuation Pause) 68M->22M(512M) 11.445ms
[2022-05-16T01:46:20.904+0000][1.574s] GC(3) User=0.03s Sys=0.01s Real=0.01s
[2022-05-16T01:46:20.953+0000][1.623s] GC(4) Pause Young (Concurrent Start) (Metadata GC Threshold)
[2022-05-16T01:46:20.953+0000][1.623s] GC(4) Using 4 workers of 4 for evacuation
[2022-05-16T01:46:20.957+0000][1.627s] GC(4)   Pre Evacuate Collection Set: 0.0ms
[2022-05-16T01:46:20.957+0000][1.627s] GC(4)   Evacuate Collection Set: 4.3ms
[2022-05-16T01:46:20.957+0000][1.627s] GC(4)   Post Evacuate Collection Set: 0.2ms
[2022-05-16T01:46:20.957+0000][1.627s] GC(4)   Other: 0.2ms
[2022-05-16T01:46:20.957+0000][1.627s] GC(4) Eden regions: 10->0(98)
[2022-05-16T01:46:20.957+0000][1.627s] GC(4) Survivor regions: 6->6(39)
[2022-05-16T01:46:20.957+0000][1.627s] GC(4) Old regions: 14->14
[2022-05-16T01:46:20.957+0000][1.627s] GC(4) Humongous regions: 4->4
[2022-05-16T01:46:20.957+0000][1.627s] GC(4) Metaspace: 20312K->20312K(1067008K)
[2022-05-16T01:46:20.957+0000][1.627s] GC(4) Pause Young (Concurrent Start) (Metadata GC Threshold) 32M->22M(512M) 4.803ms
[2022-05-16T01:46:20.957+0000][1.627s] GC(4) User=0.02s Sys=0.00s Real=0.00s
[2022-05-16T01:46:20.957+0000][1.627s] GC(5) Concurrent Cycle
[2022-05-16T01:46:20.957+0000][1.628s] GC(5) Concurrent Clear Claimed Marks
[2022-05-16T01:46:20.957+0000][1.628s] GC(5) Concurrent Clear Claimed Marks 0.032ms
[2022-05-16T01:46:20.957+0000][1.628s] GC(5) Concurrent Scan Root Regions
[2022-05-16T01:46:20.960+0000][1.630s] GC(5) Concurrent Scan Root Regions 2.104ms
[2022-05-16T01:46:20.960+0000][1.630s] GC(5) Concurrent Mark (1.630s)
[2022-05-16T01:46:20.960+0000][1.630s] GC(5) Concurrent Mark From Roots
[2022-05-16T01:46:20.960+0000][1.630s] GC(5) Using 1 workers of 1 for marking
[2022-05-16T01:46:20.987+0000][1.657s] GC(5) Concurrent Mark From Roots 27.391ms
[2022-05-16T01:46:20.987+0000][1.657s] GC(5) Concurrent Preclean
[2022-05-16T01:46:20.987+0000][1.657s] GC(5) Concurrent Preclean 0.117ms
[2022-05-16T01:46:20.987+0000][1.657s] GC(5) Concurrent Mark (1.630s, 1.657s) 27.572ms
[2022-05-16T01:46:20.987+0000][1.657s] GC(5) Pause Remark
[2022-05-16T01:46:20.991+0000][1.661s] GC(5) Cleaned string and symbol table, strings: 9747 processed, 21 removed, symbols: 58431 processed, 36 removed
[2022-05-16T01:46:20.991+0000][1.662s] GC(5) Pause Remark 26M->26M(512M) 4.234ms
[2022-05-16T01:46:20.991+0000][1.662s] GC(5) User=0.02s Sys=0.00s Real=0.01s
[2022-05-16T01:46:20.992+0000][1.662s] GC(5) Concurrent Rebuild Remembered Sets
[2022-05-16T01:46:21.006+0000][1.676s] GC(5) Concurrent Rebuild Remembered Sets 14.512ms
[2022-05-16T01:46:21.007+0000][1.678s] GC(5) Pause Cleanup
[2022-05-16T01:46:21.008+0000][1.678s] GC(5) Pause Cleanup 27M->27M(512M) 0.163ms
[2022-05-16T01:46:21.008+0000][1.678s] GC(5) User=0.00s Sys=0.00s Real=0.00s
[2022-05-16T01:46:21.008+0000][1.678s] GC(5) Concurrent Cleanup for Next Mark
[2022-05-16T01:46:21.008+0000][1.679s] GC(5) Concurrent Cleanup for Next Mark 0.798ms
[2022-05-16T01:46:21.009+0000][1.679s] GC(5) Concurrent Cycle 51.181ms
[2022-05-16T01:46:21.924+0000][2.595s] GC(6) Pause Young (Concurrent Start) (G1 Evacuation Pause)
[2022-05-16T01:46:21.925+0000][2.595s] GC(6) Using 4 workers of 4 for evacuation
[2022-05-16T01:46:21.934+0000][2.604s] GC(6)   Pre Evacuate Collection Set: 0.1ms
[2022-05-16T01:46:21.934+0000][2.604s] GC(6)   Evacuate Collection Set: 9.3ms
[2022-05-16T01:46:21.934+0000][2.604s] GC(6)   Post Evacuate Collection Set: 0.2ms
[2022-05-16T01:46:21.934+0000][2.604s] GC(6)   Other: 0.2ms
[2022-05-16T01:46:21.934+0000][2.604s] GC(6) Eden regions: 108->0(137)
[2022-05-16T01:46:21.934+0000][2.604s] GC(6) Survivor regions: 6->12(15)
[2022-05-16T01:46:21.934+0000][2.604s] GC(6) Old regions: 14->14
[2022-05-16T01:46:21.934+0000][2.604s] GC(6) Humongous regions: 4->4
[2022-05-16T01:46:21.934+0000][2.604s] GC(6) Metaspace: 30420K->30420K(1077248K)
[2022-05-16T01:46:21.934+0000][2.604s] GC(6) Pause Young (Concurrent Start) (G1 Evacuation Pause) 130M->27M(512M) 9.772ms
[2022-05-16T01:46:21.934+0000][2.604s] GC(6) User=0.02s Sys=0.02s Real=0.01s
[2022-05-16T01:46:21.934+0000][2.604s] GC(7) Concurrent Cycle
[2022-05-16T01:46:21.934+0000][2.604s] GC(7) Concurrent Clear Claimed Marks
[2022-05-16T01:46:21.934+0000][2.604s] GC(7) Concurrent Clear Claimed Marks 0.045ms
[2022-05-16T01:46:21.934+0000][2.604s] GC(7) Concurrent Scan Root Regions
[2022-05-16T01:46:21.938+0000][2.608s] GC(7) Concurrent Scan Root Regions 3.389ms
[2022-05-16T01:46:21.938+0000][2.608s] GC(7) Concurrent Mark (2.608s)
[2022-05-16T01:46:21.938+0000][2.608s] GC(7) Concurrent Mark From Roots
[2022-05-16T01:46:21.938+0000][2.608s] GC(7) Using 1 workers of 1 for marking
[2022-05-16T01:46:21.965+0000][2.635s] GC(7) Concurrent Mark From Roots 27.423ms
[2022-05-16T01:46:21.965+0000][2.635s] GC(7) Concurrent Preclean
[2022-05-16T01:46:21.965+0000][2.635s] GC(7) Concurrent Preclean 0.076ms
[2022-05-16T01:46:21.965+0000][2.635s] GC(7) Concurrent Mark (2.608s, 2.635s) 27.569ms
[2022-05-16T01:46:21.968+0000][2.638s] GC(7) Pause Remark
[2022-05-16T01:46:21.972+0000][2.642s] GC(7) Cleaned string and symbol table, strings: 14254 processed, 0 removed, symbols: 89939 processed, 42 removed
[2022-05-16T01:46:21.972+0000][2.642s] GC(7) Pause Remark 31M->31M(512M) 3.992ms
[2022-05-16T01:46:21.972+0000][2.642s] GC(7) User=0.01s Sys=0.00s Real=0.01s
[2022-05-16T01:46:21.972+0000][2.643s] GC(7) Concurrent Rebuild Remembered Sets
[2022-05-16T01:46:21.984+0000][2.655s] GC(7) Concurrent Rebuild Remembered Sets 12.044ms
[2022-05-16T01:46:21.985+0000][2.655s] GC(7) Pause Cleanup
[2022-05-16T01:46:21.985+0000][2.655s] GC(7) Pause Cleanup 32M->32M(512M) 0.097ms
[2022-05-16T01:46:21.985+0000][2.655s] GC(7) User=0.00s Sys=0.00s Real=0.00s
[2022-05-16T01:46:21.985+0000][2.655s] GC(7) Concurrent Cleanup for Next Mark
[2022-05-16T01:46:21.985+0000][2.655s] GC(7) Concurrent Cleanup for Next Mark 0.499ms
[2022-05-16T01:46:21.985+0000][2.655s] GC(7) Concurrent Cycle 50.899ms
[2022-05-16T01:46:23.433+0000][4.103s] GC(8) Pause Young (Normal) (G1 Evacuation Pause)
[2022-05-16T01:46:23.433+0000][4.103s] GC(8) Using 4 workers of 4 for evacuation
[2022-05-16T01:46:23.446+0000][4.116s] GC(8)   Pre Evacuate Collection Set: 0.0ms
[2022-05-16T01:46:23.446+0000][4.116s] GC(8)   Evacuate Collection Set: 12.0ms
[2022-05-16T01:46:23.446+0000][4.116s] GC(8)   Post Evacuate Collection Set: 0.9ms
[2022-05-16T01:46:23.446+0000][4.116s] GC(8)   Other: 0.2ms
[2022-05-16T01:46:23.446+0000][4.116s] GC(8) Eden regions: 141->0(292)
[2022-05-16T01:46:23.446+0000][4.116s] GC(8) Survivor regions: 12->15(20)
[2022-05-16T01:46:23.446+0000][4.116s] GC(8) Old regions: 14->17
[2022-05-16T01:46:23.446+0000][4.116s] GC(8) Humongous regions: 5->4
[2022-05-16T01:46:23.446+0000][4.116s] GC(8) Metaspace: 40046K->40046K(1085440K)
[2022-05-16T01:46:23.446+0000][4.116s] GC(8) Pause Young (Normal) (G1 Evacuation Pause) 169M->34M(512M) 13.169ms
[2022-05-16T01:46:23.446+0000][4.116s] GC(8) User=0.05s Sys=0.00s Real=0.01s
[2022-05-16T01:47:21.911+0000][62.581s] Heap
[2022-05-16T01:47:21.911+0000][62.581s]  garbage-first heap   total 524288K, used 120247K [0x00000000e0000000, 0x0000000100000000)
[2022-05-16T01:47:21.911+0000][62.581s]   region size 1024K, 99 young (101376K), 15 survivors (15360K)
[2022-05-16T01:47:21.911+0000][62.581s]  Metaspace       used 44493K, capacity 46040K, committed 46080K, reserved 1089536K
[2022-05-16T01:47:21.911+0000][62.581s]   class space    used 5202K, capacity 5868K, committed 5888K, reserved 1048576K
