[2022-05-15T02:56:51.060+0000][0.029s] Heap region size: 1M
[2022-05-15T02:56:51.076+0000][0.045s] Using G1
[2022-05-15T02:56:51.076+0000][0.045s] Heap address: 0x00000000e0000000, size: 512 MB, Compressed Oops mode: 32-bit
[2022-05-15T02:56:51.076+0000][0.045s] Mark closed archive regions in map: [0x00000000fff00000, 0x00000000fff6aff8]
[2022-05-15T02:56:51.076+0000][0.045s] Mark open archive regions in map: [0x00000000ffe00000, 0x00000000ffe46ff8]
[2022-05-15T02:56:51.789+0000][0.758s] GC(0) Pause Young (Normal) (G1 Evacuation Pause)
[2022-05-15T02:56:51.790+0000][0.759s] GC(0) Using 4 workers of 4 for evacuation
[2022-05-15T02:56:51.807+0000][0.776s] GC(0)   Pre Evacuate Collection Set: 0.0ms
[2022-05-15T02:56:51.807+0000][0.776s] GC(0)   Evacuate Collection Set: 12.4ms
[2022-05-15T02:56:51.807+0000][0.776s] GC(0)   Post Evacuate Collection Set: 4.2ms
[2022-05-15T02:56:51.807+0000][0.776s] GC(0)   Other: 0.8ms
[2022-05-15T02:56:51.807+0000][0.776s] GC(0) Eden regions: 25->0(304)
[2022-05-15T02:56:51.807+0000][0.776s] GC(0) Survivor regions: 0->3(4)
[2022-05-15T02:56:51.807+0000][0.776s] GC(0) Old regions: 2->2
[2022-05-15T02:56:51.807+0000][0.776s] GC(0) Humongous regions: 0->0
[2022-05-15T02:56:51.807+0000][0.776s] GC(0) Metaspace: 6581K->6581K(1056768K)
[2022-05-15T02:56:51.807+0000][0.776s] GC(0) Pause Young (Normal) (G1 Evacuation Pause) 25M->3M(512M) 17.521ms
[2022-05-15T02:56:51.807+0000][0.776s] GC(0) User=0.06s Sys=0.00s Real=0.02s
[2022-05-15T02:56:52.873+0000][1.842s] GC(1) Pause Young (Normal) (G1 Evacuation Pause)
[2022-05-15T02:56:52.873+0000][1.842s] GC(1) Using 4 workers of 4 for evacuation
[2022-05-15T02:56:52.901+0000][1.870s] GC(1)   Pre Evacuate Collection Set: 0.0ms
[2022-05-15T02:56:52.902+0000][1.870s] GC(1)   Evacuate Collection Set: 27.8ms
[2022-05-15T02:56:52.902+0000][1.870s] GC(1)   Post Evacuate Collection Set: 0.3ms
[2022-05-15T02:56:52.902+0000][1.870s] GC(1)   Other: 0.2ms
[2022-05-15T02:56:52.902+0000][1.870s] GC(1) Eden regions: 53->0(51)
[2022-05-15T02:56:52.902+0000][1.870s] GC(1) Survivor regions: 3->7(7)
[2022-05-15T02:56:52.902+0000][1.870s] GC(1) Old regions: 2->9
[2022-05-15T02:56:52.902+0000][1.870s] GC(1) Humongous regions: 4->4
[2022-05-15T02:56:52.902+0000][1.870s] GC(1) Metaspace: 16921K->16921K(1064960K)
[2022-05-15T02:56:52.902+0000][1.870s] GC(1) Pause Young (Normal) (G1 Evacuation Pause) 60M->18M(512M) 28.457ms
[2022-05-15T02:56:52.902+0000][1.870s] GC(1) User=0.09s Sys=0.02s Real=0.02s
[2022-05-15T02:56:53.203+0000][2.172s] GC(2) Pause Young (Normal) (G1 Evacuation Pause)
[2022-05-15T02:56:53.203+0000][2.172s] GC(2) Using 4 workers of 4 for evacuation
[2022-05-15T02:56:53.217+0000][2.185s] GC(2)   Pre Evacuate Collection Set: 0.0ms
[2022-05-15T02:56:53.217+0000][2.186s] GC(2)   Evacuate Collection Set: 12.6ms
[2022-05-15T02:56:53.217+0000][2.186s] GC(2)   Post Evacuate Collection Set: 1.2ms
[2022-05-15T02:56:53.217+0000][2.186s] GC(2)   Other: 0.2ms
[2022-05-15T02:56:53.217+0000][2.186s] GC(2) Eden regions: 43->0(54)
[2022-05-15T02:56:53.217+0000][2.186s] GC(2) Survivor regions: 7->4(7)
[2022-05-15T02:56:53.217+0000][2.186s] GC(2) Old regions: 9->16
[2022-05-15T02:56:53.217+0000][2.186s] GC(2) Humongous regions: 4->4
[2022-05-15T02:56:53.217+0000][2.186s] GC(2) Metaspace: 17548K->17548K(1064960K)
[2022-05-15T02:56:53.217+0000][2.186s] GC(2) Pause Young (Normal) (G1 Evacuation Pause) 61M->22M(512M) 14.077ms
[2022-05-15T02:56:53.217+0000][2.186s] GC(2) User=0.04s Sys=0.00s Real=0.02s
[2022-05-15T02:56:53.597+0000][2.566s] GC(3) Pause Young (Concurrent Start) (Metadata GC Threshold)
[2022-05-15T02:56:53.597+0000][2.566s] GC(3) Using 4 workers of 4 for evacuation
[2022-05-15T02:56:53.604+0000][2.572s] GC(3)   Pre Evacuate Collection Set: 0.1ms
[2022-05-15T02:56:53.604+0000][2.572s] GC(3)   Evacuate Collection Set: 6.2ms
[2022-05-15T02:56:53.604+0000][2.572s] GC(3)   Post Evacuate Collection Set: 0.2ms
[2022-05-15T02:56:53.604+0000][2.573s] GC(3)   Other: 0.2ms
[2022-05-15T02:56:53.604+0000][2.573s] GC(3) Eden regions: 22->0(57)
[2022-05-15T02:56:53.604+0000][2.573s] GC(3) Survivor regions: 4->5(8)
[2022-05-15T02:56:53.604+0000][2.573s] GC(3) Old regions: 16->16
[2022-05-15T02:56:53.604+0000][2.573s] GC(3) Humongous regions: 4->4
[2022-05-15T02:56:53.604+0000][2.573s] GC(3) Metaspace: 20305K->20305K(1067008K)
[2022-05-15T02:56:53.604+0000][2.573s] GC(3) Pause Young (Concurrent Start) (Metadata GC Threshold) 44M->22M(512M) 6.785ms
[2022-05-15T02:56:53.604+0000][2.573s] GC(3) User=0.03s Sys=0.00s Real=0.01s
[2022-05-15T02:56:53.604+0000][2.573s] GC(4) Concurrent Cycle
[2022-05-15T02:56:53.604+0000][2.573s] GC(4) Concurrent Clear Claimed Marks
[2022-05-15T02:56:53.604+0000][2.573s] GC(4) Concurrent Clear Claimed Marks 0.053ms
[2022-05-15T02:56:53.604+0000][2.573s] GC(4) Concurrent Scan Root Regions
[2022-05-15T02:56:53.606+0000][2.574s] GC(4) Concurrent Scan Root Regions 1.609ms
[2022-05-15T02:56:53.606+0000][2.574s] GC(4) Concurrent Mark (2.574s)
[2022-05-15T02:56:53.606+0000][2.574s] GC(4) Concurrent Mark From Roots
[2022-05-15T02:56:53.606+0000][2.574s] GC(4) Using 1 workers of 1 for marking
[2022-05-15T02:56:53.649+0000][2.618s] GC(4) Concurrent Mark From Roots 43.393ms
[2022-05-15T02:56:53.649+0000][2.618s] GC(4) Concurrent Preclean
[2022-05-15T02:56:53.649+0000][2.618s] GC(4) Concurrent Preclean 0.108ms
[2022-05-15T02:56:53.649+0000][2.618s] GC(4) Concurrent Mark (2.574s, 2.618s) 43.574ms
[2022-05-15T02:56:53.649+0000][2.618s] GC(4) Pause Remark
[2022-05-15T02:56:53.653+0000][2.622s] GC(4) Cleaned string and symbol table, strings: 9901 processed, 24 removed, symbols: 58119 processed, 32 removed
[2022-05-15T02:56:53.653+0000][2.622s] GC(4) Pause Remark 27M->27M(512M) 3.860ms
[2022-05-15T02:56:53.653+0000][2.622s] GC(4) User=0.02s Sys=0.00s Real=0.01s
[2022-05-15T02:56:53.653+0000][2.622s] GC(4) Concurrent Rebuild Remembered Sets
[2022-05-15T02:56:53.670+0000][2.638s] GC(4) Concurrent Rebuild Remembered Sets 16.422ms
[2022-05-15T02:56:53.670+0000][2.639s] GC(4) Pause Cleanup
[2022-05-15T02:56:53.670+0000][2.639s] GC(4) Pause Cleanup 32M->32M(512M) 0.175ms
[2022-05-15T02:56:53.670+0000][2.639s] GC(4) User=0.00s Sys=0.00s Real=0.00s
[2022-05-15T02:56:53.670+0000][2.639s] GC(4) Concurrent Cleanup for Next Mark
[2022-05-15T02:56:53.671+0000][2.639s] GC(4) Concurrent Cleanup for Next Mark 0.529ms
[2022-05-15T02:56:53.671+0000][2.639s] GC(4) Concurrent Cycle 66.832ms
[2022-05-15T02:56:54.274+0000][3.243s] GC(5) Pause Young (Concurrent Start) (G1 Evacuation Pause)
[2022-05-15T02:56:54.274+0000][3.243s] GC(5) Using 4 workers of 4 for evacuation
[2022-05-15T02:56:54.284+0000][3.253s] GC(5)   Pre Evacuate Collection Set: 0.1ms
[2022-05-15T02:56:54.284+0000][3.253s] GC(5)   Evacuate Collection Set: 9.3ms
[2022-05-15T02:56:54.284+0000][3.253s] GC(5)   Post Evacuate Collection Set: 0.2ms
[2022-05-15T02:56:54.284+0000][3.253s] GC(5)   Other: 0.2ms
[2022-05-15T02:56:54.284+0000][3.253s] GC(5) Eden regions: 57->0(96)
[2022-05-15T02:56:54.284+0000][3.253s] GC(5) Survivor regions: 5->2(8)
[2022-05-15T02:56:54.284+0000][3.253s] GC(5) Old regions: 16->20
[2022-05-15T02:56:54.284+0000][3.253s] GC(5) Humongous regions: 4->4
[2022-05-15T02:56:54.284+0000][3.253s] GC(5) Metaspace: 25253K->25253K(1073152K)
[2022-05-15T02:56:54.284+0000][3.253s] GC(5) Pause Young (Concurrent Start) (G1 Evacuation Pause) 79M->23M(512M) 9.854ms
[2022-05-15T02:56:54.284+0000][3.253s] GC(5) User=0.03s Sys=0.00s Real=0.01s
[2022-05-15T02:56:54.284+0000][3.253s] GC(6) Concurrent Cycle
[2022-05-15T02:56:54.284+0000][3.253s] GC(6) Concurrent Clear Claimed Marks
[2022-05-15T02:56:54.284+0000][3.253s] GC(6) Concurrent Clear Claimed Marks 0.055ms
[2022-05-15T02:56:54.284+0000][3.253s] GC(6) Concurrent Scan Root Regions
[2022-05-15T02:56:54.286+0000][3.255s] GC(6) Concurrent Scan Root Regions 1.782ms
[2022-05-15T02:56:54.286+0000][3.255s] GC(6) Concurrent Mark (3.255s)
[2022-05-15T02:56:54.286+0000][3.255s] GC(6) Concurrent Mark From Roots
[2022-05-15T02:56:54.286+0000][3.255s] GC(6) Using 1 workers of 1 for marking
[2022-05-15T02:56:54.340+0000][3.309s] GC(6) Concurrent Mark From Roots 54.233ms
[2022-05-15T02:56:54.340+0000][3.309s] GC(6) Concurrent Preclean
[2022-05-15T02:56:54.340+0000][3.309s] GC(6) Concurrent Preclean 0.124ms
[2022-05-15T02:56:54.340+0000][3.309s] GC(6) Concurrent Mark (3.255s, 3.309s) 54.439ms
[2022-05-15T02:56:54.341+0000][3.309s] GC(6) Pause Remark
[2022-05-15T02:56:54.345+0000][3.314s] GC(6) Cleaned string and symbol table, strings: 10870 processed, 1 removed, symbols: 72859 processed, 16 removed
[2022-05-15T02:56:54.345+0000][3.314s] GC(6) Pause Remark 25M->25M(512M) 4.579ms
[2022-05-15T02:56:54.345+0000][3.314s] GC(6) User=0.02s Sys=0.00s Real=0.01s
[2022-05-15T02:56:54.345+0000][3.314s] GC(6) Concurrent Rebuild Remembered Sets
[2022-05-15T02:56:54.371+0000][3.340s] GC(6) Concurrent Rebuild Remembered Sets 26.052ms
[2022-05-15T02:56:54.371+0000][3.340s] GC(6) Pause Cleanup
[2022-05-15T02:56:54.372+0000][3.340s] GC(6) Pause Cleanup 25M->25M(512M) 0.117ms
[2022-05-15T02:56:54.372+0000][3.340s] GC(6) User=0.01s Sys=0.00s Real=0.01s
[2022-05-15T02:56:54.372+0000][3.340s] GC(6) Concurrent Cleanup for Next Mark
[2022-05-15T02:56:54.372+0000][3.341s] GC(6) Concurrent Cleanup for Next Mark 0.589ms
[2022-05-15T02:56:54.372+0000][3.341s] GC(6) Concurrent Cycle 88.102ms
[2022-05-15T02:56:55.745+0000][4.714s] GC(7) Pause Young (Normal) (G1 Evacuation Pause)
[2022-05-15T02:56:55.745+0000][4.714s] GC(7) Using 4 workers of 4 for evacuation
[2022-05-15T02:56:55.755+0000][4.723s] GC(7)   Pre Evacuate Collection Set: 0.0ms
[2022-05-15T02:56:55.755+0000][4.723s] GC(7)   Evacuate Collection Set: 9.1ms
[2022-05-15T02:56:55.755+0000][4.723s] GC(7)   Post Evacuate Collection Set: 0.4ms
[2022-05-15T02:56:55.755+0000][4.724s] GC(7)   Other: 0.2ms
[2022-05-15T02:56:55.755+0000][4.724s] GC(7) Eden regions: 96->0(261)
[2022-05-15T02:56:55.755+0000][4.724s] GC(7) Survivor regions: 2->7(13)
[2022-05-15T02:56:55.755+0000][4.724s] GC(7) Old regions: 20->20
[2022-05-15T02:56:55.755+0000][4.724s] GC(7) Humongous regions: 4->4
[2022-05-15T02:56:55.755+0000][4.724s] GC(7) Metaspace: 33258K->33258K(1079296K)
[2022-05-15T02:56:55.755+0000][4.724s] GC(7) Pause Young (Normal) (G1 Evacuation Pause) 119M->28M(512M) 9.843ms
[2022-05-15T02:56:55.755+0000][4.724s] GC(7) User=0.03s Sys=0.01s Real=0.01s
[2022-05-15T02:59:23.328+0000][152.297s] Heap
[2022-05-15T02:59:23.328+0000][152.297s]  garbage-first heap   total 524288K, used 100986K [0x00000000e0000000, 0x0000000100000000)
[2022-05-15T02:59:23.328+0000][152.297s]   region size 1024K, 78 young (79872K), 7 survivors (7168K)
[2022-05-15T02:59:23.328+0000][152.297s]  Metaspace       used 38343K, capacity 39621K, committed 39880K, reserved 1083392K
[2022-05-15T02:59:23.328+0000][152.297s]   class space    used 4501K, capacity 5063K, committed 5120K, reserved 1048576K
