[2022-05-16T01:42:20.050+0000][0.028s] Heap region size: 1M
[2022-05-16T01:42:20.066+0000][0.044s] Using G1
[2022-05-16T01:42:20.066+0000][0.044s] Heap address: 0x00000000e0000000, size: 512 MB, Compressed Oops mode: 32-bit
[2022-05-16T01:42:20.067+0000][0.045s] Mark closed archive regions in map: [0x00000000fff00000, 0x00000000fff6aff8]
[2022-05-16T01:42:20.067+0000][0.045s] Mark open archive regions in map: [0x00000000ffe00000, 0x00000000ffe46ff8]
[2022-05-16T01:42:20.777+0000][0.756s] GC(0) Pause Young (Normal) (G1 Evacuation Pause)
[2022-05-16T01:42:20.778+0000][0.756s] GC(0) Using 4 workers of 4 for evacuation
[2022-05-16T01:42:20.791+0000][0.769s] GC(0)   Pre Evacuate Collection Set: 0.0ms
[2022-05-16T01:42:20.791+0000][0.769s] GC(0)   Evacuate Collection Set: 12.4ms
[2022-05-16T01:42:20.791+0000][0.769s] GC(0)   Post Evacuate Collection Set: 1.1ms
[2022-05-16T01:42:20.791+0000][0.769s] GC(0)   Other: 0.4ms
[2022-05-16T01:42:20.791+0000][0.769s] GC(0) Eden regions: 25->0(304)
[2022-05-16T01:42:20.791+0000][0.769s] GC(0) Survivor regions: 0->3(4)
[2022-05-16T01:42:20.791+0000][0.769s] GC(0) Old regions: 2->2
[2022-05-16T01:42:20.791+0000][0.769s] GC(0) Humongous regions: 0->0
[2022-05-16T01:42:20.791+0000][0.769s] GC(0) Metaspace: 6749K->6749K(1056768K)
[2022-05-16T01:42:20.791+0000][0.769s] GC(0) Pause Young (Normal) (G1 Evacuation Pause) 25M->3M(512M) 13.958ms
[2022-05-16T01:42:20.791+0000][0.769s] GC(0) User=0.03s Sys=0.00s Real=0.02s
[2022-05-16T01:42:21.297+0000][1.275s] GC(1) Pause Young (Normal) (G1 Evacuation Pause)
[2022-05-16T01:42:21.297+0000][1.275s] GC(1) Using 4 workers of 4 for evacuation
[2022-05-16T01:42:21.326+0000][1.304s] GC(1)   Pre Evacuate Collection Set: 0.0ms
[2022-05-16T01:42:21.326+0000][1.304s] GC(1)   Evacuate Collection Set: 26.6ms
[2022-05-16T01:42:21.326+0000][1.304s] GC(1)   Post Evacuate Collection Set: 2.1ms
[2022-05-16T01:42:21.326+0000][1.304s] GC(1)   Other: 0.6ms
[2022-05-16T01:42:21.326+0000][1.304s] GC(1) Eden regions: 24->0(47)
[2022-05-16T01:42:21.326+0000][1.304s] GC(1) Survivor regions: 3->4(4)
[2022-05-16T01:42:21.326+0000][1.304s] GC(1) Old regions: 2->10
[2022-05-16T01:42:21.326+0000][1.304s] GC(1) Humongous regions: 4->4
[2022-05-16T01:42:21.326+0000][1.304s] GC(1) Metaspace: 12327K->12327K(1060864K)
[2022-05-16T01:42:21.326+0000][1.304s] GC(1) Pause Young (Normal) (G1 Evacuation Pause) 31M->15M(512M) 29.332ms
[2022-05-16T01:42:21.326+0000][1.304s] GC(1) User=0.07s Sys=0.01s Real=0.03s
[2022-05-16T01:42:21.989+0000][1.968s] GC(2) Pause Young (Normal) (G1 Evacuation Pause)
[2022-05-16T01:42:21.989+0000][1.968s] GC(2) Using 4 workers of 4 for evacuation
[2022-05-16T01:42:22.009+0000][1.987s] GC(2)   Pre Evacuate Collection Set: 0.0ms
[2022-05-16T01:42:22.009+0000][1.987s] GC(2)   Evacuate Collection Set: 9.1ms
[2022-05-16T01:42:22.009+0000][1.987s] GC(2)   Post Evacuate Collection Set: 10.3ms
[2022-05-16T01:42:22.009+0000][1.987s] GC(2)   Other: 0.1ms
[2022-05-16T01:42:22.009+0000][1.987s] GC(2) Eden regions: 47->0(59)
[2022-05-16T01:42:22.009+0000][1.987s] GC(2) Survivor regions: 4->6(7)
[2022-05-16T01:42:22.009+0000][1.987s] GC(2) Old regions: 10->14
[2022-05-16T01:42:22.009+0000][1.987s] GC(2) Humongous regions: 4->4
[2022-05-16T01:42:22.009+0000][1.987s] GC(2) Metaspace: 17060K->17060K(1064960K)
[2022-05-16T01:42:22.009+0000][1.987s] GC(2) Pause Young (Normal) (G1 Evacuation Pause) 62M->21M(512M) 19.649ms
[2022-05-16T01:42:22.009+0000][1.987s] GC(2) User=0.05s Sys=0.00s Real=0.02s
[2022-05-16T01:42:22.389+0000][2.367s] GC(3) Pause Young (Concurrent Start) (Metadata GC Threshold)
[2022-05-16T01:42:22.389+0000][2.368s] GC(3) Using 4 workers of 4 for evacuation
[2022-05-16T01:42:22.406+0000][2.384s] GC(3)   Pre Evacuate Collection Set: 0.0ms
[2022-05-16T01:42:22.406+0000][2.384s] GC(3)   Evacuate Collection Set: 9.5ms
[2022-05-16T01:42:22.406+0000][2.384s] GC(3)   Post Evacuate Collection Set: 6.8ms
[2022-05-16T01:42:22.406+0000][2.384s] GC(3)   Other: 0.2ms
[2022-05-16T01:42:22.406+0000][2.384s] GC(3) Eden regions: 50->0(305)
[2022-05-16T01:42:22.406+0000][2.384s] GC(3) Survivor regions: 6->2(9)
[2022-05-16T01:42:22.406+0000][2.384s] GC(3) Old regions: 14->19
[2022-05-16T01:42:22.406+0000][2.384s] GC(3) Humongous regions: 4->4
[2022-05-16T01:42:22.406+0000][2.384s] GC(3) Metaspace: 20389K->20389K(1067008K)
[2022-05-16T01:42:22.406+0000][2.384s] GC(3) Pause Young (Concurrent Start) (Metadata GC Threshold) 70M->23M(512M) 16.611ms
[2022-05-16T01:42:22.406+0000][2.384s] GC(3) User=0.04s Sys=0.00s Real=0.02s
[2022-05-16T01:42:22.406+0000][2.384s] GC(4) Concurrent Cycle
[2022-05-16T01:42:22.406+0000][2.384s] GC(4) Concurrent Clear Claimed Marks
[2022-05-16T01:42:22.406+0000][2.384s] GC(4) Concurrent Clear Claimed Marks 0.048ms
[2022-05-16T01:42:22.406+0000][2.384s] GC(4) Concurrent Scan Root Regions
[2022-05-16T01:42:22.407+0000][2.385s] GC(4) Concurrent Scan Root Regions 1.166ms
[2022-05-16T01:42:22.407+0000][2.385s] GC(4) Concurrent Mark (2.385s)
[2022-05-16T01:42:22.407+0000][2.385s] GC(4) Concurrent Mark From Roots
[2022-05-16T01:42:22.407+0000][2.385s] GC(4) Using 1 workers of 1 for marking
[2022-05-16T01:42:22.454+0000][2.432s] GC(4) Concurrent Mark From Roots 46.460ms
[2022-05-16T01:42:22.454+0000][2.432s] GC(4) Concurrent Preclean
[2022-05-16T01:42:22.454+0000][2.432s] GC(4) Concurrent Preclean 0.125ms
[2022-05-16T01:42:22.454+0000][2.432s] GC(4) Concurrent Mark (2.385s, 2.432s) 46.665ms
[2022-05-16T01:42:22.458+0000][2.436s] GC(4) Pause Remark
[2022-05-16T01:42:22.463+0000][2.441s] GC(4) Cleaned string and symbol table, strings: 9749 processed, 16 removed, symbols: 58419 processed, 35 removed
[2022-05-16T01:42:22.463+0000][2.441s] GC(4) Pause Remark 26M->26M(512M) 5.312ms
[2022-05-16T01:42:22.463+0000][2.441s] GC(4) User=0.02s Sys=0.00s Real=0.01s
[2022-05-16T01:42:22.463+0000][2.441s] GC(4) Concurrent Rebuild Remembered Sets
[2022-05-16T01:42:22.496+0000][2.474s] GC(4) Concurrent Rebuild Remembered Sets 32.926ms
[2022-05-16T01:42:22.496+0000][2.474s] GC(4) Pause Cleanup
[2022-05-16T01:42:22.496+0000][2.474s] GC(4) Pause Cleanup 30M->30M(512M) 0.150ms
[2022-05-16T01:42:22.496+0000][2.474s] GC(4) User=0.00s Sys=0.00s Real=0.00s
[2022-05-16T01:42:22.496+0000][2.474s] GC(4) Concurrent Cleanup for Next Mark
[2022-05-16T01:42:22.497+0000][2.475s] GC(4) Concurrent Cleanup for Next Mark 0.574ms
[2022-05-16T01:42:22.497+0000][2.475s] GC(4) Concurrent Cycle 90.928ms
[2022-05-16T01:42:25.373+0000][5.351s] GC(5) Pause Young (Concurrent Start) (Metadata GC Threshold)
[2022-05-16T01:42:25.373+0000][5.351s] GC(5) Using 4 workers of 4 for evacuation
[2022-05-16T01:42:25.386+0000][5.364s] GC(5)   Pre Evacuate Collection Set: 0.1ms
[2022-05-16T01:42:25.386+0000][5.364s] GC(5)   Evacuate Collection Set: 12.6ms
[2022-05-16T01:42:25.386+0000][5.364s] GC(5)   Post Evacuate Collection Set: 0.3ms
[2022-05-16T01:42:25.386+0000][5.364s] GC(5)   Other: 0.2ms
[2022-05-16T01:42:25.386+0000][5.364s] GC(5) Eden regions: 176->0(196)
[2022-05-16T01:42:25.386+0000][5.364s] GC(5) Survivor regions: 2->9(39)
[2022-05-16T01:42:25.386+0000][5.364s] GC(5) Old regions: 19->19
[2022-05-16T01:42:25.386+0000][5.364s] GC(5) Humongous regions: 4->4
[2022-05-16T01:42:25.386+0000][5.364s] GC(5) Metaspace: 35017K->35017K(1081344K)
[2022-05-16T01:42:25.386+0000][5.364s] GC(5) Pause Young (Concurrent Start) (Metadata GC Threshold) 199M->30M(512M) 13.207ms
[2022-05-16T01:42:25.386+0000][5.364s] GC(5) User=0.04s Sys=0.00s Real=0.01s
[2022-05-16T01:42:25.386+0000][5.364s] GC(6) Concurrent Cycle
[2022-05-16T01:42:25.386+0000][5.364s] GC(6) Concurrent Clear Claimed Marks
[2022-05-16T01:42:25.386+0000][5.364s] GC(6) Concurrent Clear Claimed Marks 0.073ms
[2022-05-16T01:42:25.386+0000][5.364s] GC(6) Concurrent Scan Root Regions
[2022-05-16T01:42:25.391+0000][5.369s] GC(6) Concurrent Scan Root Regions 4.313ms
[2022-05-16T01:42:25.391+0000][5.369s] GC(6) Concurrent Mark (5.369s)
[2022-05-16T01:42:25.391+0000][5.369s] GC(6) Concurrent Mark From Roots
[2022-05-16T01:42:25.391+0000][5.369s] GC(6) Using 1 workers of 1 for marking
[2022-05-16T01:42:25.415+0000][5.393s] GC(6) Concurrent Mark From Roots 23.902ms
[2022-05-16T01:42:25.415+0000][5.393s] GC(6) Concurrent Preclean
[2022-05-16T01:42:25.415+0000][5.393s] GC(6) Concurrent Preclean 0.083ms
[2022-05-16T01:42:25.415+0000][5.393s] GC(6) Concurrent Mark (5.369s, 5.393s) 24.038ms
[2022-05-16T01:42:25.417+0000][5.395s] GC(6) Pause Remark
[2022-05-16T01:42:25.422+0000][5.400s] GC(6) Cleaned string and symbol table, strings: 16213 processed, 9 removed, symbols: 100880 processed, 42 removed
[2022-05-16T01:42:25.422+0000][5.401s] GC(6) Pause Remark 31M->31M(512M) 5.811ms
[2022-05-16T01:42:25.423+0000][5.401s] GC(6) User=0.01s Sys=0.00s Real=0.01s
[2022-05-16T01:42:25.423+0000][5.401s] GC(6) Concurrent Rebuild Remembered Sets
[2022-05-16T01:42:25.471+0000][5.449s] GC(6) Concurrent Rebuild Remembered Sets 48.084ms
[2022-05-16T01:42:25.471+0000][5.449s] GC(6) Pause Cleanup
[2022-05-16T01:42:25.471+0000][5.449s] GC(6) Pause Cleanup 37M->37M(512M) 0.083ms
[2022-05-16T01:42:25.471+0000][5.449s] GC(6) User=0.00s Sys=0.00s Real=0.00s
[2022-05-16T01:42:25.471+0000][5.449s] GC(6) Concurrent Cleanup for Next Mark
[2022-05-16T01:42:25.471+0000][5.449s] GC(6) Concurrent Cleanup for Next Mark 0.458ms
[2022-05-16T01:42:25.471+0000][5.450s] GC(6) Concurrent Cycle 85.239ms
[2022-05-16T01:43:44.488+0000][84.466s] GC(7) Pause Young (Normal) (G1 Evacuation Pause)
[2022-05-16T01:43:44.488+0000][84.466s] GC(7) Using 4 workers of 4 for evacuation
[2022-05-16T01:43:44.503+0000][84.481s] GC(7)   Pre Evacuate Collection Set: 0.0ms
[2022-05-16T01:43:44.503+0000][84.481s] GC(7)   Evacuate Collection Set: 13.8ms
[2022-05-16T01:43:44.503+0000][84.481s] GC(7)   Post Evacuate Collection Set: 0.6ms
[2022-05-16T01:43:44.503+0000][84.481s] GC(7)   Other: 0.2ms
[2022-05-16T01:43:44.503+0000][84.481s] GC(7) Eden regions: 199->0(228)
[2022-05-16T01:43:44.503+0000][84.481s] GC(7) Survivor regions: 9->17(26)
[2022-05-16T01:43:44.503+0000][84.481s] GC(7) Old regions: 19->19
[2022-05-16T01:43:44.503+0000][84.481s] GC(7) Humongous regions: 5->4
[2022-05-16T01:43:44.503+0000][84.481s] GC(7) Metaspace: 48710K->48710K(1093632K)
[2022-05-16T01:43:44.503+0000][84.481s] GC(7) Pause Young (Normal) (G1 Evacuation Pause) 230M->38M(512M) 14.727ms
[2022-05-16T01:43:44.503+0000][84.481s] GC(7) User=0.04s Sys=0.01s Real=0.02s
[2022-05-16T01:45:41.872+0000][201.850s] Heap
[2022-05-16T01:45:41.872+0000][201.850s]  garbage-first heap   total 524288K, used 259566K [0x00000000e0000000, 0x0000000100000000)
[2022-05-16T01:45:41.872+0000][201.850s]   region size 1024K, 233 young (238592K), 17 survivors (17408K)
[2022-05-16T01:45:41.872+0000][201.850s]  Metaspace       used 57747K, capacity 59722K, committed 59776K, reserved 1101824K
[2022-05-16T01:45:41.872+0000][201.850s]   class space    used 6921K, capacity 7776K, committed 7808K, reserved 1048576K
