[2022-05-16T01:45:59.854+0000][0.026s] Heap region size: 1M
[2022-05-16T01:45:59.864+0000][0.036s] Using G1
[2022-05-16T01:45:59.864+0000][0.036s] Heap address: 0x00000000e0000000, size: 512 MB, Compressed Oops mode: 32-bit
[2022-05-16T01:45:59.864+0000][0.036s] Mark closed archive regions in map: [0x00000000fff00000, 0x00000000fff6aff8]
[2022-05-16T01:45:59.864+0000][0.036s] Mark open archive regions in map: [0x00000000ffe00000, 0x00000000ffe46ff8]
[2022-05-16T01:46:00.350+0000][0.522s] GC(0) Pause Young (Normal) (G1 Evacuation Pause)
[2022-05-16T01:46:00.350+0000][0.522s] GC(0) Using 4 workers of 4 for evacuation
[2022-05-16T01:46:00.360+0000][0.532s] GC(0)   Pre Evacuate Collection Set: 0.0ms
[2022-05-16T01:46:00.360+0000][0.532s] GC(0)   Evacuate Collection Set: 9.4ms
[2022-05-16T01:46:00.360+0000][0.532s] GC(0)   Post Evacuate Collection Set: 0.7ms
[2022-05-16T01:46:00.360+0000][0.532s] GC(0)   Other: 0.3ms
[2022-05-16T01:46:00.360+0000][0.532s] GC(0) Eden regions: 25->0(304)
[2022-05-16T01:46:00.360+0000][0.532s] GC(0) Survivor regions: 0->3(4)
[2022-05-16T01:46:00.360+0000][0.532s] GC(0) Old regions: 2->2
[2022-05-16T01:46:00.360+0000][0.532s] GC(0) Humongous regions: 0->0
[2022-05-16T01:46:00.360+0000][0.532s] GC(0) Metaspace: 6613K->6613K(1056768K)
[2022-05-16T01:46:00.360+0000][0.532s] GC(0) Pause Young (Normal) (G1 Evacuation Pause) 25M->3M(512M) 10.535ms
[2022-05-16T01:46:00.360+0000][0.532s] GC(0) User=0.03s Sys=0.00s Real=0.01s
[2022-05-16T01:46:00.789+0000][0.960s] GC(1) Pause Young (Normal) (G1 Evacuation Pause)
[2022-05-16T01:46:00.789+0000][0.961s] GC(1) Using 4 workers of 4 for evacuation
[2022-05-16T01:46:00.800+0000][0.972s] GC(1)   Pre Evacuate Collection Set: 0.0ms
[2022-05-16T01:46:00.800+0000][0.972s] GC(1)   Evacuate Collection Set: 11.1ms
[2022-05-16T01:46:00.800+0000][0.972s] GC(1)   Post Evacuate Collection Set: 0.3ms
[2022-05-16T01:46:00.800+0000][0.972s] GC(1)   Other: 0.1ms
[2022-05-16T01:46:00.800+0000][0.972s] GC(1) Eden regions: 29->0(35)
[2022-05-16T01:46:00.800+0000][0.972s] GC(1) Survivor regions: 3->4(4)
[2022-05-16T01:46:00.800+0000][0.972s] GC(1) Old regions: 2->10
[2022-05-16T01:46:00.800+0000][0.972s] GC(1) Humongous regions: 4->4
[2022-05-16T01:46:00.800+0000][0.972s] GC(1) Metaspace: 13664K->13664K(1062912K)
[2022-05-16T01:46:00.800+0000][0.972s] GC(1) Pause Young (Normal) (G1 Evacuation Pause) 36M->16M(512M) 11.569ms
[2022-05-16T01:46:00.800+0000][0.972s] GC(1) User=0.04s Sys=0.01s Real=0.02s
[2022-05-16T01:46:01.074+0000][1.246s] GC(2) Pause Young (Normal) (G1 Evacuation Pause)
[2022-05-16T01:46:01.074+0000][1.246s] GC(2) Using 4 workers of 4 for evacuation
[2022-05-16T01:46:01.082+0000][1.254s] GC(2)   Pre Evacuate Collection Set: 0.0ms
[2022-05-16T01:46:01.082+0000][1.254s] GC(2)   Evacuate Collection Set: 7.2ms
[2022-05-16T01:46:01.082+0000][1.254s] GC(2)   Post Evacuate Collection Set: 0.8ms
[2022-05-16T01:46:01.082+0000][1.254s] GC(2)   Other: 0.1ms
[2022-05-16T01:46:01.082+0000][1.254s] GC(2) Eden regions: 35->0(49)
[2022-05-16T01:46:01.082+0000][1.254s] GC(2) Survivor regions: 4->4(5)
[2022-05-16T01:46:01.082+0000][1.254s] GC(2) Old regions: 10->14
[2022-05-16T01:46:01.082+0000][1.254s] GC(2) Humongous regions: 4->4
[2022-05-16T01:46:01.082+0000][1.254s] GC(2) Metaspace: 17034K->17034K(1064960K)
[2022-05-16T01:46:01.083+0000][1.254s] GC(2) Pause Young (Normal) (G1 Evacuation Pause) 51M->20M(512M) 8.275ms
[2022-05-16T01:46:01.083+0000][1.254s] GC(2) User=0.03s Sys=0.00s Real=0.01s
[2022-05-16T01:46:01.361+0000][1.533s] GC(3) Pause Young (Normal) (G1 Evacuation Pause)
[2022-05-16T01:46:01.361+0000][1.533s] GC(3) Using 4 workers of 4 for evacuation
[2022-05-16T01:46:01.366+0000][1.538s] GC(3)   Pre Evacuate Collection Set: 0.0ms
[2022-05-16T01:46:01.366+0000][1.538s] GC(3)   Evacuate Collection Set: 3.4ms
[2022-05-16T01:46:01.366+0000][1.538s] GC(3)   Post Evacuate Collection Set: 1.4ms
[2022-05-16T01:46:01.366+0000][1.538s] GC(3)   Other: 0.2ms
[2022-05-16T01:46:01.366+0000][1.538s] GC(3) Eden regions: 49->0(83)
[2022-05-16T01:46:01.366+0000][1.538s] GC(3) Survivor regions: 4->7(7)
[2022-05-16T01:46:01.366+0000][1.538s] GC(3) Old regions: 14->14
[2022-05-16T01:46:01.366+0000][1.538s] GC(3) Humongous regions: 4->4
[2022-05-16T01:46:01.366+0000][1.538s] GC(3) Metaspace: 19983K->19983K(1067008K)
[2022-05-16T01:46:01.366+0000][1.538s] GC(3) Pause Young (Normal) (G1 Evacuation Pause) 69M->22M(512M) 5.174ms
[2022-05-16T01:46:01.366+0000][1.538s] GC(3) User=0.02s Sys=0.01s Real=0.00s
[2022-05-16T01:46:01.404+0000][1.576s] GC(4) Pause Young (Concurrent Start) (Metadata GC Threshold)
[2022-05-16T01:46:01.411+0000][1.583s] GC(4) Using 4 workers of 4 for evacuation
[2022-05-16T01:46:01.415+0000][1.587s] GC(4)   Pre Evacuate Collection Set: 0.0ms
[2022-05-16T01:46:01.415+0000][1.587s] GC(4)   Evacuate Collection Set: 3.1ms
[2022-05-16T01:46:01.415+0000][1.587s] GC(4)   Post Evacuate Collection Set: 0.2ms
[2022-05-16T01:46:01.415+0000][1.587s] GC(4)   Other: 7.7ms
[2022-05-16T01:46:01.415+0000][1.587s] GC(4) Eden regions: 8->0(124)
[2022-05-16T01:46:01.415+0000][1.587s] GC(4) Survivor regions: 7->7(12)
[2022-05-16T01:46:01.415+0000][1.587s] GC(4) Old regions: 14->14
[2022-05-16T01:46:01.415+0000][1.587s] GC(4) Humongous regions: 4->4
[2022-05-16T01:46:01.415+0000][1.587s] GC(4) Metaspace: 20320K->20320K(1067008K)
[2022-05-16T01:46:01.415+0000][1.587s] GC(4) Pause Young (Concurrent Start) (Metadata GC Threshold) 30M->22M(512M) 11.150ms
[2022-05-16T01:46:01.415+0000][1.587s] GC(4) User=0.03s Sys=0.00s Real=0.01s
[2022-05-16T01:46:01.415+0000][1.587s] GC(5) Concurrent Cycle
[2022-05-16T01:46:01.415+0000][1.587s] GC(5) Concurrent Clear Claimed Marks
[2022-05-16T01:46:01.415+0000][1.587s] GC(5) Concurrent Clear Claimed Marks 0.045ms
[2022-05-16T01:46:01.415+0000][1.587s] GC(5) Concurrent Scan Root Regions
[2022-05-16T01:46:01.417+0000][1.589s] GC(5) Concurrent Scan Root Regions 2.266ms
[2022-05-16T01:46:01.417+0000][1.589s] GC(5) Concurrent Mark (1.589s)
[2022-05-16T01:46:01.417+0000][1.589s] GC(5) Concurrent Mark From Roots
[2022-05-16T01:46:01.417+0000][1.589s] GC(5) Using 1 workers of 1 for marking
[2022-05-16T01:46:01.447+0000][1.619s] GC(5) Concurrent Mark From Roots 29.395ms
[2022-05-16T01:46:01.447+0000][1.619s] GC(5) Concurrent Preclean
[2022-05-16T01:46:01.447+0000][1.619s] GC(5) Concurrent Preclean 0.110ms
[2022-05-16T01:46:01.447+0000][1.619s] GC(5) Concurrent Mark (1.589s, 1.619s) 29.559ms
[2022-05-16T01:46:01.447+0000][1.619s] GC(5) Pause Remark
[2022-05-16T01:46:01.451+0000][1.623s] GC(5) Cleaned string and symbol table, strings: 9789 processed, 21 removed, symbols: 58171 processed, 35 removed
[2022-05-16T01:46:01.451+0000][1.623s] GC(5) Pause Remark 25M->25M(512M) 3.945ms
[2022-05-16T01:46:01.451+0000][1.623s] GC(5) User=0.02s Sys=0.00s Real=0.01s
[2022-05-16T01:46:01.451+0000][1.623s] GC(5) Concurrent Rebuild Remembered Sets
[2022-05-16T01:46:01.466+0000][1.638s] GC(5) Concurrent Rebuild Remembered Sets 15.062ms
[2022-05-16T01:46:01.466+0000][1.638s] GC(5) Pause Cleanup
[2022-05-16T01:46:01.466+0000][1.638s] GC(5) Pause Cleanup 28M->28M(512M) 0.093ms
[2022-05-16T01:46:01.466+0000][1.638s] GC(5) User=0.00s Sys=0.00s Real=0.00s
[2022-05-16T01:46:01.466+0000][1.638s] GC(5) Concurrent Cleanup for Next Mark
[2022-05-16T01:46:01.467+0000][1.639s] GC(5) Concurrent Cleanup for Next Mark 0.519ms
[2022-05-16T01:46:01.467+0000][1.639s] GC(5) Concurrent Cycle 51.902ms
[2022-05-16T01:46:03.048+0000][3.220s] GC(6) Pause Young (Concurrent Start) (G1 Evacuation Pause)
[2022-05-16T01:46:03.048+0000][3.220s] GC(6) Using 4 workers of 4 for evacuation
[2022-05-16T01:46:03.058+0000][3.230s] GC(6)   Pre Evacuate Collection Set: 0.1ms
[2022-05-16T01:46:03.058+0000][3.230s] GC(6)   Evacuate Collection Set: 9.2ms
[2022-05-16T01:46:03.058+0000][3.230s] GC(6)   Post Evacuate Collection Set: 0.3ms
[2022-05-16T01:46:03.058+0000][3.230s] GC(6)   Other: 0.1ms
[2022-05-16T01:46:03.058+0000][3.230s] GC(6) Eden regions: 133->0(295)
[2022-05-16T01:46:03.058+0000][3.230s] GC(6) Survivor regions: 7->12(18)
[2022-05-16T01:46:03.058+0000][3.230s] GC(6) Old regions: 14->14
[2022-05-16T01:46:03.058+0000][3.230s] GC(6) Humongous regions: 4->4
[2022-05-16T01:46:03.058+0000][3.230s] GC(6) Metaspace: 31779K->31779K(1077248K)
[2022-05-16T01:46:03.058+0000][3.230s] GC(6) Pause Young (Concurrent Start) (G1 Evacuation Pause) 155M->28M(512M) 9.771ms
[2022-05-16T01:46:03.058+0000][3.230s] GC(6) User=0.02s Sys=0.01s Real=0.02s
[2022-05-16T01:46:03.058+0000][3.230s] GC(7) Concurrent Cycle
[2022-05-16T01:46:03.058+0000][3.230s] GC(7) Concurrent Clear Claimed Marks
[2022-05-16T01:46:03.058+0000][3.230s] GC(7) Concurrent Clear Claimed Marks 0.068ms
[2022-05-16T01:46:03.058+0000][3.230s] GC(7) Concurrent Scan Root Regions
[2022-05-16T01:46:03.063+0000][3.235s] GC(7) Concurrent Scan Root Regions 4.700ms
[2022-05-16T01:46:03.063+0000][3.235s] GC(7) Concurrent Mark (3.235s)
[2022-05-16T01:46:03.063+0000][3.235s] GC(7) Concurrent Mark From Roots
[2022-05-16T01:46:03.063+0000][3.235s] GC(7) Using 1 workers of 1 for marking
[2022-05-16T01:46:03.085+0000][3.257s] GC(7) Concurrent Mark From Roots 21.936ms
[2022-05-16T01:46:03.085+0000][3.257s] GC(7) Concurrent Preclean
[2022-05-16T01:46:03.085+0000][3.257s] GC(7) Concurrent Preclean 0.072ms
[2022-05-16T01:46:03.085+0000][3.257s] GC(7) Concurrent Mark (3.235s, 3.257s) 22.072ms
[2022-05-16T01:46:03.085+0000][3.257s] GC(7) Pause Remark
[2022-05-16T01:46:03.092+0000][3.263s] GC(7) Cleaned string and symbol table, strings: 14841 processed, 0 removed, symbols: 93867 processed, 46 removed
[2022-05-16T01:46:03.092+0000][3.264s] GC(7) Pause Remark 36M->36M(512M) 6.589ms
[2022-05-16T01:46:03.092+0000][3.264s] GC(7) User=0.02s Sys=0.00s Real=0.01s
[2022-05-16T01:46:03.092+0000][3.264s] GC(7) Concurrent Rebuild Remembered Sets
[2022-05-16T01:46:03.110+0000][3.281s] GC(7) Concurrent Rebuild Remembered Sets 17.811ms
[2022-05-16T01:46:03.110+0000][3.282s] GC(7) Pause Cleanup
[2022-05-16T01:46:03.110+0000][3.282s] GC(7) Pause Cleanup 37M->37M(512M) 0.087ms
[2022-05-16T01:46:03.110+0000][3.282s] GC(7) User=0.00s Sys=0.00s Real=0.00s
[2022-05-16T01:46:03.110+0000][3.282s] GC(7) Concurrent Cleanup for Next Mark
[2022-05-16T01:46:03.110+0000][3.282s] GC(7) Concurrent Cleanup for Next Mark 0.442ms
[2022-05-16T01:46:03.110+0000][3.282s] GC(7) Concurrent Cycle 52.149ms
[2022-05-16T01:47:26.861+0000][87.033s] Heap
[2022-05-16T01:47:26.861+0000][87.033s]  garbage-first heap   total 524288K, used 318853K [0x00000000e0000000, 0x0000000100000000)
[2022-05-16T01:47:26.861+0000][87.033s]   region size 1024K, 296 young (303104K), 12 survivors (12288K)
[2022-05-16T01:47:26.861+0000][87.033s]  Metaspace       used 50359K, capacity 52109K, committed 52352K, reserved 1095680K
[2022-05-16T01:47:26.861+0000][87.033s]   class space    used 5974K, capacity 6741K, committed 6784K, reserved 1048576K
