[2022-05-16T01:46:09.414+0000][0.025s] Heap region size: 1M
[2022-05-16T01:46:09.428+0000][0.039s] Using G1
[2022-05-16T01:46:09.428+0000][0.039s] Heap address: 0x00000000e0000000, size: 512 MB, Compressed Oops mode: 32-bit
[2022-05-16T01:46:09.428+0000][0.039s] Mark closed archive regions in map: [0x00000000fff00000, 0x00000000fff6aff8]
[2022-05-16T01:46:09.428+0000][0.039s] Mark open archive regions in map: [0x00000000ffe00000, 0x00000000ffe46ff8]
[2022-05-16T01:46:09.895+0000][0.506s] GC(0) Pause Young (Normal) (G1 Evacuation Pause)
[2022-05-16T01:46:09.895+0000][0.506s] GC(0) Using 4 workers of 4 for evacuation
[2022-05-16T01:46:09.916+0000][0.527s] GC(0)   Pre Evacuate Collection Set: 0.0ms
[2022-05-16T01:46:09.916+0000][0.527s] GC(0)   Evacuate Collection Set: 19.3ms
[2022-05-16T01:46:09.916+0000][0.527s] GC(0)   Post Evacuate Collection Set: 1.2ms
[2022-05-16T01:46:09.916+0000][0.527s] GC(0)   Other: 0.3ms
[2022-05-16T01:46:09.916+0000][0.527s] GC(0) Eden regions: 25->0(304)
[2022-05-16T01:46:09.916+0000][0.527s] GC(0) Survivor regions: 0->3(4)
[2022-05-16T01:46:09.916+0000][0.527s] GC(0) Old regions: 2->2
[2022-05-16T01:46:09.916+0000][0.527s] GC(0) Humongous regions: 0->0
[2022-05-16T01:46:09.916+0000][0.527s] GC(0) Metaspace: 6630K->6630K(1056768K)
[2022-05-16T01:46:09.916+0000][0.527s] GC(0) Pause Young (Normal) (G1 Evacuation Pause) 25M->3M(512M) 20.882ms
[2022-05-16T01:46:09.916+0000][0.527s] GC(0) User=0.08s Sys=0.01s Real=0.02s
[2022-05-16T01:46:10.363+0000][0.974s] GC(1) Pause Young (Normal) (G1 Evacuation Pause)
[2022-05-16T01:46:10.363+0000][0.974s] GC(1) Using 4 workers of 4 for evacuation
[2022-05-16T01:46:10.382+0000][0.993s] GC(1)   Pre Evacuate Collection Set: 0.0ms
[2022-05-16T01:46:10.382+0000][0.993s] GC(1)   Evacuate Collection Set: 18.7ms
[2022-05-16T01:46:10.382+0000][0.993s] GC(1)   Post Evacuate Collection Set: 0.3ms
[2022-05-16T01:46:10.382+0000][0.993s] GC(1)   Other: 0.1ms
[2022-05-16T01:46:10.382+0000][0.993s] GC(1) Eden regions: 28->0(34)
[2022-05-16T01:46:10.382+0000][0.993s] GC(1) Survivor regions: 3->4(4)
[2022-05-16T01:46:10.382+0000][0.993s] GC(1) Old regions: 2->10
[2022-05-16T01:46:10.382+0000][0.993s] GC(1) Humongous regions: 4->4
[2022-05-16T01:46:10.382+0000][0.993s] GC(1) Metaspace: 13437K->13437K(1060864K)
[2022-05-16T01:46:10.382+0000][0.993s] GC(1) Pause Young (Normal) (G1 Evacuation Pause) 35M->16M(512M) 19.161ms
[2022-05-16T01:46:10.382+0000][0.993s] GC(1) User=0.06s Sys=0.00s Real=0.02s
[2022-05-16T01:46:10.701+0000][1.312s] GC(2) Pause Young (Normal) (G1 Evacuation Pause)
[2022-05-16T01:46:10.701+0000][1.312s] GC(2) Using 4 workers of 4 for evacuation
[2022-05-16T01:46:10.713+0000][1.324s] GC(2)   Pre Evacuate Collection Set: 0.0ms
[2022-05-16T01:46:10.713+0000][1.324s] GC(2)   Evacuate Collection Set: 8.5ms
[2022-05-16T01:46:10.713+0000][1.324s] GC(2)   Post Evacuate Collection Set: 3.5ms
[2022-05-16T01:46:10.713+0000][1.324s] GC(2)   Other: 0.1ms
[2022-05-16T01:46:10.713+0000][1.324s] GC(2) Eden regions: 33->0(47)
[2022-05-16T01:46:10.713+0000][1.324s] GC(2) Survivor regions: 4->3(5)
[2022-05-16T01:46:10.713+0000][1.324s] GC(2) Old regions: 10->14
[2022-05-16T01:46:10.713+0000][1.324s] GC(2) Humongous regions: 4->4
[2022-05-16T01:46:10.713+0000][1.324s] GC(2) Metaspace: 17052K->17052K(1064960K)
[2022-05-16T01:46:10.713+0000][1.324s] GC(2) Pause Young (Normal) (G1 Evacuation Pause) 49M->19M(512M) 12.296ms
[2022-05-16T01:46:10.713+0000][1.324s] GC(2) User=0.05s Sys=0.00s Real=0.01s
[2022-05-16T01:46:10.974+0000][1.585s] GC(3) Pause Young (Normal) (G1 Evacuation Pause)
[2022-05-16T01:46:10.974+0000][1.586s] GC(3) Using 4 workers of 4 for evacuation
[2022-05-16T01:46:10.983+0000][1.594s] GC(3)   Pre Evacuate Collection Set: 0.0ms
[2022-05-16T01:46:10.983+0000][1.594s] GC(3)   Evacuate Collection Set: 7.2ms
[2022-05-16T01:46:10.983+0000][1.594s] GC(3)   Post Evacuate Collection Set: 0.8ms
[2022-05-16T01:46:10.983+0000][1.594s] GC(3)   Other: 0.1ms
[2022-05-16T01:46:10.983+0000][1.594s] GC(3) Eden regions: 47->0(66)
[2022-05-16T01:46:10.983+0000][1.594s] GC(3) Survivor regions: 3->7(7)
[2022-05-16T01:46:10.983+0000][1.594s] GC(3) Old regions: 14->14
[2022-05-16T01:46:10.983+0000][1.594s] GC(3) Humongous regions: 4->4
[2022-05-16T01:46:10.983+0000][1.594s] GC(3) Metaspace: 19825K->19825K(1067008K)
[2022-05-16T01:46:10.983+0000][1.594s] GC(3) Pause Young (Normal) (G1 Evacuation Pause) 66M->22M(512M) 8.239ms
[2022-05-16T01:46:10.983+0000][1.594s] GC(3) User=0.02s Sys=0.00s Real=0.01s
[2022-05-16T01:46:11.036+0000][1.647s] GC(4) Pause Young (Concurrent Start) (Metadata GC Threshold)
[2022-05-16T01:46:11.036+0000][1.647s] GC(4) Using 4 workers of 4 for evacuation
[2022-05-16T01:46:11.041+0000][1.652s] GC(4)   Pre Evacuate Collection Set: 0.1ms
[2022-05-16T01:46:11.041+0000][1.652s] GC(4)   Evacuate Collection Set: 4.5ms
[2022-05-16T01:46:11.041+0000][1.652s] GC(4)   Post Evacuate Collection Set: 0.2ms
[2022-05-16T01:46:11.041+0000][1.652s] GC(4)   Other: 0.2ms
[2022-05-16T01:46:11.041+0000][1.652s] GC(4) Eden regions: 12->0(78)
[2022-05-16T01:46:11.041+0000][1.652s] GC(4) Survivor regions: 7->4(10)
[2022-05-16T01:46:11.041+0000][1.652s] GC(4) Old regions: 14->17
[2022-05-16T01:46:11.041+0000][1.652s] GC(4) Humongous regions: 4->4
[2022-05-16T01:46:11.041+0000][1.652s] GC(4) Metaspace: 20340K->20340K(1069056K)
[2022-05-16T01:46:11.041+0000][1.652s] GC(4) Pause Young (Concurrent Start) (Metadata GC Threshold) 34M->22M(512M) 5.003ms
[2022-05-16T01:46:11.041+0000][1.652s] GC(4) User=0.01s Sys=0.00s Real=0.01s
[2022-05-16T01:46:11.041+0000][1.652s] GC(5) Concurrent Cycle
[2022-05-16T01:46:11.041+0000][1.652s] GC(5) Concurrent Clear Claimed Marks
[2022-05-16T01:46:11.041+0000][1.652s] GC(5) Concurrent Clear Claimed Marks 0.028ms
[2022-05-16T01:46:11.041+0000][1.652s] GC(5) Concurrent Scan Root Regions
[2022-05-16T01:46:11.042+0000][1.653s] GC(5) Concurrent Scan Root Regions 1.297ms
[2022-05-16T01:46:11.042+0000][1.653s] GC(5) Concurrent Mark (1.653s)
[2022-05-16T01:46:11.042+0000][1.653s] GC(5) Concurrent Mark From Roots
[2022-05-16T01:46:11.042+0000][1.653s] GC(5) Using 1 workers of 1 for marking
[2022-05-16T01:46:11.072+0000][1.683s] GC(5) Concurrent Mark From Roots 29.301ms
[2022-05-16T01:46:11.072+0000][1.683s] GC(5) Concurrent Preclean
[2022-05-16T01:46:11.072+0000][1.683s] GC(5) Concurrent Preclean 0.114ms
[2022-05-16T01:46:11.072+0000][1.683s] GC(5) Concurrent Mark (1.653s, 1.683s) 29.472ms
[2022-05-16T01:46:11.072+0000][1.683s] GC(5) Pause Remark
[2022-05-16T01:46:11.075+0000][1.686s] GC(5) Cleaned string and symbol table, strings: 9752 processed, 21 removed, symbols: 58678 processed, 35 removed
[2022-05-16T01:46:11.075+0000][1.686s] GC(5) Pause Remark 26M->26M(512M) 3.225ms
[2022-05-16T01:46:11.075+0000][1.686s] GC(5) User=0.01s Sys=0.00s Real=0.00s
[2022-05-16T01:46:11.075+0000][1.686s] GC(5) Concurrent Rebuild Remembered Sets
[2022-05-16T01:46:11.092+0000][1.703s] GC(5) Concurrent Rebuild Remembered Sets 16.958ms
[2022-05-16T01:46:11.092+0000][1.703s] GC(5) Pause Cleanup
[2022-05-16T01:46:11.092+0000][1.703s] GC(5) Pause Cleanup 29M->29M(512M) 0.087ms
[2022-05-16T01:46:11.092+0000][1.703s] GC(5) User=0.01s Sys=0.00s Real=0.00s
[2022-05-16T01:46:11.092+0000][1.704s] GC(5) Concurrent Cleanup for Next Mark
[2022-05-16T01:46:11.093+0000][1.704s] GC(5) Concurrent Cleanup for Next Mark 0.456ms
[2022-05-16T01:46:11.093+0000][1.704s] GC(5) Concurrent Cycle 52.006ms
[2022-05-16T01:46:11.808+0000][2.419s] GC(6) Pause Young (Concurrent Start) (G1 Evacuation Pause)
[2022-05-16T01:46:11.808+0000][2.419s] GC(6) Using 4 workers of 4 for evacuation
[2022-05-16T01:46:11.820+0000][2.431s] GC(6)   Pre Evacuate Collection Set: 0.1ms
[2022-05-16T01:46:11.820+0000][2.431s] GC(6)   Evacuate Collection Set: 11.4ms
[2022-05-16T01:46:11.820+0000][2.431s] GC(6)   Post Evacuate Collection Set: 0.2ms
[2022-05-16T01:46:11.820+0000][2.431s] GC(6)   Other: 0.2ms
[2022-05-16T01:46:11.820+0000][2.431s] GC(6) Eden regions: 78->0(137)
[2022-05-16T01:46:11.820+0000][2.431s] GC(6) Survivor regions: 4->7(11)
[2022-05-16T01:46:11.820+0000][2.431s] GC(6) Old regions: 17->17
[2022-05-16T01:46:11.820+0000][2.431s] GC(6) Humongous regions: 4->4
[2022-05-16T01:46:11.820+0000][2.431s] GC(6) Metaspace: 28291K->28291K(1075200K)
[2022-05-16T01:46:11.820+0000][2.431s] GC(6) Pause Young (Concurrent Start) (G1 Evacuation Pause) 100M->25M(512M) 11.972ms
[2022-05-16T01:46:11.820+0000][2.431s] GC(6) User=0.04s Sys=0.01s Real=0.02s
[2022-05-16T01:46:11.820+0000][2.431s] GC(7) Concurrent Cycle
[2022-05-16T01:46:11.820+0000][2.431s] GC(7) Concurrent Clear Claimed Marks
[2022-05-16T01:46:11.820+0000][2.431s] GC(7) Concurrent Clear Claimed Marks 0.050ms
[2022-05-16T01:46:11.820+0000][2.431s] GC(7) Concurrent Scan Root Regions
[2022-05-16T01:46:11.823+0000][2.434s] GC(7) Concurrent Scan Root Regions 2.762ms
[2022-05-16T01:46:11.823+0000][2.434s] GC(7) Concurrent Mark (2.434s)
[2022-05-16T01:46:11.823+0000][2.434s] GC(7) Concurrent Mark From Roots
[2022-05-16T01:46:11.823+0000][2.434s] GC(7) Using 1 workers of 1 for marking
[2022-05-16T01:46:11.854+0000][2.465s] GC(7) Concurrent Mark From Roots 30.401ms
[2022-05-16T01:46:11.854+0000][2.465s] GC(7) Concurrent Preclean
[2022-05-16T01:46:11.854+0000][2.465s] GC(7) Concurrent Preclean 0.082ms
[2022-05-16T01:46:11.854+0000][2.465s] GC(7) Concurrent Mark (2.434s, 2.465s) 30.545ms
[2022-05-16T01:46:11.854+0000][2.465s] GC(7) Pause Remark
[2022-05-16T01:46:11.862+0000][2.473s] GC(7) Cleaned string and symbol table, strings: 13117 processed, 4 removed, symbols: 83057 processed, 37 removed
[2022-05-16T01:46:11.862+0000][2.473s] GC(7) Pause Remark 26M->26M(512M) 7.964ms
[2022-05-16T01:46:11.862+0000][2.473s] GC(7) User=0.02s Sys=0.00s Real=0.01s
[2022-05-16T01:46:11.862+0000][2.473s] GC(7) Concurrent Rebuild Remembered Sets
[2022-05-16T01:46:11.880+0000][2.491s] GC(7) Concurrent Rebuild Remembered Sets 18.485ms
[2022-05-16T01:46:11.880+0000][2.492s] GC(7) Pause Cleanup
[2022-05-16T01:46:11.881+0000][2.492s] GC(7) Pause Cleanup 28M->28M(512M) 0.085ms
[2022-05-16T01:46:11.881+0000][2.492s] GC(7) User=0.00s Sys=0.00s Real=0.00s
[2022-05-16T01:46:11.881+0000][2.492s] GC(7) Concurrent Cleanup for Next Mark
[2022-05-16T01:46:11.881+0000][2.492s] GC(7) Concurrent Cleanup for Next Mark 0.515ms
[2022-05-16T01:46:11.881+0000][2.492s] GC(7) Concurrent Cycle 60.871ms
[2022-05-16T01:46:13.476+0000][4.087s] GC(8) Pause Young (Normal) (G1 Evacuation Pause)
[2022-05-16T01:46:13.476+0000][4.087s] GC(8) Using 4 workers of 4 for evacuation
[2022-05-16T01:46:13.494+0000][4.105s] GC(8)   Pre Evacuate Collection Set: 0.0ms
[2022-05-16T01:46:13.494+0000][4.105s] GC(8)   Evacuate Collection Set: 12.8ms
[2022-05-16T01:46:13.494+0000][4.105s] GC(8)   Post Evacuate Collection Set: 5.4ms
[2022-05-16T01:46:13.494+0000][4.105s] GC(8)   Other: 0.2ms
[2022-05-16T01:46:13.494+0000][4.105s] GC(8) Eden regions: 144->0(228)
[2022-05-16T01:46:13.494+0000][4.105s] GC(8) Survivor regions: 7->14(19)
[2022-05-16T01:46:13.494+0000][4.105s] GC(8) Old regions: 17->17
[2022-05-16T01:46:13.494+0000][4.105s] GC(8) Humongous regions: 4->4
[2022-05-16T01:46:13.494+0000][4.105s] GC(8) Metaspace: 38608K->38608K(1085440K)
[2022-05-16T01:46:13.494+0000][4.105s] GC(8) Pause Young (Normal) (G1 Evacuation Pause) 169M->32M(512M) 18.572ms
[2022-05-16T01:46:13.494+0000][4.105s] GC(8) User=0.06s Sys=0.01s Real=0.02s
[2022-05-16T01:46:44.002+0000][34.613s] GC(9) Pause Young (Concurrent Start) (Metadata GC Threshold)
[2022-05-16T01:46:44.002+0000][34.613s] GC(9) Using 4 workers of 4 for evacuation
[2022-05-16T01:46:44.023+0000][34.634s] GC(9)   Pre Evacuate Collection Set: 0.1ms
[2022-05-16T01:46:44.023+0000][34.634s] GC(9)   Evacuate Collection Set: 19.5ms
[2022-05-16T01:46:44.023+0000][34.634s] GC(9)   Post Evacuate Collection Set: 1.2ms
[2022-05-16T01:46:44.023+0000][34.634s] GC(9)   Other: 0.3ms
[2022-05-16T01:46:44.023+0000][34.634s] GC(9) Eden regions: 180->0(260)
[2022-05-16T01:46:44.023+0000][34.634s] GC(9) Survivor regions: 14->19(31)
[2022-05-16T01:46:44.023+0000][34.634s] GC(9) Old regions: 17->17
[2022-05-16T01:46:44.023+0000][34.634s] GC(9) Humongous regions: 5->4
[2022-05-16T01:46:44.023+0000][34.634s] GC(9) Metaspace: 47628K->47628K(1091584K)
[2022-05-16T01:46:44.023+0000][34.634s] GC(9) Pause Young (Concurrent Start) (Metadata GC Threshold) 213M->37M(512M) 21.205ms
[2022-05-16T01:46:44.023+0000][34.634s] GC(9) User=0.04s Sys=0.01s Real=0.02s
[2022-05-16T01:46:44.023+0000][34.634s] GC(10) Concurrent Cycle
[2022-05-16T01:46:44.023+0000][34.634s] GC(10) Concurrent Clear Claimed Marks
[2022-05-16T01:46:44.024+0000][34.635s] GC(10) Concurrent Clear Claimed Marks 0.158ms
[2022-05-16T01:46:44.024+0000][34.635s] GC(10) Concurrent Scan Root Regions
[2022-05-16T01:46:44.035+0000][34.646s] GC(10) Concurrent Scan Root Regions 11.091ms
[2022-05-16T01:46:44.035+0000][34.646s] GC(10) Concurrent Mark (34.646s)
[2022-05-16T01:46:44.035+0000][34.646s] GC(10) Concurrent Mark From Roots
[2022-05-16T01:46:44.035+0000][34.646s] GC(10) Using 1 workers of 1 for marking
[2022-05-16T01:46:44.081+0000][34.692s] GC(10) Concurrent Mark From Roots 45.815ms
[2022-05-16T01:46:44.081+0000][34.692s] GC(10) Concurrent Preclean
[2022-05-16T01:46:44.081+0000][34.692s] GC(10) Concurrent Preclean 0.132ms
[2022-05-16T01:46:44.081+0000][34.692s] GC(10) Concurrent Mark (34.646s, 34.692s) 46.023ms
[2022-05-16T01:46:44.082+0000][34.693s] GC(10) Pause Remark
[2022-05-16T01:46:44.090+0000][34.701s] GC(10) Cleaned string and symbol table, strings: 23170 processed, 0 removed, symbols: 136297 processed, 409 removed
[2022-05-16T01:46:44.090+0000][34.701s] GC(10) Pause Remark 43M->43M(512M) 8.481ms
[2022-05-16T01:46:44.090+0000][34.701s] GC(10) User=0.03s Sys=0.00s Real=0.01s
[2022-05-16T01:46:44.090+0000][34.701s] GC(10) Concurrent Rebuild Remembered Sets
[2022-05-16T01:46:44.109+0000][34.720s] GC(10) Concurrent Rebuild Remembered Sets 18.300ms
[2022-05-16T01:46:44.112+0000][34.723s] GC(10) Pause Cleanup
[2022-05-16T01:46:44.112+0000][34.723s] GC(10) Pause Cleanup 46M->46M(512M) 0.142ms
[2022-05-16T01:46:44.112+0000][34.723s] GC(10) User=0.00s Sys=0.00s Real=0.00s
[2022-05-16T01:46:44.112+0000][34.723s] GC(10) Concurrent Cleanup for Next Mark
[2022-05-16T01:46:44.120+0000][34.731s] GC(10) Concurrent Cleanup for Next Mark 7.827ms
[2022-05-16T01:46:44.120+0000][34.731s] GC(10) Concurrent Cycle 96.430ms
[2022-05-16T01:47:19.589+0000][70.200s] Heap
[2022-05-16T01:47:19.589+0000][70.200s]  garbage-first heap   total 524288K, used 225946K [0x00000000e0000000, 0x0000000100000000)
[2022-05-16T01:47:19.589+0000][70.200s]   region size 1024K, 203 young (207872K), 19 survivors (19456K)
[2022-05-16T01:47:19.589+0000][70.200s]  Metaspace       used 54359K, capacity 56109K, committed 56448K, reserved 1097728K
[2022-05-16T01:47:19.589+0000][70.200s]   class space    used 6493K, capacity 7255K, committed 7296K, reserved 1048576K
