[2022-05-15T02:56:26.024+0000][0.025s] Heap region size: 1M
[2022-05-15T02:56:26.040+0000][0.041s] Using G1
[2022-05-15T02:56:26.041+0000][0.041s] Heap address: 0x00000000e0000000, size: 512 MB, Compressed Oops mode: 32-bit
[2022-05-15T02:56:26.041+0000][0.042s] Mark closed archive regions in map: [0x00000000fff00000, 0x00000000fff6aff8]
[2022-05-15T02:56:26.041+0000][0.042s] Mark open archive regions in map: [0x00000000ffe00000, 0x00000000ffe46ff8]
[2022-05-15T02:56:26.759+0000][0.760s] GC(0) Pause Young (Normal) (G1 Evacuation Pause)
[2022-05-15T02:56:26.760+0000][0.761s] GC(0) Using 4 workers of 4 for evacuation
[2022-05-15T02:56:26.772+0000][0.773s] GC(0)   Pre Evacuate Collection Set: 0.0ms
[2022-05-15T02:56:26.772+0000][0.773s] GC(0)   Evacuate Collection Set: 11.0ms
[2022-05-15T02:56:26.772+0000][0.773s] GC(0)   Post Evacuate Collection Set: 1.0ms
[2022-05-15T02:56:26.772+0000][0.773s] GC(0)   Other: 0.5ms
[2022-05-15T02:56:26.772+0000][0.773s] GC(0) Eden regions: 25->0(304)
[2022-05-15T02:56:26.772+0000][0.773s] GC(0) Survivor regions: 0->3(4)
[2022-05-15T02:56:26.772+0000][0.773s] GC(0) Old regions: 2->2
[2022-05-15T02:56:26.772+0000][0.773s] GC(0) Humongous regions: 0->0
[2022-05-15T02:56:26.772+0000][0.773s] GC(0) Metaspace: 6847K->6847K(1056768K)
[2022-05-15T02:56:26.772+0000][0.773s] GC(0) Pause Young (Normal) (G1 Evacuation Pause) 25M->3M(512M) 12.588ms
[2022-05-15T02:56:26.772+0000][0.773s] GC(0) User=0.04s Sys=0.02s Real=0.02s
[2022-05-15T02:56:27.275+0000][1.276s] GC(1) Pause Young (Normal) (G1 Evacuation Pause)
[2022-05-15T02:56:27.275+0000][1.276s] GC(1) Using 4 workers of 4 for evacuation
[2022-05-15T02:56:27.297+0000][1.298s] GC(1)   Pre Evacuate Collection Set: 0.0ms
[2022-05-15T02:56:27.297+0000][1.298s] GC(1)   Evacuate Collection Set: 20.9ms
[2022-05-15T02:56:27.297+0000][1.298s] GC(1)   Post Evacuate Collection Set: 1.1ms
[2022-05-15T02:56:27.297+0000][1.298s] GC(1)   Other: 0.2ms
[2022-05-15T02:56:27.297+0000][1.298s] GC(1) Eden regions: 24->0(46)
[2022-05-15T02:56:27.297+0000][1.298s] GC(1) Survivor regions: 3->4(4)
[2022-05-15T02:56:27.297+0000][1.298s] GC(1) Old regions: 2->9
[2022-05-15T02:56:27.297+0000][1.298s] GC(1) Humongous regions: 4->4
[2022-05-15T02:56:27.297+0000][1.298s] GC(1) Metaspace: 12192K->12192K(1060864K)
[2022-05-15T02:56:27.297+0000][1.298s] GC(1) Pause Young (Normal) (G1 Evacuation Pause) 31M->15M(512M) 22.305ms
[2022-05-15T02:56:27.297+0000][1.298s] GC(1) User=0.07s Sys=0.01s Real=0.02s
[2022-05-15T02:56:27.873+0000][1.874s] GC(2) Pause Young (Normal) (G1 Evacuation Pause)
[2022-05-15T02:56:27.873+0000][1.874s] GC(2) Using 4 workers of 4 for evacuation
[2022-05-15T02:56:27.895+0000][1.896s] GC(2)   Pre Evacuate Collection Set: 0.0ms
[2022-05-15T02:56:27.895+0000][1.896s] GC(2)   Evacuate Collection Set: 15.9ms
[2022-05-15T02:56:27.895+0000][1.896s] GC(2)   Post Evacuate Collection Set: 5.9ms
[2022-05-15T02:56:27.895+0000][1.896s] GC(2)   Other: 0.2ms
[2022-05-15T02:56:27.895+0000][1.896s] GC(2) Eden regions: 40->0(52)
[2022-05-15T02:56:27.896+0000][1.896s] GC(2) Survivor regions: 4->4(6)
[2022-05-15T02:56:27.896+0000][1.896s] GC(2) Old regions: 9->13
[2022-05-15T02:56:27.896+0000][1.896s] GC(2) Humongous regions: 4->4
[2022-05-15T02:56:27.896+0000][1.896s] GC(2) Metaspace: 16992K->16992K(1064960K)
[2022-05-15T02:56:27.896+0000][1.897s] GC(2) Pause Young (Normal) (G1 Evacuation Pause) 55M->19M(512M) 22.170ms
[2022-05-15T02:56:27.896+0000][1.897s] GC(2) User=0.07s Sys=0.01s Real=0.02s
[2022-05-15T02:56:28.474+0000][2.475s] GC(3) Pause Young (Normal) (G1 Evacuation Pause)
[2022-05-15T02:56:28.474+0000][2.475s] GC(3) Using 4 workers of 4 for evacuation
[2022-05-15T02:56:28.480+0000][2.481s] GC(3)   Pre Evacuate Collection Set: 0.0ms
[2022-05-15T02:56:28.480+0000][2.481s] GC(3)   Evacuate Collection Set: 4.8ms
[2022-05-15T02:56:28.480+0000][2.481s] GC(3)   Post Evacuate Collection Set: 1.1ms
[2022-05-15T02:56:28.480+0000][2.481s] GC(3)   Other: 0.1ms
[2022-05-15T02:56:28.480+0000][2.481s] GC(3) Eden regions: 52->0(70)
[2022-05-15T02:56:28.480+0000][2.481s] GC(3) Survivor regions: 4->4(7)
[2022-05-15T02:56:28.480+0000][2.481s] GC(3) Old regions: 13->17
[2022-05-15T02:56:28.480+0000][2.481s] GC(3) Humongous regions: 4->4
[2022-05-15T02:56:28.480+0000][2.481s] GC(3) Metaspace: 19808K->19808K(1067008K)
[2022-05-15T02:56:28.480+0000][2.481s] GC(3) Pause Young (Normal) (G1 Evacuation Pause) 71M->22M(512M) 6.189ms
[2022-05-15T02:56:28.480+0000][2.481s] GC(3) User=0.02s Sys=0.00s Real=0.00s
[2022-05-15T02:56:28.511+0000][2.512s] GC(4) Pause Young (Concurrent Start) (Metadata GC Threshold)
[2022-05-15T02:56:28.511+0000][2.512s] GC(4) Using 4 workers of 4 for evacuation
[2022-05-15T02:56:28.515+0000][2.516s] GC(4)   Pre Evacuate Collection Set: 0.1ms
[2022-05-15T02:56:28.515+0000][2.516s] GC(4)   Evacuate Collection Set: 3.5ms
[2022-05-15T02:56:28.515+0000][2.516s] GC(4)   Post Evacuate Collection Set: 0.3ms
[2022-05-15T02:56:28.515+0000][2.516s] GC(4)   Other: 0.2ms
[2022-05-15T02:56:28.515+0000][2.516s] GC(4) Eden regions: 2->0(89)
[2022-05-15T02:56:28.515+0000][2.516s] GC(4) Survivor regions: 4->3(10)
[2022-05-15T02:56:28.515+0000][2.516s] GC(4) Old regions: 17->17
[2022-05-15T02:56:28.515+0000][2.516s] GC(4) Humongous regions: 4->4
[2022-05-15T02:56:28.515+0000][2.516s] GC(4) Metaspace: 20373K->20373K(1067008K)
[2022-05-15T02:56:28.515+0000][2.516s] GC(4) Pause Young (Concurrent Start) (Metadata GC Threshold) 24M->22M(512M) 4.212ms
[2022-05-15T02:56:28.515+0000][2.516s] GC(4) User=0.02s Sys=0.00s Real=0.01s
[2022-05-15T02:56:28.515+0000][2.516s] GC(5) Concurrent Cycle
[2022-05-15T02:56:28.515+0000][2.516s] GC(5) Concurrent Clear Claimed Marks
[2022-05-15T02:56:28.515+0000][2.516s] GC(5) Concurrent Clear Claimed Marks 0.043ms
[2022-05-15T02:56:28.515+0000][2.516s] GC(5) Concurrent Scan Root Regions
[2022-05-15T02:56:28.516+0000][2.517s] GC(5) Concurrent Scan Root Regions 0.993ms
[2022-05-15T02:56:28.516+0000][2.517s] GC(5) Concurrent Mark (2.517s)
[2022-05-15T02:56:28.516+0000][2.517s] GC(5) Concurrent Mark From Roots
[2022-05-15T02:56:28.516+0000][2.517s] GC(5) Using 1 workers of 1 for marking
[2022-05-15T02:56:28.550+0000][2.551s] GC(5) Concurrent Mark From Roots 33.860ms
[2022-05-15T02:56:28.550+0000][2.551s] GC(5) Concurrent Preclean
[2022-05-15T02:56:28.550+0000][2.551s] GC(5) Concurrent Preclean 0.111ms
[2022-05-15T02:56:28.550+0000][2.551s] GC(5) Concurrent Mark (2.517s, 2.551s) 34.044ms
[2022-05-15T02:56:28.550+0000][2.551s] GC(5) Pause Remark
[2022-05-15T02:56:28.555+0000][2.556s] GC(5) Cleaned string and symbol table, strings: 9894 processed, 25 removed, symbols: 58068 processed, 32 removed
[2022-05-15T02:56:28.556+0000][2.556s] GC(5) Pause Remark 28M->28M(512M) 5.154ms
[2022-05-15T02:56:28.556+0000][2.557s] GC(5) User=0.02s Sys=0.00s Real=0.01s
[2022-05-15T02:56:28.556+0000][2.557s] GC(5) Concurrent Rebuild Remembered Sets
[2022-05-15T02:56:28.576+0000][2.577s] GC(5) Concurrent Rebuild Remembered Sets 20.661ms
[2022-05-15T02:56:28.577+0000][2.578s] GC(5) Pause Cleanup
[2022-05-15T02:56:28.577+0000][2.578s] GC(5) Pause Cleanup 34M->34M(512M) 0.133ms
[2022-05-15T02:56:28.577+0000][2.578s] GC(5) User=0.00s Sys=0.00s Real=0.00s
[2022-05-15T02:56:28.577+0000][2.578s] GC(5) Concurrent Cleanup for Next Mark
[2022-05-15T02:56:28.577+0000][2.578s] GC(5) Concurrent Cleanup for Next Mark 0.543ms
[2022-05-15T02:56:28.577+0000][2.578s] GC(5) Concurrent Cycle 62.372ms
[2022-05-15T02:56:29.538+0000][3.539s] GC(6) Pause Young (Concurrent Start) (G1 Evacuation Pause)
[2022-05-15T02:56:29.538+0000][3.539s] GC(6) Using 4 workers of 4 for evacuation
[2022-05-15T02:56:29.548+0000][3.549s] GC(6)   Pre Evacuate Collection Set: 0.1ms
[2022-05-15T02:56:29.548+0000][3.549s] GC(6)   Evacuate Collection Set: 9.9ms
[2022-05-15T02:56:29.548+0000][3.549s] GC(6)   Post Evacuate Collection Set: 0.3ms
[2022-05-15T02:56:29.548+0000][3.549s] GC(6)   Other: 0.2ms
[2022-05-15T02:56:29.548+0000][3.549s] GC(6) Eden regions: 89->0(127)
[2022-05-15T02:56:29.549+0000][3.549s] GC(6) Survivor regions: 3->6(12)
[2022-05-15T02:56:29.549+0000][3.549s] GC(6) Old regions: 17->17
[2022-05-15T02:56:29.549+0000][3.549s] GC(6) Humongous regions: 4->4
[2022-05-15T02:56:29.549+0000][3.549s] GC(6) Metaspace: 28851K->28851K(1075200K)
[2022-05-15T02:56:29.549+0000][3.550s] GC(6) Pause Young (Concurrent Start) (G1 Evacuation Pause) 111M->25M(512M) 10.693ms
[2022-05-15T02:56:29.549+0000][3.550s] GC(6) User=0.04s Sys=0.00s Real=0.01s
[2022-05-15T02:56:29.549+0000][3.550s] GC(7) Concurrent Cycle
[2022-05-15T02:56:29.549+0000][3.550s] GC(7) Concurrent Clear Claimed Marks
[2022-05-15T02:56:29.549+0000][3.550s] GC(7) Concurrent Clear Claimed Marks 0.057ms
[2022-05-15T02:56:29.549+0000][3.550s] GC(7) Concurrent Scan Root Regions
[2022-05-15T02:56:29.552+0000][3.553s] GC(7) Concurrent Scan Root Regions 3.407ms
[2022-05-15T02:56:29.552+0000][3.553s] GC(7) Concurrent Mark (3.553s)
[2022-05-15T02:56:29.552+0000][3.553s] GC(7) Concurrent Mark From Roots
[2022-05-15T02:56:29.552+0000][3.553s] GC(7) Using 1 workers of 1 for marking
[2022-05-15T02:56:29.591+0000][3.592s] GC(7) Concurrent Mark From Roots 39.060ms
[2022-05-15T02:56:29.591+0000][3.592s] GC(7) Concurrent Preclean
[2022-05-15T02:56:29.591+0000][3.592s] GC(7) Concurrent Preclean 0.100ms
[2022-05-15T02:56:29.591+0000][3.592s] GC(7) Concurrent Mark (3.553s, 3.592s) 39.249ms
[2022-05-15T02:56:29.592+0000][3.592s] GC(7) Pause Remark
[2022-05-15T02:56:29.596+0000][3.597s] GC(7) Cleaned string and symbol table, strings: 13398 processed, 1 removed, symbols: 85018 processed, 43 removed
[2022-05-15T02:56:29.596+0000][3.597s] GC(7) Pause Remark 28M->28M(512M) 4.481ms
[2022-05-15T02:56:29.596+0000][3.597s] GC(7) User=0.01s Sys=0.01s Real=0.00s
[2022-05-15T02:56:29.596+0000][3.597s] GC(7) Concurrent Rebuild Remembered Sets
[2022-05-15T02:56:29.622+0000][3.623s] GC(7) Concurrent Rebuild Remembered Sets 26.183ms
[2022-05-15T02:56:29.622+0000][3.623s] GC(7) Pause Cleanup
[2022-05-15T02:56:29.622+0000][3.623s] GC(7) Pause Cleanup 29M->29M(512M) 0.089ms
[2022-05-15T02:56:29.623+0000][3.623s] GC(7) User=0.00s Sys=0.00s Real=0.00s
[2022-05-15T02:56:29.623+0000][3.623s] GC(7) Concurrent Cleanup for Next Mark
[2022-05-15T02:56:29.623+0000][3.624s] GC(7) Concurrent Cleanup for Next Mark 0.595ms
[2022-05-15T02:56:29.623+0000][3.624s] GC(7) Concurrent Cycle 74.572ms
[2022-05-15T02:58:56.015+0000][150.016s] GC(8) Pause Young (Normal) (G1 Evacuation Pause)
[2022-05-15T02:58:56.015+0000][150.016s] GC(8) Using 4 workers of 4 for evacuation
[2022-05-15T02:58:56.056+0000][150.057s] GC(8)   Pre Evacuate Collection Set: 0.0ms
[2022-05-15T02:58:56.056+0000][150.057s] GC(8)   Evacuate Collection Set: 37.7ms
[2022-05-15T02:58:56.056+0000][150.057s] GC(8)   Post Evacuate Collection Set: 3.0ms
[2022-05-15T02:58:56.056+0000][150.057s] GC(8)   Other: 0.2ms
[2022-05-15T02:58:56.056+0000][150.057s] GC(8) Eden regions: 132->0(221)
[2022-05-15T02:58:56.056+0000][150.057s] GC(8) Survivor regions: 6->13(18)
[2022-05-15T02:58:56.056+0000][150.057s] GC(8) Old regions: 17->17
[2022-05-15T02:58:56.056+0000][150.057s] GC(8) Humongous regions: 4->4
[2022-05-15T02:58:56.056+0000][150.057s] GC(8) Metaspace: 38854K->38854K(1085440K)
[2022-05-15T02:58:56.056+0000][150.057s] GC(8) Pause Young (Normal) (G1 Evacuation Pause) 157M->31M(512M) 41.053ms
[2022-05-15T02:58:56.056+0000][150.057s] GC(8) User=0.11s Sys=0.00s Real=0.04s
[2022-05-15T02:59:20.859+0000][174.860s] Heap
[2022-05-15T02:59:20.859+0000][174.860s]  garbage-first heap   total 524288K, used 69403K [0x00000000e0000000, 0x0000000100000000)
[2022-05-15T02:59:20.859+0000][174.860s]   region size 1024K, 50 young (51200K), 13 survivors (13312K)
[2022-05-15T02:59:20.859+0000][174.860s]  Metaspace       used 40210K, capacity 41661K, committed 41928K, reserved 1085440K
[2022-05-15T02:59:20.859+0000][174.860s]   class space    used 4701K, capacity 5319K, committed 5376K, reserved 1048576K
