[2022-05-15T02:58:26.620+0000][0.027s] Heap region size: 1M
[2022-05-15T02:58:26.634+0000][0.041s] Using G1
[2022-05-15T02:58:26.634+0000][0.041s] Heap address: 0x00000000e0000000, size: 512 MB, Compressed Oops mode: 32-bit
[2022-05-15T02:58:26.634+0000][0.042s] Mark closed archive regions in map: [0x00000000fff00000, 0x00000000fff6aff8]
[2022-05-15T02:58:26.634+0000][0.042s] Mark open archive regions in map: [0x00000000ffe00000, 0x00000000ffe46ff8]
[2022-05-15T02:58:27.349+0000][0.757s] GC(0) Pause Young (Normal) (G1 Evacuation Pause)
[2022-05-15T02:58:27.350+0000][0.757s] GC(0) Using 4 workers of 4 for evacuation
[2022-05-15T02:58:27.363+0000][0.770s] GC(0)   Pre Evacuate Collection Set: 0.0ms
[2022-05-15T02:58:27.363+0000][0.771s] GC(0)   Evacuate Collection Set: 12.1ms
[2022-05-15T02:58:27.363+0000][0.771s] GC(0)   Post Evacuate Collection Set: 1.0ms
[2022-05-15T02:58:27.363+0000][0.771s] GC(0)   Other: 0.6ms
[2022-05-15T02:58:27.363+0000][0.771s] GC(0) Eden regions: 25->0(304)
[2022-05-15T02:58:27.363+0000][0.771s] GC(0) Survivor regions: 0->3(4)
[2022-05-15T02:58:27.363+0000][0.771s] GC(0) Old regions: 2->2
[2022-05-15T02:58:27.363+0000][0.771s] GC(0) Humongous regions: 0->0
[2022-05-15T02:58:27.363+0000][0.771s] GC(0) Metaspace: 6643K->6643K(1056768K)
[2022-05-15T02:58:27.363+0000][0.771s] GC(0) Pause Young (Normal) (G1 Evacuation Pause) 25M->3M(512M) 13.889ms
[2022-05-15T02:58:27.363+0000][0.771s] GC(0) User=0.05s Sys=0.00s Real=0.01s
[2022-05-15T02:58:27.848+0000][1.256s] GC(1) Pause Young (Normal) (G1 Evacuation Pause)
[2022-05-15T02:58:27.848+0000][1.256s] GC(1) Using 4 workers of 4 for evacuation
[2022-05-15T02:58:27.864+0000][1.272s] GC(1)   Pre Evacuate Collection Set: 0.0ms
[2022-05-15T02:58:27.864+0000][1.272s] GC(1)   Evacuate Collection Set: 15.8ms
[2022-05-15T02:58:27.864+0000][1.272s] GC(1)   Post Evacuate Collection Set: 0.2ms
[2022-05-15T02:58:27.864+0000][1.272s] GC(1)   Other: 0.1ms
[2022-05-15T02:58:27.864+0000][1.272s] GC(1) Eden regions: 23->0(44)
[2022-05-15T02:58:27.864+0000][1.272s] GC(1) Survivor regions: 3->4(4)
[2022-05-15T02:58:27.864+0000][1.272s] GC(1) Old regions: 2->9
[2022-05-15T02:58:27.864+0000][1.272s] GC(1) Humongous regions: 4->4
[2022-05-15T02:58:27.864+0000][1.272s] GC(1) Metaspace: 11558K->11558K(1060864K)
[2022-05-15T02:58:27.864+0000][1.272s] GC(1) Pause Young (Normal) (G1 Evacuation Pause) 30M->15M(512M) 16.241ms
[2022-05-15T02:58:27.864+0000][1.272s] GC(1) User=0.04s Sys=0.01s Real=0.02s
[2022-05-15T02:58:28.479+0000][1.887s] GC(2) Pause Young (Normal) (G1 Evacuation Pause)
[2022-05-15T02:58:28.479+0000][1.887s] GC(2) Using 4 workers of 4 for evacuation
[2022-05-15T02:58:28.497+0000][1.905s] GC(2)   Pre Evacuate Collection Set: 0.0ms
[2022-05-15T02:58:28.497+0000][1.905s] GC(2)   Evacuate Collection Set: 16.5ms
[2022-05-15T02:58:28.497+0000][1.905s] GC(2)   Post Evacuate Collection Set: 1.3ms
[2022-05-15T02:58:28.498+0000][1.905s] GC(2)   Other: 0.2ms
[2022-05-15T02:58:28.498+0000][1.905s] GC(2) Eden regions: 38->0(50)
[2022-05-15T02:58:28.498+0000][1.905s] GC(2) Survivor regions: 4->4(6)
[2022-05-15T02:58:28.498+0000][1.905s] GC(2) Old regions: 9->13
[2022-05-15T02:58:28.498+0000][1.905s] GC(2) Humongous regions: 4->4
[2022-05-15T02:58:28.498+0000][1.905s] GC(2) Metaspace: 17010K->17010K(1064960K)
[2022-05-15T02:58:28.498+0000][1.905s] GC(2) Pause Young (Normal) (G1 Evacuation Pause) 53M->19M(512M) 18.215ms
[2022-05-15T02:58:28.498+0000][1.905s] GC(2) User=0.06s Sys=0.00s Real=0.02s
[2022-05-15T02:58:28.907+0000][2.315s] GC(3) Pause Young (Normal) (G1 Evacuation Pause)
[2022-05-15T02:58:28.907+0000][2.315s] GC(3) Using 4 workers of 4 for evacuation
[2022-05-15T02:58:28.915+0000][2.322s] GC(3)   Pre Evacuate Collection Set: 0.0ms
[2022-05-15T02:58:28.915+0000][2.322s] GC(3)   Evacuate Collection Set: 6.0ms
[2022-05-15T02:58:28.915+0000][2.322s] GC(3)   Post Evacuate Collection Set: 1.3ms
[2022-05-15T02:58:28.915+0000][2.322s] GC(3)   Other: 0.1ms
[2022-05-15T02:58:28.915+0000][2.322s] GC(3) Eden regions: 50->0(84)
[2022-05-15T02:58:28.915+0000][2.322s] GC(3) Survivor regions: 4->7(7)
[2022-05-15T02:58:28.915+0000][2.322s] GC(3) Old regions: 13->13
[2022-05-15T02:58:28.915+0000][2.322s] GC(3) Humongous regions: 4->4
[2022-05-15T02:58:28.915+0000][2.322s] GC(3) Metaspace: 19288K->19288K(1067008K)
[2022-05-15T02:58:28.915+0000][2.322s] GC(3) Pause Young (Normal) (G1 Evacuation Pause) 69M->22M(512M) 7.536ms
[2022-05-15T02:58:28.915+0000][2.322s] GC(3) User=0.02s Sys=0.01s Real=0.01s
[2022-05-15T02:58:29.108+0000][2.516s] GC(4) Pause Young (Concurrent Start) (Metadata GC Threshold)
[2022-05-15T02:58:29.108+0000][2.516s] GC(4) Using 4 workers of 4 for evacuation
[2022-05-15T02:58:29.119+0000][2.526s] GC(4)   Pre Evacuate Collection Set: 0.1ms
[2022-05-15T02:58:29.119+0000][2.526s] GC(4)   Evacuate Collection Set: 10.1ms
[2022-05-15T02:58:29.119+0000][2.526s] GC(4)   Post Evacuate Collection Set: 0.3ms
[2022-05-15T02:58:29.119+0000][2.526s] GC(4)   Other: 0.2ms
[2022-05-15T02:58:29.119+0000][2.526s] GC(4) Eden regions: 8->0(75)
[2022-05-15T02:58:29.119+0000][2.526s] GC(4) Survivor regions: 7->4(12)
[2022-05-15T02:58:29.119+0000][2.526s] GC(4) Old regions: 13->17
[2022-05-15T02:58:29.119+0000][2.526s] GC(4) Humongous regions: 4->4
[2022-05-15T02:58:29.119+0000][2.526s] GC(4) Metaspace: 20303K->20303K(1067008K)
[2022-05-15T02:58:29.119+0000][2.526s] GC(4) Pause Young (Concurrent Start) (Metadata GC Threshold) 30M->22M(512M) 10.774ms
[2022-05-15T02:58:29.119+0000][2.526s] GC(4) User=0.03s Sys=0.00s Real=0.01s
[2022-05-15T02:58:29.119+0000][2.526s] GC(5) Concurrent Cycle
[2022-05-15T02:58:29.119+0000][2.526s] GC(5) Concurrent Clear Claimed Marks
[2022-05-15T02:58:29.119+0000][2.526s] GC(5) Concurrent Clear Claimed Marks 0.034ms
[2022-05-15T02:58:29.119+0000][2.526s] GC(5) Concurrent Scan Root Regions
[2022-05-15T02:58:29.121+0000][2.528s] GC(5) Concurrent Scan Root Regions 1.392ms
[2022-05-15T02:58:29.121+0000][2.528s] GC(5) Concurrent Mark (2.528s)
[2022-05-15T02:58:29.121+0000][2.528s] GC(5) Concurrent Mark From Roots
[2022-05-15T02:58:29.121+0000][2.528s] GC(5) Using 1 workers of 1 for marking
[2022-05-15T02:58:29.162+0000][2.569s] GC(5) Concurrent Mark From Roots 41.338ms
[2022-05-15T02:58:29.162+0000][2.569s] GC(5) Concurrent Preclean
[2022-05-15T02:58:29.162+0000][2.569s] GC(5) Concurrent Preclean 0.105ms
[2022-05-15T02:58:29.162+0000][2.569s] GC(5) Concurrent Mark (2.528s, 2.569s) 41.516ms
[2022-05-15T02:58:29.162+0000][2.570s] GC(5) Pause Remark
[2022-05-15T02:58:29.169+0000][2.577s] GC(5) Cleaned string and symbol table, strings: 9852 processed, 15 removed, symbols: 57760 processed, 32 removed
[2022-05-15T02:58:29.170+0000][2.577s] GC(5) Pause Remark 26M->26M(512M) 7.294ms
[2022-05-15T02:58:29.170+0000][2.577s] GC(5) User=0.03s Sys=0.00s Real=0.01s
[2022-05-15T02:58:29.170+0000][2.577s] GC(5) Concurrent Rebuild Remembered Sets
[2022-05-15T02:58:29.206+0000][2.613s] GC(5) Concurrent Rebuild Remembered Sets 35.724ms
[2022-05-15T02:58:29.206+0000][2.614s] GC(5) Pause Cleanup
[2022-05-15T02:58:29.207+0000][2.614s] GC(5) Pause Cleanup 32M->32M(512M) 0.200ms
[2022-05-15T02:58:29.207+0000][2.614s] GC(5) User=0.00s Sys=0.00s Real=0.00s
[2022-05-15T02:58:29.207+0000][2.614s] GC(5) Concurrent Cleanup for Next Mark
[2022-05-15T02:58:29.207+0000][2.615s] GC(5) Concurrent Cleanup for Next Mark 0.627ms
[2022-05-15T02:58:29.207+0000][2.615s] GC(5) Concurrent Cycle 88.324ms
[2022-05-15T02:58:30.065+0000][3.472s] GC(6) Pause Young (Concurrent Start) (G1 Evacuation Pause)
[2022-05-15T02:58:30.065+0000][3.472s] GC(6) Using 4 workers of 4 for evacuation
[2022-05-15T02:58:30.072+0000][3.479s] GC(6)   Pre Evacuate Collection Set: 0.1ms
[2022-05-15T02:58:30.072+0000][3.479s] GC(6)   Evacuate Collection Set: 6.4ms
[2022-05-15T02:58:30.072+0000][3.479s] GC(6)   Post Evacuate Collection Set: 0.2ms
[2022-05-15T02:58:30.072+0000][3.479s] GC(6)   Other: 0.2ms
[2022-05-15T02:58:30.072+0000][3.479s] GC(6) Eden regions: 75->0(104)
[2022-05-15T02:58:30.072+0000][3.479s] GC(6) Survivor regions: 4->5(10)
[2022-05-15T02:58:30.072+0000][3.479s] GC(6) Old regions: 17->17
[2022-05-15T02:58:30.072+0000][3.479s] GC(6) Humongous regions: 4->4
[2022-05-15T02:58:30.072+0000][3.479s] GC(6) Metaspace: 26626K->26626K(1073152K)
[2022-05-15T02:58:30.072+0000][3.479s] GC(6) Pause Young (Concurrent Start) (G1 Evacuation Pause) 97M->23M(512M) 7.027ms
[2022-05-15T02:58:30.072+0000][3.479s] GC(6) User=0.03s Sys=0.00s Real=0.01s
[2022-05-15T02:58:30.072+0000][3.479s] GC(7) Concurrent Cycle
[2022-05-15T02:58:30.072+0000][3.479s] GC(7) Concurrent Clear Claimed Marks
[2022-05-15T02:58:30.072+0000][3.480s] GC(7) Concurrent Clear Claimed Marks 0.067ms
[2022-05-15T02:58:30.072+0000][3.480s] GC(7) Concurrent Scan Root Regions
[2022-05-15T02:58:30.075+0000][3.482s] GC(7) Concurrent Scan Root Regions 2.397ms
[2022-05-15T02:58:30.075+0000][3.482s] GC(7) Concurrent Mark (3.482s)
[2022-05-15T02:58:30.075+0000][3.482s] GC(7) Concurrent Mark From Roots
[2022-05-15T02:58:30.075+0000][3.482s] GC(7) Using 1 workers of 1 for marking
[2022-05-15T02:58:30.116+0000][3.523s] GC(7) Concurrent Mark From Roots 40.981ms
[2022-05-15T02:58:30.116+0000][3.523s] GC(7) Concurrent Preclean
[2022-05-15T02:58:30.116+0000][3.523s] GC(7) Concurrent Preclean 0.099ms
[2022-05-15T02:58:30.116+0000][3.523s] GC(7) Concurrent Mark (3.482s, 3.523s) 41.162ms
[2022-05-15T02:58:30.116+0000][3.523s] GC(7) Pause Remark
[2022-05-15T02:58:30.121+0000][3.528s] GC(7) Cleaned string and symbol table, strings: 11291 processed, 7 removed, symbols: 77691 processed, 39 removed
[2022-05-15T02:58:30.121+0000][3.528s] GC(7) Pause Remark 30M->30M(512M) 5.075ms
[2022-05-15T02:58:30.121+0000][3.528s] GC(7) User=0.02s Sys=0.00s Real=0.00s
[2022-05-15T02:58:30.121+0000][3.528s] GC(7) Concurrent Rebuild Remembered Sets
[2022-05-15T02:58:30.146+0000][3.554s] GC(7) Concurrent Rebuild Remembered Sets 25.065ms
[2022-05-15T02:58:30.146+0000][3.554s] GC(7) Pause Cleanup
[2022-05-15T02:58:30.146+0000][3.554s] GC(7) Pause Cleanup 32M->32M(512M) 0.110ms
[2022-05-15T02:58:30.146+0000][3.554s] GC(7) User=0.00s Sys=0.00s Real=0.00s
[2022-05-15T02:58:30.146+0000][3.554s] GC(7) Concurrent Cleanup for Next Mark
[2022-05-15T02:58:30.147+0000][3.554s] GC(7) Concurrent Cleanup for Next Mark 0.611ms
[2022-05-15T02:58:30.147+0000][3.554s] GC(7) Concurrent Cycle 75.050ms
[2022-05-15T02:58:56.289+0000][29.696s] GC(8) Pause Young (Normal) (G1 Evacuation Pause)
[2022-05-15T02:58:56.290+0000][29.698s] GC(8) Using 4 workers of 4 for evacuation
[2022-05-15T02:58:56.356+0000][29.763s] GC(8)   Pre Evacuate Collection Set: 0.0ms
[2022-05-15T02:58:56.356+0000][29.763s] GC(8)   Evacuate Collection Set: 64.5ms
[2022-05-15T02:58:56.356+0000][29.763s] GC(8)   Post Evacuate Collection Set: 0.5ms
[2022-05-15T02:58:56.356+0000][29.763s] GC(8)   Other: 1.9ms
[2022-05-15T02:58:56.356+0000][29.763s] GC(8) Eden regions: 109->0(162)
[2022-05-15T02:58:56.356+0000][29.763s] GC(8) Survivor regions: 5->12(15)
[2022-05-15T02:58:56.356+0000][29.763s] GC(8) Old regions: 17->17
[2022-05-15T02:58:56.356+0000][29.763s] GC(8) Humongous regions: 4->4
[2022-05-15T02:58:56.356+0000][29.763s] GC(8) Metaspace: 35819K->35819K(1081344K)
[2022-05-15T02:58:56.356+0000][29.763s] GC(8) Pause Young (Normal) (G1 Evacuation Pause) 132M->30M(512M) 67.146ms
[2022-05-15T02:58:56.356+0000][29.763s] GC(8) User=0.07s Sys=0.01s Real=0.07s
[2022-05-15T02:59:18.366+0000][51.773s] Heap
[2022-05-15T02:59:18.366+0000][51.774s]  garbage-first heap   total 524288K, used 58661K [0x00000000e0000000, 0x0000000100000000)
[2022-05-15T02:59:18.366+0000][51.774s]   region size 1024K, 40 young (40960K), 12 survivors (12288K)
[2022-05-15T02:59:18.366+0000][51.774s]  Metaspace       used 37429K, capacity 38653K, committed 38728K, reserved 1083392K
[2022-05-15T02:59:18.366+0000][51.774s]   class space    used 4420K, capacity 4932K, committed 4992K, reserved 1048576K
