[2022-05-16T01:45:50.922+0000][0.031s] Heap region size: 1M
[2022-05-16T01:45:50.936+0000][0.045s] Using G1
[2022-05-16T01:45:50.936+0000][0.045s] Heap address: 0x00000000e0000000, size: 512 MB, Compressed Oops mode: 32-bit
[2022-05-16T01:45:50.936+0000][0.045s] Mark closed archive regions in map: [0x00000000fff00000, 0x00000000fff6aff8]
[2022-05-16T01:45:50.936+0000][0.045s] Mark open archive regions in map: [0x00000000ffe00000, 0x00000000ffe46ff8]
[2022-05-16T01:45:51.444+0000][0.553s] GC(0) Pause Young (Normal) (G1 Evacuation Pause)
[2022-05-16T01:45:51.445+0000][0.554s] GC(0) Using 4 workers of 4 for evacuation
[2022-05-16T01:45:51.453+0000][0.562s] GC(0)   Pre Evacuate Collection Set: 0.0ms
[2022-05-16T01:45:51.453+0000][0.562s] GC(0)   Evacuate Collection Set: 7.5ms
[2022-05-16T01:45:51.453+0000][0.562s] GC(0)   Post Evacuate Collection Set: 0.3ms
[2022-05-16T01:45:51.453+0000][0.562s] GC(0)   Other: 1.3ms
[2022-05-16T01:45:51.453+0000][0.562s] GC(0) Eden regions: 25->0(304)
[2022-05-16T01:45:51.453+0000][0.562s] GC(0) Survivor regions: 0->3(4)
[2022-05-16T01:45:51.453+0000][0.562s] GC(0) Old regions: 2->2
[2022-05-16T01:45:51.453+0000][0.562s] GC(0) Humongous regions: 0->0
[2022-05-16T01:45:51.453+0000][0.562s] GC(0) Metaspace: 6845K->6845K(1056768K)
[2022-05-16T01:45:51.453+0000][0.562s] GC(0) Pause Young (Normal) (G1 Evacuation Pause) 25M->3M(512M) 9.239ms
[2022-05-16T01:45:51.453+0000][0.562s] GC(0) User=0.02s Sys=0.00s Real=0.01s
[2022-05-16T01:45:52.122+0000][1.231s] GC(1) Pause Young (Normal) (G1 Evacuation Pause)
[2022-05-16T01:45:52.122+0000][1.231s] GC(1) Using 4 workers of 4 for evacuation
[2022-05-16T01:45:52.135+0000][1.244s] GC(1)   Pre Evacuate Collection Set: 0.0ms
[2022-05-16T01:45:52.135+0000][1.244s] GC(1)   Evacuate Collection Set: 12.8ms
[2022-05-16T01:45:52.135+0000][1.244s] GC(1)   Post Evacuate Collection Set: 0.3ms
[2022-05-16T01:45:52.135+0000][1.244s] GC(1)   Other: 0.1ms
[2022-05-16T01:45:52.135+0000][1.244s] GC(1) Eden regions: 48->0(48)
[2022-05-16T01:45:52.135+0000][1.244s] GC(1) Survivor regions: 3->7(7)
[2022-05-16T01:45:52.135+0000][1.244s] GC(1) Old regions: 2->9
[2022-05-16T01:45:52.135+0000][1.244s] GC(1) Humongous regions: 4->4
[2022-05-16T01:45:52.135+0000][1.244s] GC(1) Metaspace: 16953K->16953K(1064960K)
[2022-05-16T01:45:52.135+0000][1.244s] GC(1) Pause Young (Normal) (G1 Evacuation Pause) 55M->17M(512M) 13.311ms
[2022-05-16T01:45:52.135+0000][1.244s] GC(1) User=0.04s Sys=0.01s Real=0.01s
[2022-05-16T01:45:52.208+0000][1.317s] GC(2) Pause Young (Normal) (G1 Evacuation Pause)
[2022-05-16T01:45:52.208+0000][1.317s] GC(2) Using 4 workers of 4 for evacuation
[2022-05-16T01:45:52.224+0000][1.334s] GC(2)   Pre Evacuate Collection Set: 0.0ms
[2022-05-16T01:45:52.224+0000][1.334s] GC(2)   Evacuate Collection Set: 13.6ms
[2022-05-16T01:45:52.224+0000][1.334s] GC(2)   Post Evacuate Collection Set: 2.8ms
[2022-05-16T01:45:52.224+0000][1.334s] GC(2)   Other: 0.1ms
[2022-05-16T01:45:52.224+0000][1.334s] GC(2) Eden regions: 18->0(45)
[2022-05-16T01:45:52.225+0000][1.334s] GC(2) Survivor regions: 7->3(4)
[2022-05-16T01:45:52.225+0000][1.334s] GC(2) Old regions: 9->16
[2022-05-16T01:45:52.225+0000][1.334s] GC(2) Humongous regions: 4->4
[2022-05-16T01:45:52.225+0000][1.334s] GC(2) Metaspace: 17043K->17043K(1064960K)
[2022-05-16T01:45:52.225+0000][1.334s] GC(2) Pause Young (Normal) (G1 Evacuation Pause) 35M->20M(512M) 16.528ms
[2022-05-16T01:45:52.225+0000][1.334s] GC(2) User=0.06s Sys=0.00s Real=0.02s
[2022-05-16T01:45:52.457+0000][1.566s] GC(3) Pause Young (Normal) (G1 Evacuation Pause)
[2022-05-16T01:45:52.457+0000][1.566s] GC(3) Using 4 workers of 4 for evacuation
[2022-05-16T01:45:52.465+0000][1.574s] GC(3)   Pre Evacuate Collection Set: 0.0ms
[2022-05-16T01:45:52.465+0000][1.574s] GC(3)   Evacuate Collection Set: 5.3ms
[2022-05-16T01:45:52.465+0000][1.574s] GC(3)   Post Evacuate Collection Set: 2.5ms
[2022-05-16T01:45:52.465+0000][1.574s] GC(3)   Other: 0.1ms
[2022-05-16T01:45:52.465+0000][1.574s] GC(3) Eden regions: 45->0(60)
[2022-05-16T01:45:52.465+0000][1.574s] GC(3) Survivor regions: 3->5(6)
[2022-05-16T01:45:52.465+0000][1.574s] GC(3) Old regions: 16->16
[2022-05-16T01:45:52.465+0000][1.574s] GC(3) Humongous regions: 4->4
[2022-05-16T01:45:52.465+0000][1.574s] GC(3) Metaspace: 19880K->19880K(1067008K)
[2022-05-16T01:45:52.465+0000][1.574s] GC(3) Pause Young (Normal) (G1 Evacuation Pause) 65M->22M(512M) 8.052ms
[2022-05-16T01:45:52.465+0000][1.574s] GC(3) User=0.03s Sys=0.00s Real=0.01s
[2022-05-16T01:45:52.516+0000][1.625s] GC(4) Pause Young (Concurrent Start) (Metadata GC Threshold)
[2022-05-16T01:45:52.516+0000][1.625s] GC(4) Using 4 workers of 4 for evacuation
[2022-05-16T01:45:52.519+0000][1.628s] GC(4)   Pre Evacuate Collection Set: 0.0ms
[2022-05-16T01:45:52.519+0000][1.628s] GC(4)   Evacuate Collection Set: 2.4ms
[2022-05-16T01:45:52.519+0000][1.628s] GC(4)   Post Evacuate Collection Set: 0.2ms
[2022-05-16T01:45:52.519+0000][1.628s] GC(4)   Other: 0.2ms
[2022-05-16T01:45:52.519+0000][1.628s] GC(4) Eden regions: 11->0(88)
[2022-05-16T01:45:52.519+0000][1.628s] GC(4) Survivor regions: 5->5(9)
[2022-05-16T01:45:52.519+0000][1.628s] GC(4) Old regions: 16->16
[2022-05-16T01:45:52.519+0000][1.628s] GC(4) Humongous regions: 4->4
[2022-05-16T01:45:52.519+0000][1.628s] GC(4) Metaspace: 20383K->20383K(1067008K)
[2022-05-16T01:45:52.519+0000][1.628s] GC(4) Pause Young (Concurrent Start) (Metadata GC Threshold) 33M->22M(512M) 2.809ms
[2022-05-16T01:45:52.519+0000][1.628s] GC(4) User=0.01s Sys=0.00s Real=0.01s
[2022-05-16T01:45:52.519+0000][1.628s] GC(5) Concurrent Cycle
[2022-05-16T01:45:52.519+0000][1.628s] GC(5) Concurrent Clear Claimed Marks
[2022-05-16T01:45:52.519+0000][1.628s] GC(5) Concurrent Clear Claimed Marks 0.031ms
[2022-05-16T01:45:52.519+0000][1.628s] GC(5) Concurrent Scan Root Regions
[2022-05-16T01:45:52.520+0000][1.629s] GC(5) Concurrent Scan Root Regions 1.144ms
[2022-05-16T01:45:52.520+0000][1.629s] GC(5) Concurrent Mark (1.629s)
[2022-05-16T01:45:52.520+0000][1.629s] GC(5) Concurrent Mark From Roots
[2022-05-16T01:45:52.520+0000][1.629s] GC(5) Using 1 workers of 1 for marking
[2022-05-16T01:45:52.550+0000][1.659s] GC(5) Concurrent Mark From Roots 29.852ms
[2022-05-16T01:45:52.550+0000][1.659s] GC(5) Concurrent Preclean
[2022-05-16T01:45:52.550+0000][1.659s] GC(5) Concurrent Preclean 0.114ms
[2022-05-16T01:45:52.550+0000][1.659s] GC(5) Concurrent Mark (1.629s, 1.659s) 30.020ms
[2022-05-16T01:45:52.550+0000][1.659s] GC(5) Pause Remark
[2022-05-16T01:45:52.554+0000][1.663s] GC(5) Cleaned string and symbol table, strings: 9781 processed, 25 removed, symbols: 62062 processed, 34 removed
[2022-05-16T01:45:52.554+0000][1.663s] GC(5) Pause Remark 29M->29M(512M) 3.588ms
[2022-05-16T01:45:52.554+0000][1.663s] GC(5) User=0.01s Sys=0.00s Real=0.00s
[2022-05-16T01:45:52.554+0000][1.663s] GC(5) Concurrent Rebuild Remembered Sets
[2022-05-16T01:45:52.575+0000][1.684s] GC(5) Concurrent Rebuild Remembered Sets 20.791ms
[2022-05-16T01:45:52.575+0000][1.684s] GC(5) Pause Cleanup
[2022-05-16T01:45:52.575+0000][1.684s] GC(5) Pause Cleanup 33M->33M(512M) 0.104ms
[2022-05-16T01:45:52.575+0000][1.684s] GC(5) User=0.00s Sys=0.00s Real=0.00s
[2022-05-16T01:45:52.575+0000][1.684s] GC(5) Concurrent Cleanup for Next Mark
[2022-05-16T01:45:52.576+0000][1.685s] GC(5) Concurrent Cleanup for Next Mark 0.466ms
[2022-05-16T01:45:52.576+0000][1.685s] GC(5) Concurrent Cycle 56.914ms
[2022-05-16T01:45:53.375+0000][2.484s] GC(6) Pause Young (Concurrent Start) (G1 Evacuation Pause)
[2022-05-16T01:45:53.375+0000][2.484s] GC(6) Using 4 workers of 4 for evacuation
[2022-05-16T01:45:53.392+0000][2.501s] GC(6)   Pre Evacuate Collection Set: 0.1ms
[2022-05-16T01:45:53.392+0000][2.501s] GC(6)   Evacuate Collection Set: 16.2ms
[2022-05-16T01:45:53.392+0000][2.501s] GC(6)   Post Evacuate Collection Set: 0.3ms
[2022-05-16T01:45:53.392+0000][2.501s] GC(6)   Other: 0.2ms
[2022-05-16T01:45:53.392+0000][2.501s] GC(6) Eden regions: 88->0(176)
[2022-05-16T01:45:53.392+0000][2.501s] GC(6) Survivor regions: 5->8(12)
[2022-05-16T01:45:53.392+0000][2.501s] GC(6) Old regions: 16->16
[2022-05-16T01:45:53.392+0000][2.501s] GC(6) Humongous regions: 4->4
[2022-05-16T01:45:53.392+0000][2.501s] GC(6) Metaspace: 28882K->28882K(1075200K)
[2022-05-16T01:45:53.392+0000][2.501s] GC(6) Pause Young (Concurrent Start) (G1 Evacuation Pause) 110M->26M(512M) 16.818ms
[2022-05-16T01:45:53.392+0000][2.501s] GC(6) User=0.06s Sys=0.00s Real=0.02s
[2022-05-16T01:45:53.392+0000][2.501s] GC(7) Concurrent Cycle
[2022-05-16T01:45:53.392+0000][2.501s] GC(7) Concurrent Clear Claimed Marks
[2022-05-16T01:45:53.392+0000][2.501s] GC(7) Concurrent Clear Claimed Marks 0.060ms
[2022-05-16T01:45:53.392+0000][2.501s] GC(7) Concurrent Scan Root Regions
[2022-05-16T01:45:53.395+0000][2.505s] GC(7) Concurrent Scan Root Regions 3.281ms
[2022-05-16T01:45:53.396+0000][2.505s] GC(7) Concurrent Mark (2.505s)
[2022-05-16T01:45:53.396+0000][2.505s] GC(7) Concurrent Mark From Roots
[2022-05-16T01:45:53.396+0000][2.505s] GC(7) Using 1 workers of 1 for marking
[2022-05-16T01:45:53.423+0000][2.532s] GC(7) Concurrent Mark From Roots 27.487ms
[2022-05-16T01:45:53.423+0000][2.532s] GC(7) Concurrent Preclean
[2022-05-16T01:45:53.423+0000][2.532s] GC(7) Concurrent Preclean 0.063ms
[2022-05-16T01:45:53.423+0000][2.532s] GC(7) Concurrent Mark (2.505s, 2.532s) 27.599ms
[2022-05-16T01:45:53.423+0000][2.532s] GC(7) Pause Remark
[2022-05-16T01:45:53.426+0000][2.535s] GC(7) Cleaned string and symbol table, strings: 13494 processed, 0 removed, symbols: 85826 processed, 41 removed
[2022-05-16T01:45:53.426+0000][2.535s] GC(7) Pause Remark 30M->30M(512M) 3.178ms
[2022-05-16T01:45:53.426+0000][2.535s] GC(7) User=0.01s Sys=0.00s Real=0.00s
[2022-05-16T01:45:53.426+0000][2.536s] GC(7) Concurrent Rebuild Remembered Sets
[2022-05-16T01:45:53.438+0000][2.547s] GC(7) Concurrent Rebuild Remembered Sets 11.586ms
[2022-05-16T01:45:53.438+0000][2.547s] GC(7) Pause Cleanup
[2022-05-16T01:45:53.438+0000][2.547s] GC(7) Pause Cleanup 32M->32M(512M) 0.095ms
[2022-05-16T01:45:53.438+0000][2.547s] GC(7) User=0.00s Sys=0.00s Real=0.00s
[2022-05-16T01:45:53.438+0000][2.547s] GC(7) Concurrent Cleanup for Next Mark
[2022-05-16T01:45:53.439+0000][2.548s] GC(7) Concurrent Cleanup for Next Mark 0.519ms
[2022-05-16T01:45:53.439+0000][2.548s] GC(7) Concurrent Cycle 46.689ms
[2022-05-16T01:45:55.100+0000][4.209s] GC(8) Pause Young (Normal) (G1 Evacuation Pause)
[2022-05-16T01:45:55.101+0000][4.210s] GC(8) Using 4 workers of 4 for evacuation
[2022-05-16T01:45:55.120+0000][4.229s] GC(8)   Pre Evacuate Collection Set: 0.0ms
[2022-05-16T01:45:55.120+0000][4.229s] GC(8)   Evacuate Collection Set: 17.1ms
[2022-05-16T01:45:55.120+0000][4.229s] GC(8)   Post Evacuate Collection Set: 2.5ms
[2022-05-16T01:45:55.120+0000][4.229s] GC(8)   Other: 0.3ms
[2022-05-16T01:45:55.120+0000][4.229s] GC(8) Eden regions: 176->0(216)
[2022-05-16T01:45:55.120+0000][4.229s] GC(8) Survivor regions: 8->16(23)
[2022-05-16T01:45:55.120+0000][4.229s] GC(8) Old regions: 16->16
[2022-05-16T01:45:55.120+0000][4.229s] GC(8) Humongous regions: 5->4
[2022-05-16T01:45:55.120+0000][4.229s] GC(8) Metaspace: 40793K->40793K(1085440K)
[2022-05-16T01:45:55.120+0000][4.230s] GC(8) Pause Young (Normal) (G1 Evacuation Pause) 203M->34M(512M) 20.019ms
[2022-05-16T01:45:55.120+0000][4.230s] GC(8) User=0.06s Sys=0.01s Real=0.02s
[2022-05-16T01:45:56.039+0000][5.148s] GC(9) Pause Young (Concurrent Start) (Metadata GC Threshold)
[2022-05-16T01:45:56.039+0000][5.148s] GC(9) Using 4 workers of 4 for evacuation
[2022-05-16T01:45:56.060+0000][5.169s] GC(9)   Pre Evacuate Collection Set: 0.1ms
[2022-05-16T01:45:56.060+0000][5.169s] GC(9)   Evacuate Collection Set: 19.5ms
[2022-05-16T01:45:56.060+0000][5.169s] GC(9)   Post Evacuate Collection Set: 1.0ms
[2022-05-16T01:45:56.060+0000][5.169s] GC(9)   Other: 0.1ms
[2022-05-16T01:45:56.060+0000][5.169s] GC(9) Eden regions: 180->0(223)
[2022-05-16T01:45:56.060+0000][5.169s] GC(9) Survivor regions: 16->21(29)
[2022-05-16T01:45:56.060+0000][5.169s] GC(9) Old regions: 16->18
[2022-05-16T01:45:56.060+0000][5.169s] GC(9) Humongous regions: 4->4
[2022-05-16T01:45:56.060+0000][5.169s] GC(9) Metaspace: 49035K->49035K(1093632K)
[2022-05-16T01:45:56.060+0000][5.169s] GC(9) Pause Young (Concurrent Start) (Metadata GC Threshold) 213M->40M(512M) 20.821ms
[2022-05-16T01:45:56.060+0000][5.169s] GC(9) User=0.06s Sys=0.00s Real=0.02s
[2022-05-16T01:45:56.060+0000][5.169s] GC(10) Concurrent Cycle
[2022-05-16T01:45:56.060+0000][5.169s] GC(10) Concurrent Clear Claimed Marks
[2022-05-16T01:45:56.060+0000][5.169s] GC(10) Concurrent Clear Claimed Marks 0.104ms
[2022-05-16T01:45:56.060+0000][5.169s] GC(10) Concurrent Scan Root Regions
[2022-05-16T01:45:56.071+0000][5.180s] GC(10) Concurrent Scan Root Regions 10.251ms
[2022-05-16T01:45:56.071+0000][5.180s] GC(10) Concurrent Mark (5.180s)
[2022-05-16T01:45:56.071+0000][5.180s] GC(10) Concurrent Mark From Roots
[2022-05-16T01:45:56.071+0000][5.180s] GC(10) Using 1 workers of 1 for marking
[2022-05-16T01:45:56.101+0000][5.210s] GC(10) Concurrent Mark From Roots 30.292ms
[2022-05-16T01:45:56.101+0000][5.210s] GC(10) Concurrent Preclean
[2022-05-16T01:45:56.101+0000][5.210s] GC(10) Concurrent Preclean 0.119ms
[2022-05-16T01:45:56.101+0000][5.210s] GC(10) Concurrent Mark (5.180s, 5.210s) 30.472ms
[2022-05-16T01:45:56.101+0000][5.210s] GC(10) Pause Remark
[2022-05-16T01:45:56.109+0000][5.218s] GC(10) Cleaned string and symbol table, strings: 23835 processed, 0 removed, symbols: 139396 processed, 468 removed
[2022-05-16T01:45:56.109+0000][5.218s] GC(10) Pause Remark 46M->46M(512M) 7.766ms
[2022-05-16T01:45:56.109+0000][5.218s] GC(10) User=0.03s Sys=0.01s Real=0.00s
[2022-05-16T01:45:56.109+0000][5.218s] GC(10) Concurrent Rebuild Remembered Sets
[2022-05-16T01:45:56.129+0000][5.238s] GC(10) Concurrent Rebuild Remembered Sets 19.853ms
[2022-05-16T01:45:56.130+0000][5.239s] GC(10) Pause Cleanup
[2022-05-16T01:45:56.130+0000][5.239s] GC(10) Pause Cleanup 49M->49M(512M) 0.116ms
[2022-05-16T01:45:56.130+0000][5.239s] GC(10) User=0.00s Sys=0.00s Real=0.00s
[2022-05-16T01:45:56.130+0000][5.239s] GC(10) Concurrent Cleanup for Next Mark
[2022-05-16T01:45:56.130+0000][5.240s] GC(10) Concurrent Cleanup for Next Mark 0.501ms
[2022-05-16T01:45:56.130+0000][5.240s] GC(10) Concurrent Cycle 70.348ms
[2022-05-16T01:47:24.409+0000][93.518s] Heap
[2022-05-16T01:47:24.409+0000][93.518s]  garbage-first heap   total 524288K, used 112413K [0x00000000e0000000, 0x0000000100000000)
[2022-05-16T01:47:24.409+0000][93.518s]   region size 1024K, 91 young (93184K), 21 survivors (21504K)
[2022-05-16T01:47:24.409+0000][93.518s]  Metaspace       used 53224K, capacity 54981K, committed 55236K, reserved 1097728K
[2022-05-16T01:47:24.409+0000][93.518s]   class space    used 6379K, capacity 7132K, committed 7244K, reserved 1048576K
