[2022-05-16T01:44:14.574+0000][0.023s] Heap region size: 1M
[2022-05-16T01:44:14.589+0000][0.038s] Using G1
[2022-05-16T01:44:14.589+0000][0.038s] Heap address: 0x00000000e0000000, size: 512 MB, Compressed Oops mode: 32-bit
[2022-05-16T01:44:14.589+0000][0.038s] Mark closed archive regions in map: [0x00000000fff00000, 0x00000000fff6aff8]
[2022-05-16T01:44:14.589+0000][0.038s] Mark open archive regions in map: [0x00000000ffe00000, 0x00000000ffe46ff8]
[2022-05-16T01:44:15.073+0000][0.522s] GC(0) Pause Young (Normal) (G1 Evacuation Pause)
[2022-05-16T01:44:15.073+0000][0.523s] GC(0) Using 4 workers of 4 for evacuation
[2022-05-16T01:44:15.082+0000][0.531s] GC(0)   Pre Evacuate Collection Set: 0.0ms
[2022-05-16T01:44:15.082+0000][0.531s] GC(0)   Evacuate Collection Set: 7.7ms
[2022-05-16T01:44:15.082+0000][0.531s] GC(0)   Post Evacuate Collection Set: 0.7ms
[2022-05-16T01:44:15.082+0000][0.531s] GC(0)   Other: 0.4ms
[2022-05-16T01:44:15.082+0000][0.531s] GC(0) Eden regions: 25->0(304)
[2022-05-16T01:44:15.082+0000][0.531s] GC(0) Survivor regions: 0->3(4)
[2022-05-16T01:44:15.082+0000][0.531s] GC(0) Old regions: 2->2
[2022-05-16T01:44:15.082+0000][0.531s] GC(0) Humongous regions: 0->0
[2022-05-16T01:44:15.082+0000][0.531s] GC(0) Metaspace: 6761K->6761K(1056768K)
[2022-05-16T01:44:15.082+0000][0.531s] GC(0) Pause Young (Normal) (G1 Evacuation Pause) 25M->3M(512M) 8.831ms
[2022-05-16T01:44:15.082+0000][0.531s] GC(0) User=0.02s Sys=0.01s Real=0.01s
[2022-05-16T01:44:15.515+0000][0.964s] GC(1) Pause Young (Normal) (G1 Evacuation Pause)
[2022-05-16T01:44:15.515+0000][0.964s] GC(1) Using 4 workers of 4 for evacuation
[2022-05-16T01:44:15.527+0000][0.977s] GC(1)   Pre Evacuate Collection Set: 0.0ms
[2022-05-16T01:44:15.527+0000][0.977s] GC(1)   Evacuate Collection Set: 12.1ms
[2022-05-16T01:44:15.527+0000][0.977s] GC(1)   Post Evacuate Collection Set: 0.3ms
[2022-05-16T01:44:15.527+0000][0.977s] GC(1)   Other: 0.1ms
[2022-05-16T01:44:15.527+0000][0.977s] GC(1) Eden regions: 28->0(34)
[2022-05-16T01:44:15.527+0000][0.977s] GC(1) Survivor regions: 3->4(4)
[2022-05-16T01:44:15.527+0000][0.977s] GC(1) Old regions: 2->10
[2022-05-16T01:44:15.527+0000][0.977s] GC(1) Humongous regions: 4->4
[2022-05-16T01:44:15.527+0000][0.977s] GC(1) Metaspace: 13549K->13549K(1062912K)
[2022-05-16T01:44:15.527+0000][0.977s] GC(1) Pause Young (Normal) (G1 Evacuation Pause) 35M->16M(512M) 12.550ms
[2022-05-16T01:44:15.527+0000][0.977s] GC(1) User=0.04s Sys=0.00s Real=0.01s
[2022-05-16T01:44:15.838+0000][1.287s] GC(2) Pause Young (Normal) (G1 Evacuation Pause)
[2022-05-16T01:44:15.838+0000][1.287s] GC(2) Using 4 workers of 4 for evacuation
[2022-05-16T01:44:15.850+0000][1.299s] GC(2)   Pre Evacuate Collection Set: 0.0ms
[2022-05-16T01:44:15.850+0000][1.299s] GC(2)   Evacuate Collection Set: 8.6ms
[2022-05-16T01:44:15.850+0000][1.299s] GC(2)   Post Evacuate Collection Set: 3.6ms
[2022-05-16T01:44:15.850+0000][1.299s] GC(2)   Other: 0.1ms
[2022-05-16T01:44:15.850+0000][1.299s] GC(2) Eden regions: 32->0(47)
[2022-05-16T01:44:15.850+0000][1.299s] GC(2) Survivor regions: 4->4(5)
[2022-05-16T01:44:15.850+0000][1.299s] GC(2) Old regions: 10->14
[2022-05-16T01:44:15.850+0000][1.299s] GC(2) Humongous regions: 4->4
[2022-05-16T01:44:15.850+0000][1.299s] GC(2) Metaspace: 17033K->17033K(1064960K)
[2022-05-16T01:44:15.850+0000][1.300s] GC(2) Pause Young (Normal) (G1 Evacuation Pause) 48M->19M(512M) 12.470ms
[2022-05-16T01:44:15.850+0000][1.300s] GC(2) User=0.05s Sys=0.00s Real=0.02s
[2022-05-16T01:44:16.103+0000][1.553s] GC(3) Pause Young (Normal) (G1 Evacuation Pause)
[2022-05-16T01:44:16.104+0000][1.553s] GC(3) Using 4 workers of 4 for evacuation
[2022-05-16T01:44:16.115+0000][1.564s] GC(3)   Pre Evacuate Collection Set: 0.0ms
[2022-05-16T01:44:16.115+0000][1.564s] GC(3)   Evacuate Collection Set: 6.8ms
[2022-05-16T01:44:16.115+0000][1.564s] GC(3)   Post Evacuate Collection Set: 4.1ms
[2022-05-16T01:44:16.115+0000][1.564s] GC(3)   Other: 0.2ms
[2022-05-16T01:44:16.115+0000][1.564s] GC(3) Eden regions: 47->0(300)
[2022-05-16T01:44:16.115+0000][1.564s] GC(3) Survivor regions: 4->7(7)
[2022-05-16T01:44:16.115+0000][1.564s] GC(3) Old regions: 14->14
[2022-05-16T01:44:16.115+0000][1.564s] GC(3) Humongous regions: 4->4
[2022-05-16T01:44:16.115+0000][1.564s] GC(3) Metaspace: 19764K->19764K(1067008K)
[2022-05-16T01:44:16.115+0000][1.564s] GC(3) Pause Young (Normal) (G1 Evacuation Pause) 66M->22M(512M) 11.324ms
[2022-05-16T01:44:16.115+0000][1.564s] GC(3) User=0.03s Sys=0.00s Real=0.01s
[2022-05-16T01:44:16.166+0000][1.616s] GC(4) Pause Young (Concurrent Start) (Metadata GC Threshold)
[2022-05-16T01:44:16.166+0000][1.616s] GC(4) Using 4 workers of 4 for evacuation
[2022-05-16T01:44:16.169+0000][1.619s] GC(4)   Pre Evacuate Collection Set: 0.0ms
[2022-05-16T01:44:16.169+0000][1.619s] GC(4)   Evacuate Collection Set: 2.4ms
[2022-05-16T01:44:16.169+0000][1.619s] GC(4)   Post Evacuate Collection Set: 0.1ms
[2022-05-16T01:44:16.169+0000][1.619s] GC(4)   Other: 0.1ms
[2022-05-16T01:44:16.169+0000][1.619s] GC(4) Eden regions: 14->0(301)
[2022-05-16T01:44:16.169+0000][1.619s] GC(4) Survivor regions: 7->6(39)
[2022-05-16T01:44:16.169+0000][1.619s] GC(4) Old regions: 14->14
[2022-05-16T01:44:16.169+0000][1.619s] GC(4) Humongous regions: 4->4
[2022-05-16T01:44:16.169+0000][1.619s] GC(4) Metaspace: 20338K->20338K(1067008K)
[2022-05-16T01:44:16.169+0000][1.619s] GC(4) Pause Young (Concurrent Start) (Metadata GC Threshold) 35M->22M(512M) 2.825ms
[2022-05-16T01:44:16.169+0000][1.619s] GC(4) User=0.01s Sys=0.00s Real=0.00s
[2022-05-16T01:44:16.169+0000][1.619s] GC(5) Concurrent Cycle
[2022-05-16T01:44:16.169+0000][1.619s] GC(5) Concurrent Clear Claimed Marks
[2022-05-16T01:44:16.169+0000][1.619s] GC(5) Concurrent Clear Claimed Marks 0.041ms
[2022-05-16T01:44:16.169+0000][1.619s] GC(5) Concurrent Scan Root Regions
[2022-05-16T01:44:16.171+0000][1.621s] GC(5) Concurrent Scan Root Regions 2.094ms
[2022-05-16T01:44:16.171+0000][1.621s] GC(5) Concurrent Mark (1.621s)
[2022-05-16T01:44:16.171+0000][1.621s] GC(5) Concurrent Mark From Roots
[2022-05-16T01:44:16.171+0000][1.621s] GC(5) Using 1 workers of 1 for marking
[2022-05-16T01:44:16.191+0000][1.640s] GC(5) Concurrent Mark From Roots 19.048ms
[2022-05-16T01:44:16.191+0000][1.640s] GC(5) Concurrent Preclean
[2022-05-16T01:44:16.191+0000][1.640s] GC(5) Concurrent Preclean 0.082ms
[2022-05-16T01:44:16.191+0000][1.640s] GC(5) Concurrent Mark (1.621s, 1.640s) 19.183ms
[2022-05-16T01:44:16.191+0000][1.641s] GC(5) Pause Remark
[2022-05-16T01:44:16.194+0000][1.644s] GC(5) Cleaned string and symbol table, strings: 9759 processed, 21 removed, symbols: 59888 processed, 36 removed
[2022-05-16T01:44:16.194+0000][1.644s] GC(5) Pause Remark 27M->27M(512M) 3.040ms
[2022-05-16T01:44:16.194+0000][1.644s] GC(5) User=0.00s Sys=0.00s Real=0.00s
[2022-05-16T01:44:16.194+0000][1.644s] GC(5) Concurrent Rebuild Remembered Sets
[2022-05-16T01:44:16.204+0000][1.654s] GC(5) Concurrent Rebuild Remembered Sets 9.771ms
[2022-05-16T01:44:16.204+0000][1.654s] GC(5) Pause Cleanup
[2022-05-16T01:44:16.205+0000][1.654s] GC(5) Pause Cleanup 30M->30M(512M) 0.089ms
[2022-05-16T01:44:16.205+0000][1.654s] GC(5) User=0.00s Sys=0.00s Real=0.00s
[2022-05-16T01:44:16.205+0000][1.654s] GC(5) Concurrent Cleanup for Next Mark
[2022-05-16T01:44:16.205+0000][1.654s] GC(5) Concurrent Cleanup for Next Mark 0.442ms
[2022-05-16T01:44:16.205+0000][1.654s] GC(5) Concurrent Cycle 35.800ms
[2022-05-16T01:44:18.086+0000][3.535s] GC(6) Pause Young (Concurrent Start) (Metadata GC Threshold)
[2022-05-16T01:44:18.086+0000][3.535s] GC(6) Using 4 workers of 4 for evacuation
[2022-05-16T01:44:18.101+0000][3.550s] GC(6)   Pre Evacuate Collection Set: 0.1ms
[2022-05-16T01:44:18.101+0000][3.550s] GC(6)   Evacuate Collection Set: 14.6ms
[2022-05-16T01:44:18.101+0000][3.550s] GC(6)   Post Evacuate Collection Set: 0.4ms
[2022-05-16T01:44:18.101+0000][3.550s] GC(6)   Other: 0.2ms
[2022-05-16T01:44:18.101+0000][3.550s] GC(6) Eden regions: 175->0(200)
[2022-05-16T01:44:18.101+0000][3.550s] GC(6) Survivor regions: 6->15(39)
[2022-05-16T01:44:18.101+0000][3.550s] GC(6) Old regions: 14->14
[2022-05-16T01:44:18.101+0000][3.550s] GC(6) Humongous regions: 4->4
[2022-05-16T01:44:18.101+0000][3.550s] GC(6) Metaspace: 35016K->35016K(1081344K)
[2022-05-16T01:44:18.101+0000][3.550s] GC(6) Pause Young (Concurrent Start) (Metadata GC Threshold) 197M->31M(512M) 15.345ms
[2022-05-16T01:44:18.101+0000][3.550s] GC(6) User=0.05s Sys=0.00s Real=0.02s
[2022-05-16T01:44:18.101+0000][3.550s] GC(7) Concurrent Cycle
[2022-05-16T01:44:18.101+0000][3.550s] GC(7) Concurrent Clear Claimed Marks
[2022-05-16T01:44:18.101+0000][3.551s] GC(7) Concurrent Clear Claimed Marks 0.069ms
[2022-05-16T01:44:18.101+0000][3.551s] GC(7) Concurrent Scan Root Regions
[2022-05-16T01:44:18.108+0000][3.558s] GC(7) Concurrent Scan Root Regions 7.406ms
[2022-05-16T01:44:18.109+0000][3.558s] GC(7) Concurrent Mark (3.558s)
[2022-05-16T01:44:18.109+0000][3.558s] GC(7) Concurrent Mark From Roots
[2022-05-16T01:44:18.109+0000][3.558s] GC(7) Using 1 workers of 1 for marking
[2022-05-16T01:44:18.135+0000][3.584s] GC(7) Concurrent Mark From Roots 26.103ms
[2022-05-16T01:44:18.135+0000][3.584s] GC(7) Concurrent Preclean
[2022-05-16T01:44:18.135+0000][3.584s] GC(7) Concurrent Preclean 0.071ms
[2022-05-16T01:44:18.135+0000][3.584s] GC(7) Concurrent Mark (3.558s, 3.584s) 26.231ms
[2022-05-16T01:44:18.135+0000][3.584s] GC(7) Pause Remark
[2022-05-16T01:44:18.142+0000][3.591s] GC(7) Cleaned string and symbol table, strings: 16531 processed, 0 removed, symbols: 101402 processed, 44 removed
[2022-05-16T01:44:18.142+0000][3.591s] GC(7) Pause Remark 37M->37M(512M) 6.982ms
[2022-05-16T01:44:18.142+0000][3.591s] GC(7) User=0.03s Sys=0.00s Real=0.01s
[2022-05-16T01:44:18.142+0000][3.591s] GC(7) Concurrent Rebuild Remembered Sets
[2022-05-16T01:44:18.161+0000][3.610s] GC(7) Concurrent Rebuild Remembered Sets 18.811ms
[2022-05-16T01:44:18.161+0000][3.610s] GC(7) Pause Cleanup
[2022-05-16T01:44:18.161+0000][3.610s] GC(7) Pause Cleanup 39M->39M(512M) 0.143ms
[2022-05-16T01:44:18.161+0000][3.610s] GC(7) User=0.00s Sys=0.00s Real=0.00s
[2022-05-16T01:44:18.161+0000][3.610s] GC(7) Concurrent Cleanup for Next Mark
[2022-05-16T01:44:18.169+0000][3.618s] GC(7) Concurrent Cleanup for Next Mark 8.001ms
[2022-05-16T01:44:18.169+0000][3.619s] GC(7) Concurrent Cycle 68.102ms
[2022-05-16T01:44:45.860+0000][31.309s] GC(8) Pause Young (Normal) (G1 Evacuation Pause)
[2022-05-16T01:44:45.860+0000][31.309s] GC(8) Using 4 workers of 4 for evacuation
[2022-05-16T01:44:45.895+0000][31.345s] GC(8)   Pre Evacuate Collection Set: 0.0ms
[2022-05-16T01:44:45.895+0000][31.345s] GC(8)   Evacuate Collection Set: 34.0ms
[2022-05-16T01:44:45.895+0000][31.345s] GC(8)   Post Evacuate Collection Set: 1.6ms
[2022-05-16T01:44:45.895+0000][31.345s] GC(8)   Other: 0.2ms
[2022-05-16T01:44:45.895+0000][31.345s] GC(8) Eden regions: 204->0(237)
[2022-05-16T01:44:45.895+0000][31.345s] GC(8) Survivor regions: 15->21(28)
[2022-05-16T01:44:45.895+0000][31.345s] GC(8) Old regions: 14->17
[2022-05-16T01:44:45.895+0000][31.345s] GC(8) Humongous regions: 5->4
[2022-05-16T01:44:45.895+0000][31.345s] GC(8) Metaspace: 44156K->44156K(1089536K)
[2022-05-16T01:44:45.895+0000][31.345s] GC(8) Pause Young (Normal) (G1 Evacuation Pause) 236M->39M(512M) 35.900ms
[2022-05-16T01:44:45.895+0000][31.345s] GC(8) User=0.08s Sys=0.01s Real=0.03s
[2022-05-16T01:45:44.175+0000][89.624s] Heap
[2022-05-16T01:45:44.175+0000][89.624s]  garbage-first heap   total 524288K, used 116081K [0x00000000e0000000, 0x0000000100000000)
[2022-05-16T01:45:44.175+0000][89.624s]   region size 1024K, 97 young (99328K), 21 survivors (21504K)
[2022-05-16T01:45:44.175+0000][89.624s]  Metaspace       used 47886K, capacity 49498K, committed 49708K, reserved 1093632K
[2022-05-16T01:45:44.175+0000][89.624s]   class space    used 5598K, capacity 6265K, committed 6272K, reserved 1048576K
